   Compiling lilscript v0.1.0 (/home/azureuser/lilscript)
warning: unused import: `with_analyzed_modules`
  --> src/check.rs:38:26
   |
38 | pub(crate) use modules::{with_analyzed_modules, with_analyzed_modules_with_contract};
   |                          ^^^^^^^^^^^^^^^^^^^^^
   |
   = note: `#[warn(unused_imports)]` (part of `#[warn(unused)]`) on by default

warning: variable does not need to be mutable
   --> src/check/modules.rs:576:21
    |
576 |                 let mut ty = analyzer.resolve_value_type(decl.ty, "module binding")?;
    |                     ----^^
    |                     |
    |                     help: remove this `mut`
    |
    = note: `#[warn(unused_mut)]` (part of `#[warn(unused)]`) on by default

warning: unused variable: `span`
    --> src/check.rs:5361:63
     |
5361 |                 kind: ExprKind::ArrowFunction { params, body, span },
     |                                                               ^^^^ help: try ignoring the field: `span: _`
     |
     = note: `#[warn(unused_variables)]` (part of `#[warn(unused)]`) on by default

warning: unreachable pattern
    --> src/program/from_source.rs:4358:13
     |
4358 |             _ => return self.unsupported(statement.span(), "statement conversion"),
     |             ^ no value can reach this
     |
note: multiple earlier patterns match some of the same values
    --> src/program/from_source.rs:4358:13
     |
4089 | /             Stmt::ArrayDestructure {
4090 | |                 bindings, value, ..
4091 | |             } => self.array_destructure(unit, region, bindings, value)?,
     | |_____________- matches some of the same values
4092 | /             Stmt::RecordDestructure {
4093 | |                 bindings,
4094 | |                 rest,
4095 | |                 value,
4096 | |                 span,
4097 | |                 ..
4098 | |             } => self.record_destructure(unit, region, bindings, *rest, value, *span)?,
     | |_____________- matches some of the same values
4099 |               Stmt::VarDecl(declaration, ..) => {
     |               ------------------------------ matches some of the same values
...
4127 |               Stmt::Expr(expr, ..) => {
     |               -------------------- matches some of the same values
...
4358 |               _ => return self.unsupported(statement.span(), "statement conversion"),
     |               ^ ...and 15 other patterns collectively make this unreachable
     = note: `#[warn(unreachable_patterns)]` (part of `#[warn(unused)]`) on by default

warning: unused variable: `program`
   --> src/program/javascript_public_structs.rs:714:13
    |
714 |         let program = self.program;
    |             ^^^^^^^ help: if this is intentional, prefix it with an underscore: `_program`

warning: unreachable pattern
   --> src/program/native_plan.rs:839:13
    |
839 |             _ => {
    |             ^ no value can reach this
    |
note: multiple earlier patterns match some of the same values
   --> src/program/native_plan.rs:839:13
    |
629 |             Place::Cell(cell) => PlacePlan {
    |             ----------------- matches some of the same values
...
635 |             Place::Value(value) => PlacePlan {
    |             ------------------- matches some of the same values
...
733 |             Place::Index { receiver, key } => {
    |             ------------------------------ matches some of the same values
...
757 |             Place::Member { .. } => {
    |             -------------------- matches some of the same values
...
839 |             _ => {
    |             ^ ...and 2 other patterns collectively make this unreachable

warning: variable does not need to be mutable
   --> src/program/verify.rs:556:17
    |
556 |             let mut name_work = 1;
    |                 ----^^^^^^^^^
    |                 |
    |                 help: remove this `mut`

warning: method `with_items` is never used
  --> src/ast.rs:75:19
   |
66 | impl<'ast, 'src> Program<'ast, 'src> {
   | ------------------------------------ method in this implementation
...
75 |     pub(crate) fn with_items(self, nodes: &SourceNodes, items: &'ast [Item<'ast, 'src>]) -> Self {
   |                   ^^^^^^^^^^
   |
   = note: `#[warn(dead_code)]` (part of `#[warn(unused)]`) on by default

warning: associated function `continuing` is never used
   --> src/ast.rs:649:19
    |
648 | impl SourceNodes {
    | ---------------- associated function in this implementation
649 |     pub(crate) fn continuing(source: &SourceIdentity) -> Self {
    |                   ^^^^^^^^^^

warning: multiple methods are never used
    --> src/check.rs:1728:19
     |
1634 | impl<'ast, 'src> CheckedModule<'ast, 'src> {
     | ------------------------------------------ methods in this implementation
...
1728 |     pub(crate) fn dynamic_operation(&self, id: SourceNodeId) -> Option<BuiltinCall> {
     |                   ^^^^^^^^^^^^^^^^^
...
1732 |     pub(crate) fn resolved_operator(&self, node: SourceNodeId) -> Option<ResolvedOperator> {
     |                   ^^^^^^^^^^^^^^^^^
...
1736 |     pub(crate) fn resolved_intrinsic(
     |                   ^^^^^^^^^^^^^^^^^^
...
1747 |     pub(crate) fn symbol_is_reassigned(&self, symbol: SymbolId) -> bool {
     |                   ^^^^^^^^^^^^^^^^^^^^
...
1751 |     pub(crate) fn symbol_is_observable_before_initialization(&self, symbol: SymbolId) -> bool {
     |                   ^^^^^^^^^^^^^^^^^^^^^^^^^^^^^^^^^^^^^^^^^^
...
1760 |     pub(crate) fn type_check_type(&self, node: SourceNodeId) -> Option<&Type<'src>> {
     |                   ^^^^^^^^^^^^^^^
...
1764 |     pub(crate) fn optional_present_type(&self, node: SourceNodeId) -> Option<&Type<'src>> {
     |                   ^^^^^^^^^^^^^^^^^^^^^
...
1832 |     pub(crate) fn base_class(&self, class: NominalId) -> Option<NominalId> {
     |                   ^^^^^^^^^^
...
1836 |     pub(crate) fn base_constructor(
     |                   ^^^^^^^^^^^^^^^^
...
1855 |     pub(crate) fn dynamic_import_module(&self, node: SourceNodeId) -> Option<u32> {
     |                   ^^^^^^^^^^^^^^^^^^^^^
...
1859 |     pub(crate) fn dynamic_export_used(&self, module: u32, name: &str) -> bool {
     |                   ^^^^^^^^^^^^^^^^^^^

warning: methods `base_constructor` and `dynamic_export_used` are never used
    --> src/check.rs:2146:19
     |
1864 | impl<'view, 'ast, 'src> CheckedView<'view, 'ast, 'src> {
     | ------------------------------------------------------ methods in this implementation
...
2146 |     pub(crate) fn base_constructor(
     |                   ^^^^^^^^^^^^^^^^
...
2179 |     pub(crate) fn dynamic_export_used(&self, module: u32, name: &str) -> bool {
     |                   ^^^^^^^^^^^^^^^^^^^

warning: function `with_analyzed_source` is never used
    --> src/check.rs:2205:15
     |
2205 | pub(crate) fn with_analyzed_source<'ast, 'src, R>(
     |               ^^^^^^^^^^^^^^^^^^^^

warning: function `expected_array_element` is never used
     --> src/check.rs:10015:4
      |
10015 | fn expected_array_element<'ty, 'src>(ty: &'ty Type<'src>) -> Option<&'ty Type<'src>> {
      |    ^^^^^^^^^^^^^^^^^^^^^^

warning: function `crosses_by_conversion` is never used
     --> src/check.rs:10752:4
      |
10752 | fn crosses_by_conversion(ty: &Type<'_>) -> bool {
      |    ^^^^^^^^^^^^^^^^^^^^^

warning: function `equality_comparable` is never used
     --> src/check.rs:10952:4
      |
10952 | fn equality_comparable(lhs: &Type<'_>, rhs: &Type<'_>) -> bool {
      |    ^^^^^^^^^^^^^^^^^^^

warning: function `equality_comparable_plain` is never used
   --> src/check/binary_types.rs:427:15
    |
427 | pub(super) fn equality_comparable_plain(lhs: &Type<'_>, rhs: &Type<'_>) -> bool {
    |               ^^^^^^^^^^^^^^^^^^^^^^^^^

warning: function `with_analyzed_modules` is never used
   --> src/check/modules.rs:164:15
    |
164 | pub(crate) fn with_analyzed_modules<'ast, 'src, S, R>(
    |               ^^^^^^^^^^^^^^^^^^^^^

warning: variant `Default` is never constructed
  --> src/check/type_payload.rs:12:5
   |
10 | pub(crate) enum Payload<'a, 'src> {
   |                 ------- variant in this enum
11 |     Type(&'a Type<'src>),
12 |     Default(&'a DefaultValue<'src>),
   |     ^^^^^^^
   |
   = note: `Payload` has derived impls for the traits `Debug` and `Clone`, but these are intentionally ignored during dead code analysis

warning: fields `mode`, `expected`, and `actual` are never read
  --> src/check/type_relation.rs:27:9
   |
26 |     Visit {
   |     ----- fields in this variant
27 |         mode: RelationMode,
   |         ^^^^
28 |         expected: &'a Type<'src>,
   |         ^^^^^^^^
29 |         actual: &'a Type<'src>,
   |         ^^^^^^
   |
   = note: `RelationEvent` has derived impls for the traits `Debug` and `Clone`, but these are intentionally ignored during dead code analysis

warning: methods `expression` and `single` are never used
   --> src/host_modules.rs:107:12
    |
 71 | impl HostDelivery {
    | ----------------- methods in this implementation
...
107 |     pub fn expression(&self, strict: bool) -> String {
    |            ^^^^^^^^^^
...
183 |     pub fn single(&self, strict: bool) -> Option<String> {
    |            ^^^^^^

warning: method `insert_statement` is never used
    --> src/js/mod.rs:1262:19
     |
1171 | impl Module {
     | ----------- method in this implementation
...
1262 |     pub(crate) fn insert_statement(
     |                   ^^^^^^^^^^^^^^^^

warning: method `render_admitted` is never used
   --> src/js/extract.rs:227:19
    |
 71 | impl<'a> Output<'a> {
    | ------------------- method in this implementation
...
227 |     pub(crate) fn render_admitted<Owner: Eq>(
    |                   ^^^^^^^^^^^^^^^

warning: method `prepare_output_admitted` is never used
   --> src/js/extract.rs:476:19
    |
431 | impl Module {
    | ----------- method in this implementation
...
476 |     pub(crate) fn prepare_output_admitted<'a>(
    |                   ^^^^^^^^^^^^^^^^^^^^^^^

warning: method `progress` is never used
   --> src/js/rules.rs:132:8
    |
 84 | impl Rule {
    | --------- method in this implementation
...
132 |     fn progress(self) -> Progress {
    |        ^^^^^^^^

warning: enum `Progress` is never used
   --> src/js/rules.rs:175:6
    |
175 | enum Progress {
    |      ^^^^^^^^

warning: method `measured` is never used
   --> src/js/rules.rs:189:8
    |
188 | impl Progress {
    | ------------- method in this implementation
189 |     fn measured(self) -> bool {
    |        ^^^^^^^^

warning: method `compress_statements` is never used
  --> src/js/statements.rs:53:19
   |
49 | impl Module {
   | ----------- method in this implementation
...
53 |     pub(crate) fn compress_statements(
   |                   ^^^^^^^^^^^^^^^^^^^

warning: function `verify_edition` is never used
  --> src/js/verify.rs:23:15
   |
23 | pub(super) fn verify_edition(
   |               ^^^^^^^^^^^^^^

warning: function `static_evaluation_order` is never used
  --> src/module.rs:32:15
   |
32 | pub(crate) fn static_evaluation_order<I: IntoIterator<Item = usize>>(
   |               ^^^^^^^^^^^^^^^^^^^^^^^

warning: struct `SourceBufferCharge` is never constructed
   --> src/module.rs:271:19
    |
271 | pub(crate) struct SourceBufferCharge(RetainedCharge<()>);
    |                   ^^^^^^^^^^^^^^^^^^

warning: methods `bytes` and `release` are never used
   --> src/module.rs:274:19
    |
273 | impl SourceBufferCharge {
    | ----------------------- methods in this implementation
274 |     pub(crate) fn bytes(&self) -> u64 {
    |                   ^^^^^
...
278 |     pub(crate) fn release(self, ledger: &mut BudgetLedger) -> Result<(), (Self, AllocationError)> {
    |                   ^^^^^^^

warning: function `discover_modules_configured_admitted` is never used
   --> src/module.rs:312:15
    |
312 | pub(crate) fn discover_modules_configured_admitted(
    |               ^^^^^^^^^^^^^^^^^^^^^^^^^^^^^^^^^^^^

warning: type alias `BudgetSession` is never used
  --> src/output_budget.rs:63:17
   |
63 | pub(crate) type BudgetSession<'a> = AllocationBudget<'a>;
   |                 ^^^^^^^^^^^^^

warning: struct `AdmittedSourcesError` is never constructed
  --> src/parser_admission.rs:66:19
   |
66 | pub(crate) struct AdmittedSourcesError {
   |                   ^^^^^^^^^^^^^^^^^^^^

warning: methods `parse_many` and `allocated_bytes` are never used
   --> src/parser_admission.rs:139:19
    |
109 | impl<'ledger> AdmittedArena<'ledger> {
    | ------------------------------------ methods in this implementation
...
139 |     pub(crate) fn parse_many<'arena, 'src>(
    |                   ^^^^^^^^^^
...
177 |     pub(crate) fn allocated_bytes(&self) -> usize {
    |                   ^^^^^^^^^^^^^^^

warning: method `extend` is never used
   --> src/parser_admission.rs:362:19
    |
320 | impl<'arena, T> ArenaVec<'arena, T> {
    | ----------------------------------- method in this implementation
...
362 |     pub(super) fn extend(
    |                   ^^^^^^

warning: method `matches` is never used
   --> src/primitive.rs:400:12
    |
366 | impl IntrinsicCallContract {
    | -------------------------- method in this implementation
...
400 |     pub fn matches(&self, ty: &crate::check::Type<'_>) -> bool {
    |            ^^^^^^^

warning: field `identity` is never read
  --> src/program/aggregates.rs:71:9
   |
67 | pub(super) struct AllocationFacts {
   |                   --------------- field in this struct
...
71 |     pub identity: AllocationId,
   |         ^^^^^^^^
   |
   = note: `AllocationFacts` has derived impls for the traits `Debug` and `Clone`, but these are intentionally ignored during dead code analysis

warning: method `valid_for` is never used
  --> src/program/callable_inputs.rs:84:19
   |
72 | impl Dependencies {
   | ----------------- method in this implementation
...
84 |     pub(super) fn valid_for<A: Admission>(
   |                   ^^^^^^^^^

warning: associated functions `for_cell`, `for_producer`, and `for_body` are never used
   --> src/program/callable_inputs.rs:182:19
    |
159 | impl CallableInputs {
    | ------------------- associated functions in this implementation
...
182 |     pub(super) fn for_cell<A: Admission>(
    |                   ^^^^^^^^
...
207 |     pub(super) fn for_producer<A: Admission>(
    |                   ^^^^^^^^^^^^
...
237 |     pub(super) fn for_body<A: Admission>(
    |                   ^^^^^^^^

warning: function `coherent` is never used
   --> src/program/callable_inputs.rs:574:4
    |
574 | fn coherent<A: Admission>(
    |    ^^^^^^^^

warning: field `cells` is never read
  --> src/program/classes.rs:40:5
   |
37 | pub(crate) struct ProgramClasses {
   |                   -------------- field in this struct
...
40 |     cells: Vec<Class>,
   |     ^^^^^
   |
   = note: `ProgramClasses` has a derived impl for the trait `Debug`, but this is intentionally ignored during dead code analysis

warning: method `cell` is never used
  --> src/program/classes.rs:50:19
   |
43 | impl ProgramClasses {
   | ------------------- method in this implementation
...
50 |     pub(crate) fn cell(&self, cell: CellId) -> Class {
   |                   ^^^^

warning: fields `steps`, `contexts`, `peak_bytes`, and `retained_bytes` are never read
   --> src/program/demand.rs:133:9
    |
132 | pub(super) struct DemandWork {
    |                   ---------- fields in this struct
133 |     pub steps: u64,
    |         ^^^^^
134 |     pub contexts: usize,
    |         ^^^^^^^^
135 |     pub peak_bytes: u64,
    |         ^^^^^^^^^^
136 |     pub retained_bytes: u64,
    |         ^^^^^^^^^^^^^^
    |
    = note: `DemandWork` has derived impls for the traits `Clone` and `Debug`, but these are intentionally ignored during dead code analysis

warning: methods `needs_production`, `call_envelope`, `needs_shared_string`, and `work` are never used
   --> src/program/demand.rs:555:19
    |
319 | impl<'program, 'src> DemandPlan<'program, 'src> {
    | ----------------------------------------------- methods in this implementation
...
555 |     pub(super) fn needs_production(&self, id: ContextId, op: OpId) -> bool {
    |                   ^^^^^^^^^^^^^^^^
...
766 |     pub(super) fn call_envelope(&self, context: ContextId, operation: OpId) -> Option<OpId> {
    |                   ^^^^^^^^^^^^^
...
818 |     pub(super) fn needs_shared_string(&self, id: ContextId, family: usize) -> bool {
    |                   ^^^^^^^^^^^^^^^^^^^
...
862 |     pub(super) fn work(&self) -> DemandWork {
    |                   ^^^^

warning: struct `SourceRecipes` is never constructed
  --> src/program/facts_domains.rs:41:31
   |
41 | pub(in crate::program) struct SourceRecipes;
   |                               ^^^^^^^^^^^^^

warning: field `tables` is never read
  --> src/program/facts_domains.rs:92:5
   |
91 | pub(in crate::program) struct Dependencies {
   |                               ------------ field in this struct
92 |     tables: RevisionId,
   |     ^^^^^^
   |
   = note: `Dependencies` has a derived impl for the trait `Debug`, but this is intentionally ignored during dead code analysis

warning: method `valid_for` is never used
   --> src/program/facts_domains.rs:107:31
    |
 97 | impl Dependencies {
    | ----------------- method in this implementation
...
107 |     pub(in crate::program) fn valid_for<A: Admission>(
    |                               ^^^^^^^^^

warning: function `from_checked_source_admitted` is never used
   --> src/program/from_source.rs:177:15
    |
177 | pub(crate) fn from_checked_source_admitted<'ast, 'src>(
    |               ^^^^^^^^^^^^^^^^^^^^^^^^^^^^

warning: function `from_checked_modules_admitted` is never used
   --> src/program/from_source.rs:210:15
    |
210 | pub(crate) fn from_checked_modules_admitted<'ast, 'src>(
    |               ^^^^^^^^^^^^^^^^^^^^^^^^^^^^^

warning: field `name` is never read
   --> src/program/from_source.rs:852:5
    |
848 | struct ClassMethod<'src> {
    |        ----------- field in this struct
...
852 |     name: Option<&'src str>,
    |     ^^^^
    |
    = note: `ClassMethod` has a derived impl for the trait `Clone`, but this is intentionally ignored during dead code analysis

warning: method `retained_bytes` is never used
  --> src/program/function_layout.rs:67:19
   |
41 | impl FunctionLayout {
   | ------------------- method in this implementation
...
67 |     pub(super) fn retained_bytes(&self) -> u64 {
   |                   ^^^^^^^^^^^^^^

warning: function `analyze` is never used
  --> src/program/function_layout.rs:76:15
   |
76 | pub(super) fn analyze(
   |               ^^^^^^^

warning: method `valid_for` is never used
  --> src/program/helper_family.rs:64:19
   |
54 | impl HelperDependencies {
   | ----------------------- method in this implementation
...
64 |     pub(super) fn valid_for(&self, program: &Program<'_>, uses: &UseIndex) -> bool {
   |                   ^^^^^^^^^

warning: methods `environments`, `captures`, `body_effects`, and `retained_bytes` are never used
   --> src/program/helper_family.rs:141:19
    |
122 | impl HelperFamily {
    | ----------------- methods in this implementation
...
141 |     pub(super) fn environments(&self) -> &[HelperEnvironment] {
    |                   ^^^^^^^^^^^^
...
144 |     pub(super) fn captures(&self) -> &[CellId] {
    |                   ^^^^^^^^
...
150 |     pub(super) fn body_effects(&self) -> EvaluationBehavior {
    |                   ^^^^^^^^^^^^
...
172 |     pub(super) fn retained_bytes(&self) -> u64 {
    |                   ^^^^^^^^^^^^^^

warning: method `retained_bytes` is never used
   --> src/program/implementation_identity.rs:315:19
    |
 68 | impl ImplementationIdentity {
    | --------------------------- method in this implementation
...
315 |     pub(super) fn retained_bytes(&self) -> u64 {
    |                   ^^^^^^^^^^^^^^

warning: method `retained_bytes` is never used
   --> src/program/shared_implementation_identity.rs:200:31
    |
 24 | impl SharedImplementationIdentity {
    | --------------------------------- method in this implementation
...
200 |     pub(in crate::program) fn retained_bytes(&self) -> u64 {
    |                               ^^^^^^^^^^^^^^

warning: function `lower_with_implementations` is never used
   --> src/program/javascript.rs:349:15
    |
349 | pub(super) fn lower_with_implementations(
    |               ^^^^^^^^^^^^^^^^^^^^^^^^^^

warning: function `lower_admitted` is never used
   --> src/program/javascript.rs:370:15
    |
370 | pub(super) fn lower_admitted(
    |               ^^^^^^^^^^^^^^

warning: function `initialization_order` is never used
 --> src/program/module_contract.rs:7:15
  |
7 | pub(super) fn initialization_order(
  |               ^^^^^^^^^^^^^^^^^^^^

warning: associated function `build` is never used
    --> src/program/native_plan.rs:1053:19
     |
1050 | impl<'program, 'src> NativePlan<'program, 'src> {
     | ----------------------------------------------- associated function in this implementation
...
1053 |     pub(super) fn build(
     |                   ^^^^^

warning: method `valid_for` is never used
   --> src/program/product_family.rs:128:19
    |
112 | impl ProductDependencies {
    | ------------------------ method in this implementation
...
128 |     pub(super) fn valid_for(&self, program: &Program<'_>, uses: &UseIndex) -> bool {
    |                   ^^^^^^^^^

warning: method `access` is never used
   --> src/program/product_family.rs:182:19
    |
162 | impl ProductFamily {
    | ------------------ method in this implementation
...
182 |     pub(super) fn access(&self, operation: OpRef) -> Option<&ProductAccess> {
    |                   ^^^^^^

warning: function `analyze` is never used
   --> src/program/product_family.rs:394:15
    |
394 | pub(super) fn analyze(
    |               ^^^^^^^

warning: function `program_retained_bytes` is never used
   --> src/program/publication.rs:596:15
    |
596 | pub(crate) fn program_retained_bytes(
    |               ^^^^^^^^^^^^^^^^^^^^^^

warning: methods `with_implementations` and `with_semantic` are never used
    --> src/program/publication.rs:1872:19
     |
1407 | impl<'src> Compilation<'src> {
     | ---------------------------- methods in this implementation
...
1872 |     pub(super) fn with_implementations<R>(
     |                   ^^^^^^^^^^^^^^^^^^^^
...
3046 |     pub(super) fn with_semantic<R>(
     |                   ^^^^^^^^^^^^^

warning: function `share_program` is never used
    --> src/program/publication.rs:3458:4
     |
3458 | fn share_program<'src>(program: &Program<'src>) -> Program<'src> {
     |    ^^^^^^^^^^^^^

warning: methods `reserve` and `release` are never used
    --> src/program/publication.rs:3556:8
     |
3548 | impl<'a> Workspace<'a> {
     | ---------------------- methods in this implementation
...
3556 |     fn reserve(&mut self, bytes: u64) -> Result<(), PublicationError> {
     |        ^^^^^^^
...
3565 |     fn release(&mut self, bytes: u64) -> Result<(), PublicationError> {
     |        ^^^^^^^

warning: field `bytes` is never read
    --> src/program/publication.rs:3583:5
     |
3582 | struct PatchPlan {
     |        --------- field in this struct
3583 |     bytes: u64,
     |     ^^^^^

warning: method `valid_for` is never used
  --> src/program/record_family.rs:62:19
   |
59 | impl FamilyDependencies {
   | ----------------------- method in this implementation
...
62 |     pub(super) fn valid_for(&self, program: &Program<'_>, uses: &UseIndex) -> bool {
   |                   ^^^^^^^^^

warning: fields `activation` and `captures` are never read
  --> src/program/record_family.rs:92:5
   |
88 | pub(super) struct RecordFamily {
   |                   ------------ fields in this struct
...
92 |     activation: Activation,
   |     ^^^^^^^^^^
...
96 |     captures: Vec<UnitId>,
   |     ^^^^^^^^
   |
   = note: `RecordFamily` has a derived impl for the trait `Debug`, but this is intentionally ignored during dead code analysis

warning: methods `activation` and `captures` are never used
   --> src/program/record_family.rs:110:19
    |
100 | impl RecordFamily {
    | ----------------- methods in this implementation
...
110 |     pub(super) fn activation(&self) -> Activation {
    |                   ^^^^^^^^^^
...
122 |     pub(super) fn captures(&self) -> &[UnitId] {
    |                   ^^^^^^^^

warning: function `optimize` is never used
   --> src/program/rules/mod.rs:258:15
    |
258 | pub(crate) fn optimize<'src>(
    |               ^^^^^^^^

warning: field `needs_facts` is never read
  --> src/program/search_opportunities.rs:70:5
   |
66 | pub(super) struct Inventory {
   |                   --------- field in this struct
...
70 |     needs_facts: bool,
   |     ^^^^^^^^^^^
   |
   = note: `Inventory` has a derived impl for the trait `Debug`, but this is intentionally ignored during dead code analysis

warning: method `needs_facts` is never used
   --> src/program/search_opportunities.rs:257:19
    |
 74 | impl Inventory {
    | -------------- method in this implementation
...
257 |     pub(super) fn needs_facts(&self) -> bool {
    |                   ^^^^^^^^^^^

warning: method `valid_for` is never used
  --> src/program/string_family.rs:40:19
   |
39 | impl FamilyDependencies {
   | ----------------------- method in this implementation
40 |     pub(super) fn valid_for(&self, program: &Program<'_>, _uses: &UseIndex) -> bool {
   |                   ^^^^^^^^^

warning: methods `operations` and `retained_bytes` are never used
  --> src/program/string_family.rs:79:19
   |
70 | impl StringFamily {
   | ----------------- methods in this implementation
...
79 |     pub(super) fn operations(&self) -> &[OpId] {
   |                   ^^^^^^^^^^
...
99 |     pub(super) fn retained_bytes(&self) -> u64 {
   |                   ^^^^^^^^^^^^^^

warning: method `prepare_replacements` is never used
   --> src/program/uses_update.rs:200:31
    |
125 | impl UseIndex {
    | ------------- method in this implementation
...
200 |     pub(in crate::program) fn prepare_replacements(
    |                               ^^^^^^^^^^^^^^^^^^^^

warning: function `plan` is never used
   --> src/program/value_placement.rs:172:15
    |
172 | pub(super) fn plan(
    |               ^^^^

warning: function `verify_replacements` is never used
   --> src/program/verify.rs:261:15
    |
261 | pub(super) fn verify_replacements(
    |               ^^^^^^^^^^^^^^^^^^^

warning: `lilscript` (lib) generated 80 warnings (run `cargo fix --lib -p lilscript` to apply 5 suggestions)
    Finished `release` profile [optimized] target(s) in 1m 08s
