{
  "artifacts": [
    {
      "sha256": "58fb64f73d81677da9c7e2007d9a51b4b2b66882ef94e52eb4bda0ea5ef7ca46",
      "raw": 49,
      "gzip9": null,
      "brotli11": 53,
      "details": {
        "recipe_words": [
          3,
          0,
          1,
          0,
          1,
          0,
          0,
          0
        ],
        "recipe_fingerprint": 16826669570303854662,
        "semantic": {
          "snapshot_identity": "RevisionId(13)",
          "meaning_identity": "RevisionId(14)",
          "identity_scope": "process-local diagnostics, not canonical recipe identity",
          "rewrite_order": "newest-first",
          "rewrites": []
        },
        "resource": "whole",
        "execution": "Script",
        "style": "Global",
        "source_names": [],
        "output": {
          "dead_code_elimination": true,
          "target_compaction": true,
          "literals": "Original"
        },
        "sizes": [
          49,
          null,
          53
        ],
        "policy_fingerprint": [
          55,
          232,
          45,
          100,
          217,
          202,
          215,
          70,
          209,
          235,
          80,
          88,
          69,
          246,
          146,
          151,
          108,
          221,
          197,
          10,
          32,
          107,
          205,
          255,
          51,
          238,
          196,
          97,
          38,
          194,
          201,
          128
        ]
      }
    }
  ],
  "winners": [
    null,
    null,
    0
  ],
  "native_sha256": "b5fd3b4ed1e605d01ffe8f59c43a51313096e5ed5f3fae67894da3b039fd7d74",
  "native_delivery": {
    "c_bytes": 3686,
    "header_bytes": 0,
    "scope": "C and host-header delivery, not linked executable bytes",
    "semantic": {
      "snapshot_identity": "RevisionId(13)",
      "meaning_identity": "RevisionId(14)",
      "identity_scope": "process-local diagnostics, not canonical recipe identity",
      "rewrite_order": "newest-first",
      "rewrites": []
    }
  },
  "first_artifact_ns": 2810149,
  "search": {
    "request": {
      "objectives": [
        "Brotli"
      ],
      "scalar": {
        "work": 2000000,
        "scratch_bytes": 4000000,
        "output_bytes": 2000000
      },
      "helper": {
        "work": 2000000,
        "scratch_bytes": 4000000,
        "output_bytes": 2000000
      },
      "string": {
        "work": 2000000,
        "scratch_bytes": 4000000,
        "output_bytes": 2000000
      },
      "local_facts": {
        "work": 1000000,
        "result_bytes": 512000
      },
      "facts_cache": {
        "entries": 128,
        "bytes": 16000000,
        "result_bytes": 512000
      }
    },
    "proposals": 5,
    "structures": 2,
    "renders": 6,
    "codec_probes": 4,
    "proof_queries": 1,
    "beam_evictions": 0,
    "admitted_artifacts": 6,
    "stop": null
  },
  "schema": 1,
  "backend": "semantic",
  "source_sha256": "e43ef283a348376ea6713231176bb2684be99d262e45af5a26b1a648896aeb9e",
  "request": {
    "target": "All",
    "preserve_root_exports": false,
    "logical_work": 200000000,
    "retained_bytes": 256000000,
    "effective_logical_work": 200000000,
    "effective_retained_bytes": 256000000
  },
  "inputs": {
    "root": 0,
    "modules": [
      {
        "path": "/home/azureuser/lilscript/benchmarks/migration-results/2026-09-19-artifact-service/run-2026-09-19T16-13-23.731Z/portable.lil",
        "bytes": 55,
        "sha256": "bc615024aed3879f11ffb34d84cefd726bc47eaf181cb59671d9ce8f233d2349",
        "dependencies": [],
        "dynamic_dependencies": []
      }
    ]
  },
  "shape": {
    "modules": 1,
    "units": 2,
    "operations": 12,
    "cells": 2
  },
  "javascript_policy": {
    "schema": 2,
    "algorithm": 1,
    "contract": {
      "target": "javascript",
      "world": "ClosedApplication",
      "execution": "Script",
      "ecmascript": "es2022",
      "preserve_root_exports": false,
      "public_aggregate_abi": "Named",
      "preserve_extern_fields": true,
      "internal_exports_may_mangle": false,
      "public_function_spelling": "None",
      "pristine_builtins": false,
      "pure_property_reads": false,
      "strip_console": false,
      "preserved_properties": [],
      "owned_properties": "UnderscoreSuffix",
      "bundle_mode": "Single"
    },
    "objective": {
      "codec": "Brotli",
      "priority": "SizeFirst",
      "realistic_performance_limit_percent": 25,
      "optional_alternatives": 24,
      "optional_codec_probes": 48,
      "cleanup_finalists": 1,
      "retained_candidates": 384,
      "retained_candidate_bytes": 786432,
      "beam_width": 10,
      "search": {
        "version": 12,
        "codec_schedule": "staged",
        "render_batch": 8,
        "diversity_interval": 4
      }
    },
    "effort": 13,
    "tactics": [
      {
        "id": "dead-code-elimination",
        "state": {
          "permission": "auto",
          "enabled": true
        }
      },
      {
        "id": "constant-folding",
        "state": {
          "permission": "auto",
          "enabled": true
        }
      },
      {
        "id": "inlining",
        "state": {
          "permission": "auto",
          "enabled": true
        }
      },
      {
        "id": "scalar-replacement",
        "state": {
          "permission": "auto",
          "enabled": true
        }
      },
      {
        "id": "call-specialization",
        "state": {
          "permission": "auto",
          "enabled": true
        }
      },
      {
        "id": "helper-sharing",
        "state": {
          "permission": "auto",
          "enabled": true
        }
      },
      {
        "id": "target-compaction",
        "state": {
          "permission": "auto",
          "enabled": true
        }
      },
      {
        "id": "identifier-mangling",
        "state": {
          "permission": "auto",
          "enabled": true
        }
      },
      {
        "id": "property-mangling",
        "state": {
          "permission": "auto",
          "enabled": true
        }
      },
      {
        "id": "string-pooling",
        "state": {
          "permission": "auto",
          "enabled": true
        }
      },
      {
        "id": "string-array-packing",
        "state": {
          "permission": "auto",
          "enabled": true
        }
      },
      {
        "id": "startup-reconstruction",
        "state": {
          "permission": "auto",
          "enabled": false
        }
      },
      {
        "id": "recurring-reconstruction",
        "state": {
          "permission": "auto",
          "enabled": false
        }
      },
      {
        "id": "naming-search",
        "state": {
          "permission": "auto",
          "enabled": true
        }
      }
    ],
    "resources": {
      "logical_work": null,
      "retained_bytes": null,
      "wall_time_ms": null
    },
    "constraints": {
      "max_startup_work": null,
      "max_recurring_work": null,
      "max_runtime_memory_bytes": null,
      "max_performance_regression_percent": null
    }
  },
  "native_policy": {
    "schema": 2,
    "algorithm": 1,
    "contract": {
      "target": "native",
      "abi_version": 1
    },
    "objective": null,
    "effort": 0,
    "tactics": [
      {
        "id": "dead-code-elimination",
        "state": {
          "permission": "auto",
          "enabled": true
        }
      },
      {
        "id": "constant-folding",
        "state": {
          "permission": "auto",
          "enabled": true
        }
      },
      {
        "id": "inlining",
        "state": {
          "permission": "auto",
          "enabled": true
        }
      },
      {
        "id": "scalar-replacement",
        "state": {
          "permission": "auto",
          "enabled": true
        }
      },
      {
        "id": "call-specialization",
        "state": {
          "permission": "auto",
          "enabled": true
        }
      },
      {
        "id": "helper-sharing",
        "state": {
          "permission": "auto",
          "enabled": false
        }
      },
      {
        "id": "target-compaction",
        "state": {
          "permission": "auto",
          "enabled": false
        }
      },
      {
        "id": "identifier-mangling",
        "state": {
          "permission": "auto",
          "enabled": false
        }
      },
      {
        "id": "property-mangling",
        "state": {
          "permission": "auto",
          "enabled": false
        }
      },
      {
        "id": "string-pooling",
        "state": {
          "permission": "auto",
          "enabled": false
        }
      },
      {
        "id": "string-array-packing",
        "state": {
          "permission": "auto",
          "enabled": false
        }
      },
      {
        "id": "startup-reconstruction",
        "state": {
          "permission": "auto",
          "enabled": false
        }
      },
      {
        "id": "recurring-reconstruction",
        "state": {
          "permission": "auto",
          "enabled": false
        }
      },
      {
        "id": "naming-search",
        "state": {
          "permission": "auto",
          "enabled": false
        }
      }
    ],
    "resources": {
      "logical_work": null,
      "retained_bytes": null,
      "wall_time_ms": null
    },
    "constraints": {
      "max_startup_work": null,
      "max_recurring_work": null,
      "max_runtime_memory_bytes": null,
      "max_performance_regression_percent": null
    }
  },
  "phases_ns": {
    "policy_ns": 892277,
    "discovery_parse_ns": 467463,
    "check_ns": 537854,
    "convert_ns": 446955,
    "frontend_release_ns": 16551,
    "adopt_ns": 101290,
    "native_ns": 141094,
    "javascript_ns": 13975685,
    "finish_ns": 26659,
    "source_release_ns": 1593
  },
  "total_ns": 17720750,
  "ledger_before_finish": {
    "baseline_work": 12266,
    "optional_work": 6453,
    "retained_bytes": 16012795,
    "peak_retained_bytes": 16774283,
    "analysis_work": 7466,
    "edit_work": 249,
    "render_work": 10338,
    "codec_work": 666
  },
  "resources": {
    "baseline_work": 12266,
    "optional_work": 6453,
    "codec_work": 666,
    "peak_retained_bytes": 16774283,
    "frontend_logical_work": 3549,
    "frontend_allocation_accounting": "partial",
    "source_buffer_accounting": "pre-admitted stable arena backing; insertion String overlap charged",
    "source_buffer_capacity": 448,
    "frontend_phase_accounting": {
      "discovery_parse_arena": "one pre-admitted arena and owned program list, reused for checking",
      "main_parse_arena": "not repeated; discovery programs reused",
      "lexer_tokens": "pre-admitted Vec capacities, including overlapping nested fragments",
      "legacy_ast_specialization": "nonzero for_of_specialize_family unsupported",
      "parser_non_arena": "template scanner buffers, Logos extras, diagnostics and pre-adoption SourceIdentity allocations; comprehensive recursion/lookahead/lexer work uninstrumented",
      "checker": "pre-admitted fixed source-node tables and module-facts vector; model stays live through conversion",
      "checker_remaining": "nested type payloads, hash/ordered maps, declaration/interface storage, module graph validation/schedule, traversal scratch, diagnostics and comprehensive checker work uninstrumented",
      "conversion_construction": "pre-admitted graph and temporary storage; retained charges transfer into publication",
      "semantic_verification": "pre-admitted work and owned scratch",
      "module_metadata": "uninstrumented"
    },
    "source_discovery_work": "per-read byte/chunk and import traversal charges; admitted growth reuses the allocation owner's Render movement tariff",
    "work_kind_accounting": "Render includes shared buffer allocation/movement tariffs, not only target code generation",
    "deadline": "cooperative; checked between frontend phases and within admitted backend work",
    "scope": "admitted path source buffers, covered parser arenas and token vectors, semantic construction/verification and target/codec storage; remaining frontend allocations listed by phase, diagnostic copies, caller configuration I/O, returned buffers and process RSS are separate",
    "retained_bytes_after_handoff": 0
  },
  "ledger_after_finish": {
    "baseline_work": 12266,
    "optional_work": 6453,
    "retained_bytes": 0,
    "peak_retained_bytes": 16774283,
    "analysis_work": 7466,
    "edit_work": 249,
    "render_work": 10338,
    "codec_work": 666
  }
}
