wrote dist/to-hast.esm.js, dist/to-hast.cjs, dist/to-hast.umd.js, dist/to-hast.closed.js

lilscript-timing {"wall_ms":47659.8,"admission_ms":0.0,"admission_calls":449,"admission_mb":0.00,"direct_validate_ms":0.0,"direct_validate_calls":72,"direct_validate_mb":0.00,"probe_dropped_ms":0.0,"probe_dropped_calls":0,"probe_dropped_mb":0.00,"codec_ms":15870.8,"codec_calls":1554,"codec_mb":22.52,"analyze_ms":2330.0,"analyze_calls":1012,"analyze_mb":14.42,"emit_ms":44591.1,"emit_calls":719,"emit_mb":0.02,"peephole_ms":20413.5,"peephole_calls":179,"peephole_mb":2.57,"cleanup_ms":10.0,"cleanup_calls":2,"cleanup_mb":0.03,"optimize_ms":870.5,"optimize_calls":16,"optimize_mb":0.00,"lex_ms":2969.9,"lex_calls":28798,"lex_mb":402.99,"closers_ms":1927.5,"closers_calls":61809,"closers_mb":456.72,"regions_ms":1397.0,"regions_calls":1670,"regions_mb":12.60,"scopes_ms":902.1,"scopes_calls":1648,"scopes_mb":12.39,"bindings_ms":1402.5,"bindings_calls":3376,"bindings_mb":24.92,"idle_fold_ms":11505.6,"idle_fold_calls":41481,"idle_fold_mb":557.30,"active_fold_ms":8149.7,"active_fold_calls":7316,"active_fold_mb":99.51,"scalar_fixpoint_ms":601.9,"scalar_fixpoint_runs":93,"scalar_fixpoint_max":2,"inline_fixpoint_ms":34.7,"inline_fixpoint_runs":28,"inline_fixpoint_max":8,"cleanup_entered":8,"cleanup_entered_sum":1908,"cleanup_unbudgeted":21,"cleanup_unbudgeted_sum":0,"cleanup_skipped":0,"cleanup_skipped_sum":0,"cleanup_canonical_err":0,"cleanup_canonical_err_sum":0,"cleanup_canonical_same":1,"cleanup_canonical_same_sum":0,"cleanup_canonical_boundary":0,"cleanup_canonical_boundary_sum":0,"cleanup_canonical_refused":0,"cleanup_canonical_refused_sum":0,"cleanup_canonical_unprobed":0,"cleanup_canonical_unprobed_sum":0,"cleanup_canonical_pushed":7,"cleanup_canonical_pushed_sum":29688,"cleanup_shaped_pushed":5,"cleanup_shaped_pushed_sum":11,"cleanup_shaped_lost":6,"cleanup_shaped_lost_sum":77,"cleanup_shaped_refused":0,"cleanup_shaped_refused_sum":0,"rename_candidates":15,"rename_candidates_sum":210285,"rename_starved":0,"rename_starved_sum":0,"rename_idle":0,"rename_idle_sum":0,"rename_unparsed":0,"rename_unparsed_sum":0,"rename_refused":0,"rename_refused_sum":0,"rename_unprobed":0,"rename_unprobed_sum":0,"rename_won":8,"rename_won_sum":253,"idiom_candidates":0,"idiom_candidates_sum":0,"idiom_won":0,"idiom_won_sum":0,"idiom_lost":0,"idiom_lost_sum":0,"idiom_idle":0,"idiom_idle_sum":0,"rename_lost":7,"rename_lost_sum":170,"rename_templated":0,"rename_templated_sum":0,"rename_unsound":0,"rename_unsound_sum":0,"rename_ambiguous":7,"rename_ambiguous_sum":7,"memo_codec_hits":85,"memo_analyze_hits":5365}
   2048.5ms idle    445/842   idle/calls  fold_single_use_function_values
   1363.0ms idle    660/660   idle/calls  fold_constructor_prototype_tables_to_classes
   1190.8ms idle    732/902   idle/calls  fold_int32_coercions
    472.1ms idle    636/636   idle/calls  declare_implicit_assignment_bindings
    400.9ms idle    586/655   idle/calls  fold_forwarding_call_wrappers
    386.6ms idle    853/853   idle/calls  fold_undefined_defaults_into_formals
    343.4ms idle   1212/1386  idle/calls  remove_unused_standalone_vars
    309.4ms idle    590/590   idle/calls  fold_dead_pure_identifier_assigns
    281.8ms idle    429/615   idle/calls  fold_returned_temporaries
    188.4ms idle    298/464   idle/calls  fold_single_use_temporaries
    163.8ms idle    300/300   idle/calls  fold_self_assignment_chains
    148.1ms idle    590/590   idle/calls  fold_copied_member_presence
    142.5ms idle    278/278   idle/calls  fold_guarded_and_addends
    141.9ms idle    312/312   idle/calls  fold_coalesced_or_returns
    138.9ms idle    273/277   idle/calls  fold_single_use_literal_bindings
    134.4ms idle    278/278   idle/calls  fold_guarded_assign_into_call_predicate
    125.2ms idle    282/306   idle/calls  fold_single_use_regex_bindings
    111.5ms idle    445/615   idle/calls  fold_single_use_if_assigns
    107.2ms idle    570/570   idle/calls  fold_indexed_arguments_to_formals
    102.4ms idle    570/570   idle/calls  fold_arguments_slice_to_rest
    100.3ms idle    273/277   idle/calls  fold_identifier_copies
    100.0ms idle    570/570   idle/calls  fold_arguments_length_formal_copies
     98.6ms idle    298/298   idle/calls  strip_stale_set_prototype_of
     90.4ms idle    446/446   idle/calls  fold_integer_neq_zero_in_boolean
lilscript-timing {"wall_ms":267.7,"admission_ms":0.0,"admission_calls":4,"admission_mb":0.00,"direct_validate_ms":0.0,"direct_validate_calls":1,"direct_validate_mb":0.00,"probe_dropped_ms":0.0,"probe_dropped_calls":0,"probe_dropped_mb":0.00,"codec_ms":54.2,"codec_calls":3,"codec_mb":0.04,"analyze_ms":7.7,"analyze_calls":3,"analyze_mb":0.04,"emit_ms":63.1,"emit_calls":1,"emit_mb":0.02,"peephole_ms":81.0,"peephole_calls":1,"peephole_mb":0.02,"cleanup_ms":0.0,"cleanup_calls":0,"cleanup_mb":0.00,"optimize_ms":58.2,"optimize_calls":1,"optimize_mb":0.00,"lex_ms":13.1,"lex_calls":125,"lex_mb":1.84,"closers_ms":10.3,"closers_calls":321,"closers_mb":2.43,"regions_ms":4.6,"regions_calls":7,"regions_mb":0.05,"scopes_ms":4.8,"scopes_calls":7,"scopes_mb":0.05,"bindings_ms":9.6,"bindings_calls":23,"bindings_mb":0.18,"idle_fold_ms":50.5,"idle_fold_calls":263,"idle_fold_mb":3.73,"active_fold_ms":25.6,"active_fold_calls":42,"active_fold_mb":0.61,"scalar_fixpoint_ms":39.2,"scalar_fixpoint_runs":6,"scalar_fixpoint_max":2,"inline_fixpoint_ms":2.1,"inline_fixpoint_runs":2,"inline_fixpoint_max":4,"cleanup_entered":0,"cleanup_entered_sum":0,"cleanup_unbudgeted":3,"cleanup_unbudgeted_sum":0,"cleanup_skipped":0,"cleanup_skipped_sum":0,"cleanup_canonical_err":0,"cleanup_canonical_err_sum":0,"cleanup_canonical_same":0,"cleanup_canonical_same_sum":0,"cleanup_canonical_boundary":0,"cleanup_canonical_boundary_sum":0,"cleanup_canonical_refused":0,"cleanup_canonical_refused_sum":0,"cleanup_canonical_unprobed":0,"cleanup_canonical_unprobed_sum":0,"cleanup_canonical_pushed":0,"cleanup_canonical_pushed_sum":0,"cleanup_shaped_pushed":0,"cleanup_shaped_pushed_sum":0,"cleanup_shaped_lost":0,"cleanup_shaped_lost_sum":0,"cleanup_shaped_refused":0,"cleanup_shaped_refused_sum":0,"rename_candidates":0,"rename_candidates_sum":0,"rename_starved":0,"rename_starved_sum":0,"rename_idle":0,"rename_idle_sum":0,"rename_unparsed":0,"rename_unparsed_sum":0,"rename_refused":0,"rename_refused_sum":0,"rename_unprobed":0,"rename_unprobed_sum":0,"rename_won":0,"rename_won_sum":0,"idiom_candidates":0,"idiom_candidates_sum":0,"idiom_won":0,"idiom_won_sum":0,"idiom_lost":0,"idiom_lost_sum":0,"idiom_idle":0,"idiom_idle_sum":0,"rename_lost":0,"rename_lost_sum":0,"rename_templated":0,"rename_templated_sum":0,"rename_unsound":0,"rename_unsound_sum":0,"rename_ambiguous":0,"rename_ambiguous_sum":0,"memo_codec_hits":0,"memo_analyze_hits":45}
      7.4ms idle      5/6     idle/calls  fold_int32_coercions
      4.3ms idle      9/10    idle/calls  remove_unused_standalone_vars
      3.2ms idle      4/4     idle/calls  declare_implicit_assignment_bindings
      3.1ms idle      6/6     idle/calls  fold_undefined_defaults_into_formals
      2.7ms idle      4/4     idle/calls  fold_forwarding_call_wrappers
      1.2ms idle      2/3     idle/calls  fold_single_use_temporaries
      1.2ms idle      2/4     idle/calls  fold_returned_temporaries
      1.0ms idle      4/4     idle/calls  fold_indexed_arguments_to_formals
      1.0ms idle      4/4     idle/calls  fold_copied_member_presence
      0.9ms idle      4/4     idle/calls  fold_dead_pure_identifier_assigns
      0.8ms idle      2/2     idle/calls  fold_self_assignment_chains
      0.8ms idle      4/4     idle/calls  fold_arguments_length_formal_copies
      0.7ms idle      3/3     idle/calls  fold_integer_neq_zero_in_boolean
      0.7ms idle      3/4     idle/calls  fold_single_use_if_assigns
      0.7ms idle      2/2     idle/calls  fold_identifier_copies
      0.7ms idle      2/2     idle/calls  fold_guarded_assign_into_call_predicate
      0.7ms idle      2/2     idle/calls  fold_single_use_literal_bindings
      0.6ms idle      2/2     idle/calls  strip_stale_set_prototype_of
      0.6ms idle      2/2     idle/calls  fold_single_use_regex_bindings
      0.5ms idle      6/6     idle/calls  fold_arguments_length_countdown_for
      0.5ms idle      4/7     idle/calls  fold_redundant_loop_body_braces
      0.5ms idle      2/2     idle/calls  fold_coalesced_or_returns
      0.5ms idle      4/4     idle/calls  fold_redundant_null_undefined_or
      0.5ms idle      4/6     idle/calls  fold_conditional_return_tails
