wrote dist/to-html.esm.js, dist/to-html.cjs, dist/to-html.umd.js, dist/to-html.closed.js

lilscript-timing {"wall_ms":2492.2,"admission_ms":0.0,"admission_calls":3,"admission_mb":0.00,"direct_validate_ms":0.0,"direct_validate_calls":1,"direct_validate_mb":0.00,"probe_dropped_ms":0.0,"probe_dropped_calls":0,"probe_dropped_mb":0.00,"codec_ms":213.6,"codec_calls":2,"codec_mb":0.06,"analyze_ms":44.8,"analyze_calls":3,"analyze_mb":0.08,"emit_ms":848.9,"emit_calls":1,"emit_mb":0.03,"peephole_ms":961.0,"peephole_calls":1,"peephole_mb":0.03,"cleanup_ms":0.0,"cleanup_calls":0,"cleanup_mb":0.00,"optimize_ms":370.3,"optimize_calls":1,"optimize_mb":0.00,"lex_ms":222.1,"lex_calls":155,"lex_mb":4.38,"closers_ms":76.7,"closers_calls":303,"closers_mb":1.78,"regions_ms":51.8,"regions_calls":7,"regions_mb":0.04,"scopes_ms":14.4,"scopes_calls":5,"scopes_mb":0.03,"bindings_ms":47.4,"bindings_calls":21,"bindings_mb":0.12,"idle_fold_ms":590.7,"idle_fold_calls":262,"idle_fold_mb":7.28,"active_fold_ms":293.1,"active_fold_calls":29,"active_fold_mb":0.81,"scalar_fixpoint_ms":244.9,"scalar_fixpoint_runs":6,"scalar_fixpoint_max":2,"inline_fixpoint_ms":12.1,"inline_fixpoint_runs":2,"inline_fixpoint_max":3,"cleanup_entered":0,"cleanup_entered_sum":0,"cleanup_unbudgeted":3,"cleanup_unbudgeted_sum":0,"cleanup_skipped":0,"cleanup_skipped_sum":0,"cleanup_canonical_err":0,"cleanup_canonical_err_sum":0,"cleanup_canonical_same":0,"cleanup_canonical_same_sum":0,"cleanup_canonical_boundary":0,"cleanup_canonical_boundary_sum":0,"cleanup_canonical_refused":0,"cleanup_canonical_refused_sum":0,"cleanup_canonical_unprobed":0,"cleanup_canonical_unprobed_sum":0,"cleanup_canonical_pushed":0,"cleanup_canonical_pushed_sum":0,"cleanup_shaped_pushed":0,"cleanup_shaped_pushed_sum":0,"cleanup_shaped_lost":0,"cleanup_shaped_lost_sum":0,"cleanup_shaped_refused":0,"cleanup_shaped_refused_sum":0,"rename_candidates":0,"rename_candidates_sum":0,"rename_starved":0,"rename_starved_sum":0,"rename_idle":0,"rename_idle_sum":0,"rename_unparsed":0,"rename_unparsed_sum":0,"rename_refused":0,"rename_refused_sum":0,"rename_unprobed":0,"rename_unprobed_sum":0,"rename_won":0,"rename_won_sum":0,"idiom_candidates":0,"idiom_candidates_sum":0,"idiom_won":0,"idiom_won_sum":0,"idiom_lost":0,"idiom_lost_sum":0,"idiom_idle":0,"idiom_idle_sum":0,"rename_lost":0,"rename_lost_sum":0,"rename_templated":0,"rename_templated_sum":0,"rename_unsound":0,"rename_unsound_sum":0,"rename_ambiguous":0,"rename_ambiguous_sum":0,"memo_codec_hits":0,"memo_analyze_hits":35}
    170.6ms idle      7/7     idle/calls  fold_int32_coercions
     55.2ms idle      4/4     idle/calls  fold_dead_pure_identifier_assigns
     18.6ms idle      4/5     idle/calls  fold_forwarding_call_wrappers
     15.4ms idle      7/8     idle/calls  remove_unused_standalone_vars
     14.7ms idle      3/3     idle/calls  fold_integer_neq_zero_in_boolean
     12.8ms idle      3/4     idle/calls  fold_returned_temporaries
     12.7ms idle      2/2     idle/calls  fold_self_assignment_chains
     12.6ms idle      2/2     idle/calls  fold_single_use_regex_bindings
     12.3ms idle      2/2     idle/calls  fold_identifier_copies
     12.0ms idle      2/2     idle/calls  fold_single_use_literal_bindings
     11.9ms idle      2/2     idle/calls  fold_coalesced_or_returns
     11.5ms idle      2/2     idle/calls  fold_guarded_and_addends
     11.1ms idle      2/2     idle/calls  fold_arguments_length_eq_zero_to_not
     10.4ms idle      2/2     idle/calls  fold_chained_comma_assigns
      8.7ms idle      2/2     idle/calls  fold_guarded_assign_into_call_predicate
      8.0ms idle      2/2     idle/calls  declare_implicit_assignment_bindings
      7.8ms idle      5/5     idle/calls  fold_undefined_defaults_into_formals
      7.2ms idle      2/2     idle/calls  strip_unused_simple_declarators
      7.1ms idle      2/2     idle/calls  fold_single_use_temporaries
      6.1ms idle      3/3     idle/calls  fold_indexed_arguments_to_formals
      5.3ms idle      1/2     idle/calls  fold_early_exit_guards
      5.2ms idle      4/5     idle/calls  fold_redundant_loop_body_braces
      5.1ms idle      6/6     idle/calls  fold_arguments_length_countdown_for
      4.7ms idle      3/3     idle/calls  fold_arguments_slice_to_rest
lilscript-timing {"wall_ms":2518.0,"admission_ms":0.0,"admission_calls":3,"admission_mb":0.00,"direct_validate_ms":0.0,"direct_validate_calls":1,"direct_validate_mb":0.00,"probe_dropped_ms":0.0,"probe_dropped_calls":0,"probe_dropped_mb":0.00,"codec_ms":214.9,"codec_calls":2,"codec_mb":0.06,"analyze_ms":45.6,"analyze_calls":3,"analyze_mb":0.08,"emit_ms":826.3,"emit_calls":1,"emit_mb":0.03,"peephole_ms":994.1,"peephole_calls":1,"peephole_mb":0.03,"cleanup_ms":0.0,"cleanup_calls":0,"cleanup_mb":0.00,"optimize_ms":386.0,"optimize_calls":1,"optimize_mb":0.00,"lex_ms":229.7,"lex_calls":157,"lex_mb":4.43,"closers_ms":77.3,"closers_calls":303,"closers_mb":1.81,"regions_ms":53.4,"regions_calls":7,"regions_mb":0.04,"scopes_ms":14.5,"scopes_calls":5,"scopes_mb":0.03,"bindings_ms":47.7,"bindings_calls":21,"bindings_mb":0.13,"idle_fold_ms":612.3,"idle_fold_calls":262,"idle_fold_mb":7.27,"active_fold_ms":302.5,"active_fold_calls":29,"active_fold_mb":0.81,"scalar_fixpoint_ms":259.3,"scalar_fixpoint_runs":6,"scalar_fixpoint_max":2,"inline_fixpoint_ms":12.8,"inline_fixpoint_runs":2,"inline_fixpoint_max":3,"cleanup_entered":0,"cleanup_entered_sum":0,"cleanup_unbudgeted":3,"cleanup_unbudgeted_sum":0,"cleanup_skipped":0,"cleanup_skipped_sum":0,"cleanup_canonical_err":0,"cleanup_canonical_err_sum":0,"cleanup_canonical_same":0,"cleanup_canonical_same_sum":0,"cleanup_canonical_boundary":0,"cleanup_canonical_boundary_sum":0,"cleanup_canonical_refused":0,"cleanup_canonical_refused_sum":0,"cleanup_canonical_unprobed":0,"cleanup_canonical_unprobed_sum":0,"cleanup_canonical_pushed":0,"cleanup_canonical_pushed_sum":0,"cleanup_shaped_pushed":0,"cleanup_shaped_pushed_sum":0,"cleanup_shaped_lost":0,"cleanup_shaped_lost_sum":0,"cleanup_shaped_refused":0,"cleanup_shaped_refused_sum":0,"rename_candidates":0,"rename_candidates_sum":0,"rename_starved":0,"rename_starved_sum":0,"rename_idle":0,"rename_idle_sum":0,"rename_unparsed":0,"rename_unparsed_sum":0,"rename_refused":0,"rename_refused_sum":0,"rename_unprobed":0,"rename_unprobed_sum":0,"rename_won":0,"rename_won_sum":0,"idiom_candidates":0,"idiom_candidates_sum":0,"idiom_won":0,"idiom_won_sum":0,"idiom_lost":0,"idiom_lost_sum":0,"idiom_idle":0,"idiom_idle_sum":0,"rename_lost":0,"rename_lost_sum":0,"rename_templated":0,"rename_templated_sum":0,"rename_unsound":0,"rename_unsound_sum":0,"rename_ambiguous":0,"rename_ambiguous_sum":0,"memo_codec_hits":0,"memo_analyze_hits":35}
    177.7ms idle      7/7     idle/calls  fold_int32_coercions
     59.8ms idle      4/4     idle/calls  fold_dead_pure_identifier_assigns
     18.8ms idle      4/5     idle/calls  fold_forwarding_call_wrappers
     15.5ms idle      7/8     idle/calls  remove_unused_standalone_vars
     14.8ms idle      3/3     idle/calls  fold_integer_neq_zero_in_boolean
     13.7ms idle      2/2     idle/calls  fold_self_assignment_chains
     13.4ms idle      2/2     idle/calls  fold_single_use_regex_bindings
     13.0ms idle      3/4     idle/calls  fold_returned_temporaries
     12.8ms idle      2/2     idle/calls  fold_single_use_literal_bindings
     12.5ms idle      2/2     idle/calls  fold_identifier_copies
     12.2ms idle      2/2     idle/calls  fold_coalesced_or_returns
     12.0ms idle      2/2     idle/calls  fold_guarded_and_addends
     11.7ms idle      2/2     idle/calls  fold_arguments_length_eq_zero_to_not
     11.0ms idle      2/2     idle/calls  fold_chained_comma_assigns
      9.2ms idle      2/2     idle/calls  fold_guarded_assign_into_call_predicate
      8.2ms idle      2/2     idle/calls  declare_implicit_assignment_bindings
      7.9ms idle      5/5     idle/calls  fold_undefined_defaults_into_formals
      7.3ms idle      2/2     idle/calls  fold_single_use_temporaries
      7.2ms idle      2/2     idle/calls  strip_unused_simple_declarators
      6.0ms idle      3/3     idle/calls  fold_indexed_arguments_to_formals
      5.7ms idle      1/2     idle/calls  fold_early_exit_guards
      5.1ms idle      6/6     idle/calls  fold_arguments_length_countdown_for
      5.1ms idle      4/5     idle/calls  fold_redundant_loop_body_braces
      4.8ms idle      3/3     idle/calls  fold_arguments_slice_to_rest
