{
  "artifacts": [
    {
      "sha256": "d5d336deb0ad0d39c94d48b36b0a63ba50da1553ae37eacaf596152231a94644",
      "raw": 75,
      "gzip9": null,
      "brotli11": 79,
      "details": {
        "recipe_words": [
          3,
          0,
          0,
          0,
          0,
          0
        ],
        "recipe_fingerprint": 12139990537254341990,
        "semantic": {
          "snapshot_identity": "RevisionId(13)",
          "meaning_identity": "RevisionId(14)",
          "identity_scope": "process-local diagnostics, not canonical recipe identity",
          "rewrite_order": "newest-first",
          "rewrites": []
        },
        "resource": "whole",
        "execution": "Module",
        "style": "Global",
        "source_names": [],
        "output": {
          "dead_code_elimination": true,
          "target_compaction": true,
          "literals": "Original"
        },
        "sizes": [
          75,
          null,
          79
        ],
        "policy_fingerprint": [
          46,
          179,
          92,
          172,
          210,
          77,
          244,
          252,
          108,
          228,
          26,
          171,
          171,
          192,
          221,
          154,
          109,
          196,
          202,
          56,
          146,
          42,
          94,
          188,
          137,
          238,
          31,
          114,
          84,
          223,
          148,
          37
        ]
      }
    }
  ],
  "winners": [
    null,
    null,
    0
  ],
  "native_sha256": null,
  "native_delivery": null,
  "first_artifact_ns": 1367903,
  "search": {
    "request": {
      "objectives": [
        "Brotli"
      ],
      "scalar": {
        "work": 2000000,
        "scratch_bytes": 4000000,
        "output_bytes": 2000000
      },
      "helper": {
        "work": 2000000,
        "scratch_bytes": 4000000,
        "output_bytes": 2000000
      },
      "string": {
        "work": 2000000,
        "scratch_bytes": 4000000,
        "output_bytes": 2000000
      },
      "local_facts": {
        "work": 1000000,
        "result_bytes": 512000
      },
      "facts_cache": {
        "entries": 128,
        "bytes": 16000000,
        "result_bytes": 512000
      }
    },
    "proposals": 2,
    "structures": 1,
    "renders": 3,
    "codec_probes": 2,
    "proof_queries": 1,
    "beam_evictions": 0,
    "admitted_artifacts": 3,
    "stop": null
  },
  "schema": 1,
  "backend": "semantic",
  "source_sha256": "1524a8a29da862ddf9761d32510d5c25daf855dca693d18bdd6ac57e7bbc2e9c",
  "request": {
    "target": "JavaScript",
    "preserve_root_exports": true,
    "logical_work": 200000000,
    "retained_bytes": 256000000,
    "effective_logical_work": 200000000,
    "effective_retained_bytes": 256000000
  },
  "inputs": {
    "root": 0,
    "modules": [
      {
        "path": "/home/azureuser/lilscript/benchmarks/migration-results/2026-09-19-artifact-service/run-2026-09-19T16-36-23.430Z/entry.lil",
        "bytes": 49,
        "sha256": "1be9ce2d2aa8f8cff051b57ffbb970d02b6bab10cc7af7db336e1ca4fea973aa",
        "dependencies": [],
        "dynamic_dependencies": []
      }
    ]
  },
  "shape": {
    "modules": 1,
    "units": 2,
    "operations": 8,
    "cells": 2
  },
  "javascript_policy": {
    "schema": 2,
    "algorithm": 1,
    "contract": {
      "target": "javascript",
      "world": "ReusableLibrary",
      "execution": "Module",
      "ecmascript": "es2022",
      "preserve_root_exports": true,
      "public_aggregate_abi": "Named",
      "preserve_extern_fields": true,
      "internal_exports_may_mangle": false,
      "public_function_spelling": "None",
      "pristine_builtins": false,
      "pure_property_reads": false,
      "strip_console": false,
      "preserved_properties": [],
      "owned_properties": "UnderscoreSuffix",
      "bundle_mode": "Single"
    },
    "objective": {
      "codec": "Brotli",
      "priority": "SizeFirst",
      "realistic_performance_limit_percent": 25,
      "optional_alternatives": 24,
      "optional_codec_probes": 48,
      "cleanup_finalists": 1,
      "retained_candidates": 384,
      "retained_candidate_bytes": 786432,
      "beam_width": 10,
      "search": {
        "version": 12,
        "codec_schedule": "staged",
        "render_batch": 8,
        "diversity_interval": 4
      }
    },
    "effort": 13,
    "tactics": [
      {
        "id": "dead-code-elimination",
        "state": {
          "permission": "auto",
          "enabled": true
        }
      },
      {
        "id": "constant-folding",
        "state": {
          "permission": "auto",
          "enabled": true
        }
      },
      {
        "id": "inlining",
        "state": {
          "permission": "auto",
          "enabled": true
        }
      },
      {
        "id": "scalar-replacement",
        "state": {
          "permission": "auto",
          "enabled": true
        }
      },
      {
        "id": "call-specialization",
        "state": {
          "permission": "auto",
          "enabled": true
        }
      },
      {
        "id": "helper-sharing",
        "state": {
          "permission": "auto",
          "enabled": true
        }
      },
      {
        "id": "target-compaction",
        "state": {
          "permission": "auto",
          "enabled": true
        }
      },
      {
        "id": "identifier-mangling",
        "state": {
          "permission": "auto",
          "enabled": true
        }
      },
      {
        "id": "property-mangling",
        "state": {
          "permission": "auto",
          "enabled": true
        }
      },
      {
        "id": "string-pooling",
        "state": {
          "permission": "auto",
          "enabled": true
        }
      },
      {
        "id": "string-array-packing",
        "state": {
          "permission": "auto",
          "enabled": true
        }
      },
      {
        "id": "startup-reconstruction",
        "state": {
          "permission": "auto",
          "enabled": false
        }
      },
      {
        "id": "recurring-reconstruction",
        "state": {
          "permission": "auto",
          "enabled": false
        }
      },
      {
        "id": "naming-search",
        "state": {
          "permission": "auto",
          "enabled": true
        }
      }
    ],
    "resources": {
      "logical_work": null,
      "retained_bytes": null,
      "wall_time_ms": null
    },
    "constraints": {
      "max_startup_work": null,
      "max_recurring_work": null,
      "max_runtime_memory_bytes": null,
      "max_performance_regression_percent": null
    }
  },
  "native_policy": null,
  "phases_ns": {
    "policy_ns": 104645,
    "discovery_parse_ns": 89698,
    "check_ns": 52688,
    "convert_ns": 38743,
    "frontend_release_ns": 1593,
    "adopt_ns": 10069,
    "javascript_ns": 2608980,
    "finish_ns": 3497,
    "source_release_ns": 60
  },
  "total_ns": 3004639,
  "ledger_before_finish": {
    "baseline_work": 4526,
    "optional_work": 2666,
    "retained_bytes": 16010917,
    "peak_retained_bytes": 16763892,
    "analysis_work": 4132,
    "edit_work": 210,
    "render_work": 2433,
    "codec_work": 417
  },
  "resources": {
    "baseline_work": 4526,
    "optional_work": 2666,
    "codec_work": 417,
    "peak_retained_bytes": 16763892,
    "frontend_logical_work": 2453,
    "frontend_allocation_accounting": "partial",
    "source_buffer_accounting": "pre-admitted stable arena backing; insertion String overlap charged",
    "source_buffer_capacity": 448,
    "frontend_phase_accounting": {
      "discovery_parse_arena": "one pre-admitted arena and owned program list, reused for checking",
      "main_parse_arena": "not repeated; discovery programs reused",
      "lexer_tokens": "pre-admitted Vec capacities, including overlapping nested fragments",
      "legacy_ast_specialization": "nonzero for_of_specialize_family unsupported",
      "parser_non_arena": "template scanner buffers, Logos extras, diagnostics and pre-adoption SourceIdentity allocations; comprehensive recursion/lookahead/lexer work uninstrumented",
      "checker": "pre-admitted fixed source-node tables and module-facts vector; model stays live through conversion",
      "checker_remaining": "nested type payloads, hash/ordered maps, declaration/interface storage, module graph validation/schedule, traversal scratch, diagnostics and comprehensive checker work uninstrumented",
      "conversion_construction": "pre-admitted graph and temporary storage; retained charges transfer into publication",
      "semantic_verification": "pre-admitted work and owned scratch",
      "module_metadata": "uninstrumented"
    },
    "source_discovery_work": "per-read byte/chunk and import traversal charges; admitted growth reuses the allocation owner's Render movement tariff",
    "work_kind_accounting": "Render includes shared buffer allocation/movement tariffs, not only target code generation",
    "deadline": "cooperative; checked between frontend phases and within admitted backend work",
    "scope": "admitted path source buffers, covered parser arenas and token vectors, semantic construction/verification and target/codec storage; remaining frontend allocations listed by phase, diagnostic copies, caller configuration I/O, returned buffers and process RSS are separate",
    "retained_bytes_after_handoff": 0
  },
  "ledger_after_finish": {
    "baseline_work": 4526,
    "optional_work": 2666,
    "retained_bytes": 0,
    "peak_retained_bytes": 16763892,
    "analysis_work": 4132,
    "edit_work": 210,
    "render_work": 2433,
    "codec_work": 417
  }
}
