
running 1 test
test build::delivery_tests::dynamic_import_loads_a_lazy_file_serving_only_the_members_read ... ok

test result: ok. 1 passed; 0 failed; 0 ignored; 0 measured; 2093 filtered out; finished in 1.88s


running 1 test
test build::delivery_tests::embedded_host_modules_become_program_code_in_a_strict_output ... ok

test result: ok. 1 passed; 0 failed; 0 ignored; 0 measured; 2093 filtered out; finished in 1.42s


running 1 test
test build::delivery_tests::hashed_names_cover_every_file_a_file_can_load ... ok

test result: ok. 1 passed; 0 failed; 0 ignored; 0 measured; 2093 filtered out; finished in 1.98s


running 1 test
test build::delivery_tests::preserve_modules_keeps_each_module_in_its_file_and_writes_through_a_setter ... ok

test result: ok. 1 passed; 0 failed; 0 ignored; 0 measured; 2093 filtered out; finished in 1.50s


running 1 test
test build::delivery_tests::q3_scoring_workers_keep_complete_delivery_and_runtime_identical ... ok

test result: ok. 1 passed; 0 failed; 0 ignored; 0 measured; 2093 filtered out; finished in 0.18s


running 1 test
test build::delivery_tests::relative_foreign_imports_resolve_from_nested_files ... ok

test result: ok. 1 passed; 0 failed; 0 ignored; 0 measured; 2093 filtered out; finished in 0.25s


running 1 test
test build::delivery_tests::two_entries_share_one_instance_of_what_both_reach ... ok

test result: ok. 1 passed; 0 failed; 0 ignored; 0 measured; 2093 filtered out; finished in 1.04s


running 1 test
test build::tests::delivery_formats::d1_cjs_iife_umd_live_exports_and_strict_callbacks ... ok

test result: ok. 1 passed; 0 failed; 0 ignored; 0 measured; 2093 filtered out; finished in 0.21s


running 1 test
test build::tests::delivery_formats::d1_cjs_single_and_split_cycles_preserve_hoisted_calls ... ok

test result: ok. 1 passed; 0 failed; 0 ignored; 0 measured; 2093 filtered out; finished in 0.12s


running 1 test
test build::tests::delivery_formats::d1_cjs_split_preserve_and_lazy_files_keep_shared_state ... ok

test result: ok. 1 passed; 0 failed; 0 ignored; 0 measured; 2093 filtered out; finished in 0.14s


running 1 test
test build::tests::delivery_formats::d1_container_controls_have_distinct_identity_and_hygienic_bindings ... ok

test result: ok. 1 passed; 0 failed; 0 ignored; 0 measured; 2093 filtered out; finished in 0.07s


running 1 test
test build::tests::delivery_formats::d1_default_interop_and_direct_default_are_explicit ... ok

test result: ok. 1 passed; 0 failed; 0 ignored; 0 measured; 2093 filtered out; finished in 0.16s


running 1 test
test build::tests::delivery_formats::d1_external_imports_stay_live_and_unbound_in_every_container ... ok

test result: ok. 1 passed; 0 failed; 0 ignored; 0 measured; 2093 filtered out; finished in 0.17s


running 1 test
test build::tests::delivery_formats::d1_global_multi_entry_templates_publish_distinct_namespaces ... ok

test result: ok. 1 passed; 0 failed; 0 ignored; 0 measured; 2093 filtered out; finished in 0.07s


running 1 test
test build::tests::delivery_formats::d1_library_frames_preserve_module_this_and_lexical_host_arguments ... ok

test result: ok. 1 passed; 0 failed; 0 ignored; 0 measured; 2093 filtered out; finished in 0.16s


running 1 test
test build::tests::delivery_formats::d1_module_paths_are_injective_and_preserved_files_load ... ok

test result: ok. 1 passed; 0 failed; 0 ignored; 0 measured; 2093 filtered out; finished in 0.13s


running 1 test
test build::tests::private_wrapper_preserves_classic_this_and_accepts_explicit_bare ... ok

test result: ok. 1 passed; 0 failed; 0 ignored; 0 measured; 2093 filtered out; finished in 0.33s


running 1 test
test build::tests::script_containers_refuse_module_exports_and_imports ... ok

test result: ok. 1 passed; 0 failed; 0 ignored; 0 measured; 2093 filtered out; finished in 0.02s


running 1 test
test compilation_policy::tests::resolved_script_containers_have_distinct_identity_without_changing_strictness ... ok

test result: ok. 1 passed; 0 failed; 0 ignored; 0 measured; 2093 filtered out; finished in 0.04s


running 1 test
test js::admission::tests::a_misprinted_tree_is_refused ... ok

test result: ok. 1 passed; 0 failed; 0 ignored; 0 measured; 2093 filtered out; finished in 0.00s


running 1 test
test js::admission::tests::a_printed_tree_is_admitted ... ok

test result: ok. 1 passed; 0 failed; 0 ignored; 0 measured; 2093 filtered out; finished in 0.00s


running 1 test
test js::admission::tests::d1_each_planned_file_refuses_a_different_statement_partition ... ok

test result: ok. 1 passed; 0 failed; 0 ignored; 0 measured; 2093 filtered out; finished in 0.00s


running 1 test
test js::admission::tests::every_module_the_printer_spells_differently_is_one_structure ... ok

test result: ok. 1 passed; 0 failed; 0 ignored; 0 measured; 2093 filtered out; finished in 0.00s


running 1 test
test js::admission::tests::private_frame_is_part_of_independently_admitted_structure ... ok

test result: ok. 1 passed; 0 failed; 0 ignored; 0 measured; 2093 filtered out; finished in 0.00s


running 1 test
test js::cloning::tests::q2_copied_unicode_and_proof_rows_keep_runtime_and_release_replaced_payloads ... ok

test result: ok. 1 passed; 0 failed; 0 ignored; 0 measured; 2093 filtered out; finished in 0.03s


running 1 test
test js::cloning::tests::q2_target_copies_admit_each_nested_owner_and_rollback_refusals ... ok

test result: ok. 1 passed; 0 failed; 0 ignored; 0 measured; 2093 filtered out; finished in 0.00s


running 1 test
test js::delivery::admission_tests::q2_delivery_failed_trial_preserves_the_parent_layout ... ok

test result: ok. 1 passed; 0 failed; 0 ignored; 0 measured; 2093 filtered out; finished in 0.00s


running 1 test
test js::delivery::admission_tests::q2_delivery_metadata_rows_use_admitted_iterative_depth_and_exact_capacity ... ok

test result: ok. 1 passed; 0 failed; 0 ignored; 0 measured; 2093 filtered out; finished in 0.01s


running 1 test
test js::delivery::admission_tests::q2_delivery_owns_exact_surviving_plan_storage_in_each_mode ... ok

test result: ok. 1 passed; 0 failed; 0 ignored; 0 measured; 2093 filtered out; finished in 0.00s


running 1 test
test js::delivery::admission_tests::q2_delivery_setters_grow_the_existing_module_owner_and_refusals_release ... ok

test result: ok. 1 passed; 0 failed; 0 ignored; 0 measured; 2093 filtered out; finished in 0.00s


running 1 test
test js::delivery::admission_tests::q2_rendered_bundle_owns_names_layout_and_files_and_refusals_keep_only_naming_caches ... ok

test result: ok. 1 passed; 0 failed; 0 ignored; 0 measured; 2093 filtered out; finished in 0.01s

