   Compiling proc-macro2 v1.0.107
   Compiling quote v1.0.47
   Compiling unicode-ident v1.0.24
   Compiling serde_core v1.0.229
   Compiling cfg-if v1.0.4
   Compiling serde v1.0.229
   Compiling itoa v1.0.18
   Compiling allocator-api2 v0.2.21
   Compiling zmij v1.0.23
   Compiling siphasher v1.0.3
   Compiling dragonbox_ecma v0.1.12
   Compiling rustversion v1.0.23
   Compiling phf_shared v0.14.0
   Compiling thiserror v2.0.20
   Compiling memchr v2.8.3
   Compiling hashbrown v0.17.1
   Compiling smawk v0.3.3
   Compiling unicode-width v0.2.2
   Compiling unicode-linebreak v0.1.5
   Compiling oxc_data_structures v0.143.0
   Compiling castaway v0.2.4
   Compiling textwrap v0.16.2
   Compiling owo-colors v4.4.0
   Compiling syn v3.0.3
   Compiling syn v2.0.119
   Compiling oxc_estree v0.143.0
   Compiling version_check v0.9.5
   Compiling unicode-segmentation v1.13.3
   Compiling rustc-hash v2.1.3
   Compiling fastrand v2.5.0
   Compiling static_assertions v1.1.0
   Compiling phf_generator v0.14.0
   Compiling phf v0.14.0
   Compiling autocfg v1.5.1
   Compiling shlex v2.0.1
   Compiling cow-utils v0.1.3
   Compiling find-msvc-tools v0.1.10
   Compiling num-traits v0.2.19
   Compiling cc v1.4.2
   Compiling unicode-id-start v1.4.0
   Compiling libc v0.2.189
   Compiling nonmax v0.5.5
   Compiling percent-encoding v2.3.2
   Compiling generic-array v0.14.7
   Compiling bitflags v2.13.1
   Compiling typenum v1.20.1
   Compiling pkg-config v0.3.33
   Compiling aho-corasick v1.1.5
   Compiling crossbeam-utils v0.8.22
   Compiling num-integer v0.1.47
   Compiling vcpkg v0.2.15
   Compiling regex-syntax v0.8.11
   Compiling utf8parse v0.2.2
   Compiling anstyle-parse v1.0.0
   Compiling num-bigint v0.5.1
   Compiling crc32fast v1.5.0
   Compiling fnv v1.0.7
   Compiling zerocopy v0.8.55
   Compiling equivalent v1.0.2
   Compiling libz-sys v1.1.24
   Compiling colorchoice v1.0.5
   Compiling anstyle-query v1.1.5
   Compiling getrandom v0.3.4
   Compiling serde_json v1.0.151
   Compiling is_terminal_polyfill v1.70.2
   Compiling anstyle v1.0.14
   Compiling oxc-miette-derive v3.0.1
   Compiling phf_macros v0.14.0
   Compiling serde_derive v1.0.229
   Compiling thiserror-impl v2.0.20
   Compiling oxc_ast_macros v0.143.0
   Compiling anstream v1.0.0
   Compiling regex-automata v0.4.18
   Compiling indexmap v2.14.0
   Compiling crypto-common v0.1.7
   Compiling oxc-miette v3.0.1
   Compiling block-buffer v0.10.4
   Compiling compu-brotli-sys v1.1.0 (/home/azureuser/lilscript/vendor/compu-brotli-sys)
   Compiling ahash v0.8.12
   Compiling winnow v1.0.4
   Compiling clap_lex v1.1.0
   Compiling strsim v0.11.1
   Compiling oxc_diagnostics v0.143.0
   Compiling heck v0.5.0
   Compiling either v1.18.0
   Compiling itertools v0.15.0
   Compiling clap_derive v4.6.4
   Compiling clap_builder v4.6.5
   Compiling logos-codegen v0.16.1
   Compiling oxc_allocator v0.143.0
   Compiling compact_str v0.10.0
   Compiling oxc_index v5.0.0
   Compiling smallvec v1.16.2
   Compiling toml_parser v1.1.3+spec-1.1.0
   Compiling crossbeam-channel v0.5.16
   Compiling oxc_str v0.143.0
   Compiling oxc_span v0.143.0
   Compiling logos-derive v0.16.1
   Compiling oxc_syntax v0.143.0
   Compiling oxc_regular_expression v0.143.0
   Compiling digest v0.10.7
   Compiling serde_spanned v1.1.1
   Compiling toml_datetime v0.7.5+spec-1.1.0
   Compiling seq-macro v0.3.6
   Compiling oxc_ast v0.143.0
   Compiling log v0.4.33
   Compiling winnow v0.7.15
   Compiling self_cell v1.3.0
   Compiling toml_writer v1.1.2+spec-1.1.0
   Compiling once_cell v1.21.4
   Compiling cpufeatures v0.2.17
   Compiling sha2 v0.10.9
   Compiling toml v0.9.12+spec-1.1.0
   Compiling lsp-server v0.10.0
   Compiling flate2 v1.1.9
   Compiling clap v4.6.5
   Compiling logos v0.16.1
   Compiling semver v1.0.28
   Compiling bumpalo v3.20.3
   Compiling oxc_ecmascript v0.143.0
   Compiling oxc_ast_visit v0.143.0
   Compiling oxc_parser v0.143.0
   Compiling oxc_semantic v0.143.0
   Compiling lilscript v0.1.0 (/home/azureuser/lilscript)
error: recursion limit reached while expanding `$crate::json_internal!`
    --> src/build.rs:1103:26
     |
1103 |           let mut report = json!({
     |  __________________________^
1104 | |             "schema":1, "source_sha256":source_identity,
1105 | |             "request":{"target":format!("{:?}",options.target), "preserve_root_exports":options.preserve_root_exports,
1106 | |                 "logical_work":options.logical_work, "retained_bytes":options.retained_bytes,
...    |
1155 | |         });
     | |__________^
     |
     = help: consider increasing the recursion limit by adding a `#![recursion_limit = "256"]` attribute to your crate (`lilscript`)
     = note: this error originates in the macro `$crate::json_internal` which comes from the expansion of the macro `json` (in Nightly builds, run with -Z macro-backtrace for more info)

error: could not compile `lilscript` (lib test) due to 1 previous error
