   Compiling lilscript v0.1.0 (/home/azureuser/lilscript)
error[E0603]: module `native` is private
  --> src/build_native.rs:4:21
   |
 4 | use crate::program::native::NativeError;
   |                     ^^^^^^ private module
   |
note: the module `native` is defined here
  --> src/program/mod.rs:36:1
   |
36 | mod native;
   | ^^^^^^^^^^^
help: consider importing this enum through its public re-export instead
   |
 4 - use crate::program::native::NativeError;
 4 + use crate::program::publication::NativeError;
   |

warning: unused import: `crate::diagnostics::render_service_error`
 --> src/build_delivery_tests.rs:5:5
  |
5 | use crate::diagnostics::render_service_error;
  |     ^^^^^^^^^^^^^^^^^^^^^^^^^^^^^^^^^^^^^^^^
  |
  = note: `#[warn(unused_imports)]` (part of `#[warn(unused)]`) on by default

warning: unused imports: `cycle_entries_admitted`, `lazy_roots_admitted`, and `lazy_roots_from_orders_admitted`
   --> src/module.rs:156:24
    |
156 | pub(crate) use graph::{cycle_entries_admitted, fresh_orders_admitted, lazy_roots_admitted,
    |                        ^^^^^^^^^^^^^^^^^^^^^^                         ^^^^^^^^^^^^^^^^^^^
157 |     lazy_roots_from_orders_admitted, static_cycles_admitted};
    |     ^^^^^^^^^^^^^^^^^^^^^^^^^^^^^^^

warning: unused import: `DefaultValue`
   --> src/primitive.rs:723:24
    |
723 |     use crate::check::{DefaultValue, FunctionType, Type};
    |                        ^^^^^^^^^^^^

warning: unused import: `crate::program::publication::*`
 --> src/program/rewrite_tests.rs:9:5
  |
9 | use crate::program::publication::*;
  |     ^^^^^^^^^^^^^^^^^^^^^^^^^^^^^^

warning: unused import: `crate::program::*`
  --> src/program/rewrite_tests.rs:10:5
   |
10 | use crate::program::*;
   |     ^^^^^^^^^^^^^^^^^

warning: unused import: `crate::program::*`
  --> src/program/search_fairness_tests.rs:10:5
   |
10 | use crate::program::*;
   |     ^^^^^^^^^^^^^^^^^

warning: unused import: `crate::program::publication::*`
  --> src/program/function_support_tests.rs:11:5
   |
11 | use crate::program::publication::*;
   |     ^^^^^^^^^^^^^^^^^^^^^^^^^^^^^^

warning: unused import: `DefaultValue`
 --> src/program/string_call_verify_tests.rs:5:20
  |
5 | use crate::check::{DefaultValue, FunctionSignature, FunctionType};
  |                    ^^^^^^^^^^^^

warning: unused import: `EvaluationBehavior`
 --> src/program/reference_core_tests.rs:4:26
  |
4 | use super::facts::{self, EvaluationBehavior};
  |                          ^^^^^^^^^^^^^^^^^^

warning: unused import: `DefaultValue`
 --> src/program/parameter_contract_tests.rs:6:20
  |
6 | use crate::check::{DefaultValue, FunctionParameter, FunctionSignature, FunctionType};
  |                    ^^^^^^^^^^^^

error[E0505]: cannot move out of `sources` because it is borrowed
    --> src/build.rs:1793:36
     |
1779 |     let sources = StableSourceArena::new(WorkDomain::Baseline);
     |         ------- binding `sources` declared here
...
1786 |         &sources,
     |         -------- borrow of `sources` occurs here
...
1793 |             release_source_buffers(sources, &mut frontend.ledger);
     |                                    ^^^^^^^  -------------------- borrow later used here
     |                                    |
     |                                    move out of `sources` occurs here
     |
note: if `source_arena::StableSourceArena` implemented `Clone`, you could clone the value
    --> src/module_source_arena.rs:12:1
     |
  12 | pub(crate) struct StableSourceArena {
     | ^^^^^^^^^^^^^^^^^^^^^^^^^^^^^^^^^^^ consider implementing `Clone` for this type
     |
    ::: src/build.rs:1786:10
     |
1786 |         &sources,
     |          ------- you could clone this value

error[E0505]: cannot move out of `sources` because it is borrowed
    --> src/build.rs:2060:28
     |
2045 |     let sources = StableSourceArena::new(WorkDomain::Baseline);
     |         ------- binding `sources` declared here
...
2052 |         &sources,
     |         -------- borrow of `sources` occurs here
...
2060 |     release_source_buffers(sources, &mut frontend.ledger);
     |                            ^^^^^^^  -------------------- borrow later used here
     |                            |
     |                            move out of `sources` occurs here
     |
note: if `source_arena::StableSourceArena` implemented `Clone`, you could clone the value
    --> src/module_source_arena.rs:12:1
     |
  12 | pub(crate) struct StableSourceArena {
     | ^^^^^^^^^^^^^^^^^^^^^^^^^^^^^^^^^^^ consider implementing `Clone` for this type
     |
    ::: src/build.rs:2052:10
     |
2052 |         &sources,
     |          ------- you could clone this value

warning: variable does not need to be mutable
   --> src/check/modules.rs:593:21
    |
593 |                 let mut ty = analyzer.resolve_value_type(decl.ty, "module binding")?;
    |                     ----^^
    |                     |
    |                     help: remove this `mut`
    |
    = note: `#[warn(unused_mut)]` (part of `#[warn(unused)]`) on by default

warning: variable does not need to be mutable
   --> src/check/narrowing_input_tests.rs:379:9
    |
379 |     let mut config = crate::config::ProjectConfig::default();
    |         ----^^^^^^
    |         |
    |         help: remove this `mut`

warning: unused variable: `span`
    --> src/check.rs:5387:63
     |
5387 |                 kind: ExprKind::ArrowFunction { params, body, span },
     |                                                               ^^^^ help: try ignoring the field: `span: _`
     |
     = note: `#[warn(unused_variables)]` (part of `#[warn(unused)]`) on by default

warning: unused variable: `seed`
   --> src/check/binding_ownership_tests.rs:191:9
    |
191 |     let seed = model
    |         ^^^^ help: if this is intentional, prefix it with an underscore: `_seed`

warning: unused variable: `seed`
   --> src/check/class_ownership_tests.rs:229:9
    |
229 |     let seed = model
    |         ^^^^ help: if this is intentional, prefix it with an underscore: `_seed`

warning: unused variable: `seed`
   --> src/check/constructor_ownership_tests.rs:164:9
    |
164 |     let seed = model
    |         ^^^^ help: if this is intentional, prefix it with an underscore: `_seed`

warning: variable does not need to be mutable
    --> src/js/tests.rs:1897:9
     |
1897 |     let mut sum = |module: &mut Module, right: f64| {
     |         ----^^^
     |         |
     |         help: remove this `mut`

warning: variable does not need to be mutable
    --> src/program/demand.rs:3020:13
     |
3020 |         let mut config = crate::config::ProjectConfig::default();
     |             ----^^^^^^
     |             |
     |             help: remove this `mut`

warning: unreachable pattern
    --> src/program/from_source.rs:4424:13
     |
4424 |             _ => return self.unsupported(statement.span(), "statement conversion"),
     |             ^ no value can reach this
     |
note: multiple earlier patterns match some of the same values
    --> src/program/from_source.rs:4424:13
     |
4146 | /             Stmt::ArrayDestructure {
4147 | |                 bindings, value, ..
4148 | |             } => self.array_destructure(unit, region, bindings, value)?,
     | |_____________- matches some of the same values
4149 | /             Stmt::RecordDestructure {
4150 | |                 bindings,
4151 | |                 rest,
4152 | |                 value,
4153 | |                 span,
4154 | |                 ..
4155 | |             } => self.record_destructure(unit, region, bindings, *rest, value, *span)?,
     | |_____________- matches some of the same values
4156 |               Stmt::VarDecl(declaration, ..) => {
     |               ------------------------------ matches some of the same values
...
4193 |               Stmt::Expr(expr, ..) => {
     |               -------------------- matches some of the same values
...
4424 |               _ => return self.unsupported(statement.span(), "statement conversion"),
     |               ^ ...and 15 other patterns collectively make this unreachable
     = note: `#[warn(unreachable_patterns)]` (part of `#[warn(unused)]`) on by default

warning: unused variable: `program`
   --> src/program/javascript_public_structs.rs:714:13
    |
714 |         let program = self.program;
    |             ^^^^^^^ help: if this is intentional, prefix it with an underscore: `_program`

warning: unreachable pattern
   --> src/program/native_plan.rs:837:13
    |
837 |             _ => {
    |             ^ no value can reach this
    |
note: multiple earlier patterns match some of the same values
   --> src/program/native_plan.rs:837:13
    |
662 |             Place::Cell(cell) => PlacePlan {
    |             ----------------- matches some of the same values
...
668 |             Place::Value(value) => PlacePlan {
    |             ------------------- matches some of the same values
...
756 |             Place::Index { receiver, key } => {
    |             ------------------------------ matches some of the same values
...
775 |             Place::Member { .. } => {
    |             -------------------- matches some of the same values
...
837 |             _ => {
    |             ^ ...and 2 other patterns collectively make this unreachable

warning: variable does not need to be mutable
  --> src/program/product_demand_tests.rs:68:9
   |
68 |     let mut config = crate::config::ProjectConfig::default();
   |         ----^^^^^^
   |         |
   |         help: remove this `mut`

warning: variable does not need to be mutable
   --> src/program/exclusive_publication_tests.rs:215:9
    |
215 |     let mut config = crate::config::ProjectConfig::default();
    |         ----^^^^^^
    |         |
    |         help: remove this `mut`

warning: variable does not need to be mutable
   --> src/program/exclusive_publication_tests.rs:705:17
    |
705 |             let mut config = crate::config::ProjectConfig::default();
    |                 ----^^^^^^
    |                 |
    |                 help: remove this `mut`

warning: variable does not need to be mutable
    --> src/program/exclusive_publication_tests.rs:1064:17
     |
1064 |             let mut config = crate::config::ProjectConfig::default();
     |                 ----^^^^^^
     |                 |
     |                 help: remove this `mut`

warning: variable does not need to be mutable
   --> src/program/search_terminal_tests.rs:536:17
    |
536 |             let mut search = compilation
    |                 ----^^^^^^
    |                 |
    |                 help: remove this `mut`

warning: variable does not need to be mutable
  --> src/program/search_independent.rs:22:9
   |
22 |         mut observe: impl FnMut(SearchObservation<'_>),
   |         ----^^^^^^^
   |         |
   |         help: remove this `mut`

warning: variable does not need to be mutable
  --> src/program/function_support_tests.rs:63:9
   |
63 |     let mut config = crate::config::ProjectConfig::default();
   |         ----^^^^^^
   |         |
   |         help: remove this `mut`

warning: variable does not need to be mutable
  --> src/program/rules/dirty.rs:63:17
   |
63 |             let mut run = || {
   |                 ----^^^
   |                 |
   |                 help: remove this `mut`

warning: variable does not need to be mutable
    --> src/program/value_placement.rs:1063:17
     |
1063 |             let mut config = crate::config::ProjectConfig::default();
     |                 ----^^^^^^
     |                 |
     |                 help: remove this `mut`

warning: variable does not need to be mutable
    --> src/program/value_placement.rs:1379:17
     |
1379 |             let mut config = crate::config::ProjectConfig::default();
     |                 ----^^^^^^
     |                 |
     |                 help: remove this `mut`

warning: variable does not need to be mutable
   --> src/program/verify.rs:559:17
    |
559 |             let mut name_work = 1;
    |                 ----^^^^^^^^^
    |                 |
    |                 help: remove this `mut`

warning: variable does not need to be mutable
  --> src/program/frame_contract_tests.rs:18:9
   |
18 |     let mut config = crate::config::ProjectConfig::default();
   |         ----^^^^^^
   |         |
   |         help: remove this `mut`

warning: variable does not need to be mutable
  --> src/program/script_observation_tests.rs:25:9
   |
25 |     let mut config = crate::config::ProjectConfig::default();
   |         ----^^^^^^
   |         |
   |         help: remove this `mut`

warning: variable does not need to be mutable
   --> src/program/effects_tests.rs:108:9
    |
108 |     let mut config = crate::config::ProjectConfig::default();
    |         ----^^^^^^
    |         |
    |         help: remove this `mut`

warning: variable does not need to be mutable
  --> src/program/helper_context_tests.rs:94:9
   |
94 |     let mut config = crate::config::ProjectConfig::default();
   |         ----^^^^^^
   |         |
   |         help: remove this `mut`

warning: variable does not need to be mutable
   --> src/program/javascript_reference_tests.rs:280:13
    |
280 |         let mut config = crate::config::ProjectConfig::default();
    |             ----^^^^^^
    |             |
    |             help: remove this `mut`

warning: variable does not need to be mutable
   --> src/program/module_helper_tests.rs:115:13
    |
115 |         let mut config = crate::config::ProjectConfig::default();
    |             ----^^^^^^
    |             |
    |             help: remove this `mut`

warning: variable does not need to be mutable
  --> src/program/publication_tests.rs:11:9
   |
11 |     let mut config: crate::config::ProjectConfig = toml::from_str(text).unwrap();
   |         ----^^^^^^
   |         |
   |         help: remove this `mut`

warning: variable does not need to be mutable
   --> src/program/publication_tests.rs:844:13
    |
844 |         let mut config = crate::config::ProjectConfig::default();
    |             ----^^^^^^
    |             |
    |             help: remove this `mut`

warning: variable does not need to be mutable
   --> src/program/publication_tests.rs:983:13
    |
983 |         let mut config: crate::config::ProjectConfig =
    |             ----^^^^^^
    |             |
    |             help: remove this `mut`

warning: variable does not need to be mutable
  --> src/program/compilation_facts_tests.rs:57:9
   |
57 |     let mut config = crate::config::ProjectConfig::default();
   |         ----^^^^^^
   |         |
   |         help: remove this `mut`

warning: variable does not need to be mutable
  --> src/program/record_javascript_tests.rs:29:9
   |
29 |     let mut config = crate::config::ProjectConfig::default();
   |         ----^^^^^^
   |         |
   |         help: remove this `mut`

warning: variable does not need to be mutable
  --> src/program/string_demand_tests.rs:40:9
   |
40 |     let mut configuration = crate::config::ProjectConfig::default();
   |         ----^^^^^^^^^^^^^
   |         |
   |         help: remove this `mut`

warning: variable does not need to be mutable
  --> src/program/formation_budget_tests.rs:30:9
   |
30 |     let mut config = crate::config::ProjectConfig::default();
   |         ----^^^^^^
   |         |
   |         help: remove this `mut`

warning: variable does not need to be mutable
  --> src/program/value_place_tests.rs:98:13
   |
98 |         let mut config = crate::config::ProjectConfig::default();
   |             ----^^^^^^
   |             |
   |             help: remove this `mut`

warning: variable does not need to be mutable
  --> src/program/function_publication_tests.rs:35:9
   |
35 |     let mut config: crate::config::ProjectConfig = toml::from_str(text).unwrap();
   |         ----^^^^^^
   |         |
   |         help: remove this `mut`

warning: variable does not need to be mutable
  --> src/program/function_demand_tests.rs:35:9
   |
35 |     let mut config = crate::config::ProjectConfig::default();
   |         ----^^^^^^
   |         |
   |         help: remove this `mut`

warning: variable does not need to be mutable
  --> src/program/cell_location_demand_tests.rs:40:9
   |
40 |     let mut config = crate::config::ProjectConfig::default();
   |         ----^^^^^^
   |         |
   |         help: remove this `mut`

warning: variable does not need to be mutable
  --> src/program/reference_support_tests.rs:85:9
   |
85 |     let mut config = crate::config::ProjectConfig::default();
   |         ----^^^^^^
   |         |
   |         help: remove this `mut`

warning: variable does not need to be mutable
  --> src/program/reference_support_demand_tests.rs:45:9
   |
45 |     let mut config = crate::config::ProjectConfig::default();
   |         ----^^^^^^
   |         |
   |         help: remove this `mut`

Some errors have detailed explanations: E0505, E0603.
For more information about an error, try `rustc --explain E0505`.
warning: `lilscript` (lib test) generated 51 warnings
error: could not compile `lilscript` (lib test) due to 3 previous errors; 51 warnings emitted
