TAP version 13
# node:internal/modules/esm/resolve:283
#     throw new ERR_MODULE_NOT_FOUND(
#           ^
# Error [ERR_MODULE_NOT_FOUND]: Cannot find module '/home/azureuser/playcanvaslil/dist/shader-processing.official.js' imported from /home/azureuser/playcanvaslil/test/shader-processing.test.mjs
#     at finalizeResolution (node:internal/modules/esm/resolve:283:11)
#     at moduleResolve (node:internal/modules/esm/resolve:952:10)
#     at defaultResolve (node:internal/modules/esm/resolve:1188:11)
#     at ModuleLoader.defaultResolve (node:internal/modules/esm/loader:642:12)
#     at \#cachedDefaultResolve (node:internal/modules/esm/loader:591:25)
#     at ModuleLoader.resolve (node:internal/modules/esm/loader:574:38)
#     at ModuleLoader.getModuleJobForImport (node:internal/modules/esm/loader:236:38)
#     at ModuleJob._link (node:internal/modules/esm/module_job:130:49) {
#   code: 'ERR_MODULE_NOT_FOUND',
#   url: 'file:///home/azureuser/playcanvaslil/dist/shader-processing.official.js'
# }
# Node.js v20.19.0
# Subtest: /home/azureuser/playcanvaslil/test/shader-processing.test.mjs
not ok 1 - /home/azureuser/playcanvaslil/test/shader-processing.test.mjs
  ---
  duration_ms: 42.834498
  location: '/home/azureuser/playcanvaslil/test/shader-processing.test.mjs:1:1'
  failureType: 'testCodeFailure'
  exitCode: 1
  signal: ~
  error: 'test failed'
  code: 'ERR_TEST_FAILURE'
  ...
1..1
# tests 1
# suites 0
# pass 0
# fail 1
# cancelled 0
# skipped 0
# todo 0
# duration_ms 47.749797
