TAP version 13
# Subtest: public api
ok 1 - public api
  ---
  duration_ms: 43.055508
  ...
# Subtest: CommonJS export
not ok 2 - CommonJS export
  ---
  duration_ms: 14.202652
  location: '/home/azureuser/react-markdownlil/test/api.test.mjs:33:1'
  failureType: 'testCodeFailure'
  error: 'Missing expected exception.'
  code: 'ERR_ASSERTION'
  name: 'AssertionError'
  stack: |-
    TestContext.<anonymous> (file:///home/azureuser/react-markdownlil/test/api.test.mjs:45:10)
    Test.runInAsyncScope (node:async_hooks:206:9)
    Test.run (node:internal/test_runner/test:796:25)
    Test.processPendingSubtests (node:internal/test_runner/test:526:18)
    Test.postRun (node:internal/test_runner/test:889:19)
    Test.run (node:internal/test_runner/test:835:12)
    async Test.processPendingSubtests (node:internal/test_runner/test:526:7)
  ...
# Subtest: runtime helpers are compiled from LilScript
ok 3 - runtime helpers are compiled from LilScript # SKIP test name does not match pattern
  ---
  duration_ms: 0.185617
  ...
1..3
# tests 3
# suites 0
# pass 1
# fail 1
# cancelled 0
# skipped 1
# todo 0
# duration_ms 161.820339
