tasks-independent-oracle True
tasks-0-source True
tasks-0-gcc-build True
tasks-0-gcc-run True
tasks-0-clang-build True
tasks-0-clang-run True
tasks-0-sanitize-build True
tasks-0-sanitize-run True
tasks-13-source True
tasks-13-gcc-build True
tasks-13-gcc-run True
tasks-13-clang-build True
tasks-13-clang-run True
tasks-13-sanitize-build True
tasks-13-sanitize-run True
task-contracts-independent-oracle True
task-contracts-0-source True
task-contracts-0-gcc-build True
task-contracts-0-gcc-run True
task-contracts-0-clang-build True
task-contracts-0-clang-run True
task-contracts-0-sanitize-build True
task-contracts-0-sanitize-run True
task-contracts-13-source True
task-contracts-13-gcc-build True
task-contracts-13-gcc-run True
task-contracts-13-clang-build True
task-contracts-13-clang-run True
task-contracts-13-sanitize-build True
task-contracts-13-sanitize-run True
task-unhandled-oracle True
task-unhandled-source True
task-unhandled-build True
task-unhandled-run True
generator-completions-oracle True
generator-completions-source True
generator-completions-build True
generator-completions-run True
tasks-0-javascript-source True
tasks-0-javascript-run True
tasks-13-javascript-source True
tasks-13-javascript-run True
task-contracts-0-javascript-source True
task-contracts-0-javascript-run True
task-contracts-13-javascript-source True
task-contracts-13-javascript-run True
