
running 2 tests
test build::tests::s4_checked_binary_reads_and_development_traps_reach_public_routes ... 
thread 'build::tests::s4_checked_binary_reads_and_development_traps_reach_public_routes' (229200) panicked at src/build_tests.rs:11:8:
called `Result::unwrap()` on an `Err` value: Error { message: "duplicate key", input: Some("objective.codecs='brotli'\n[javascript]\ncandidate_proposal_limit=24\nterminal_codec_probe_limit=48\n[javascript]\nchecks='development'"), keys: [], span: Some(98..108) }
note: run with `RUST_BACKTRACE=1` environment variable to display a backtrace
FAILED
test program::native_tests::s4_checked_binary_reads_share_nullable_and_evaluation_contracts ... 
thread 'program::native_tests::s4_checked_binary_reads_share_nullable_and_evaluation_contracts' (229201) panicked at src/program/native_tests.rs:266:13:
checked-binary-reads/clang/O0 compile failed
"/home/azureuser/lilscript-work/toolchains/clang-18/root/usr/lib/llvm-18/bin/clang" "-std=c11" "-fno-fast-math" "-ffp-contract=off" "-O0" "/tmp/lilscript-native-test-229199-0-checked-binary-reads/program.c" "-lm" "-o" "/tmp/lilscript-native-test-229199-0-checked-binary-reads/clang-O0"
/tmp/lilscript-native-test-229199-0-checked-binary-reads/program.c:113:9: error: call to undeclared library function 'abort' with type 'void (void) __attribute__((noreturn))'; ISO C99 and later do not support implicit function declarations [-Wimplicit-function-declaration]
  113 |         abort();
      |         ^
/tmp/lilscript-native-test-229199-0-checked-binary-reads/program.c:113:9: note: include the header <stdlib.h> or explicitly provide a declaration for 'abort'
1 error generated.

/* LilScript native: build as C11 or later with the compiler's default
   floating-point options (`cc -O2 file.c -lm`). No -ffast-math, unsafe-math,
   -fno-signed-zeros or -ffp-contract=fast: each double operation must round
   as in JavaScript. The file disables contraction and checks the rest. */
#include <stdbool.h>
#include <stddef.h>
#include <stdint.h>
#include <inttypes.h>
#include <limits.h>
#include <float.h>
#include <fenv.h>
#include <math.h>
#include <stdio.h>
#include <string.h>
#if !defined(__STDC_VERSION__) || __STDC_VERSION__ < 201112L
#error "LilScript native requires C11"
#endif
#if defined(__FAST_MATH__) || (defined(__FINITE_MATH_ONLY__) && __FINITE_MATH_ONLY__ != 0)
#error "LilScript native forbids fast-math and finite-only arithmetic"
#endif
#if defined(__ASSOCIATIVE_MATH__) || defined(__RECIPROCAL_MATH__) || defined(__NO_SIGNED_ZEROS__)
#error "LilScript native forbids reassociation, reciprocal and signed-zero-free arithmetic"
#endif
#if FLT_EVAL_METHOD != 0
#error "LilScript native requires evaluation in the declared floating type"
#endif
#pragma STDC FP_CONTRACT OFF
#if defined(__clang__)
#pragma clang fp contract(off)
#pragma clang fp reassociate(off)
#elif defined(__GNUC__)
#pragma GCC optimize("fp-contract=off")
#endif
_Static_assert((-1 >> 1) == -1, "LilScript native requires arithmetic right shifts of negative values");
_Static_assert(CHAR_BIT == 8, "LilScript native requires 8-bit bytes");
_Static_assert(sizeof(uint16_t) == 2 && sizeof(uint32_t) == 4 && sizeof(uint64_t) == 8,
               "LilScript native requires exact integer widths");
_Static_assert(SIZE_MAX >= UINT32_MAX, "LilScript native requires at least 32-bit object sizes");
_Static_assert(sizeof(double) == 8 && FLT_RADIX == 2 && DBL_MANT_DIG == 53 &&
               DBL_MIN_EXP == -1021 && DBL_MAX_EXP == 1024 && DBL_HAS_SUBNORM == 1,
               "LilScript native requires binary64 with subnormals");
typedef struct { const uint16_t *data; size_t length; } ls_string;
static int ls_runtime_init(void) {
    double one = 1.0, negative_zero = -0.0;
    uint64_t one_bits, zero_bits;
    memcpy(&one_bits, &one, sizeof one_bits);
    memcpy(&zero_bits, &negative_zero, sizeof zero_bits);
    if (fegetround() != FE_TONEAREST || one_bits != UINT64_C(0x3ff0000000000000) ||
        zero_bits != UINT64_C(0x8000000000000000)) {
        fputs("unsupported LilScript native floating-point environment\n", stderr);
        return 0;
    }
    /* FE_TONEAREST does not exclude flush-to-zero or denormals-are-zero. */
    uint64_t tiny_bits = UINT64_C(1), doubled_bits;
    double tiny;
    memcpy(&tiny, &tiny_bits, sizeof tiny);
    volatile double input = tiny, factor = 2.0;
    volatile double doubled = input * factor;
    double observed = doubled;
    memcpy(&doubled_bits, &observed, sizeof doubled_bits);
    if (doubled_bits != UINT64_C(2)) {
        fputs("LilScript native requires gradual binary64 underflow\n", stderr);
        return 0;
    }
    /* (1+2^-27)(1-2^-27)-1 is 0 when the product is rounded and -2^-54 when a
       fused multiply-add contracts it: Clang's -ffp-contract=fast ignores the
       pragmas above. Separate volatile reads keep the two products apart. */
    volatile double left = 1.0 + 0x1p-27, right = 1.0 - 0x1p-27, addend = -1.0;
    double combined = left * right + addend;
    volatile double product = left * right;
    if (combined != product + addend) {
        fputs("LilScript native forbids floating-point contraction (-ffp-contract=fast)\n", stderr);
        return 0;
    }
    return 1;
}
static inline int32_t ls_from_u32(uint32_t value) {
    return value <= INT32_MAX ? (int32_t)value : (int32_t)((int64_t)value - INT64_C(4294967296));
}
static inline int32_t ls_to_i32(double value) {
    uint64_t bits;
    memcpy(&bits, &value, sizeof bits);
    unsigned biased = (unsigned)((bits >> 52) & UINT64_C(2047));
    if (biased < 1023 || biased >= 1107) return 0;
    unsigned exponent = biased - 1023;
    uint64_t significand = (bits & UINT64_C(0x000fffffffffffff)) | UINT64_C(0x0010000000000000);
    uint32_t low = exponent < 52 ? (uint32_t)(significand >> (52 - exponent))
                                : (uint32_t)((uint32_t)significand << (exponent - 52));
    if (bits >> 63) low = (uint32_t)(UINT32_C(0) - low);
    return ls_from_u32(low);
}
static inline double ls_f64(double value) {
    return value;
}
static inline double ls_f64_bits(uint64_t bits) {
    double value;
    memcpy(&value, &bits, sizeof value);
    return value;
}
static inline int32_t ls_mul(int32_t left, int32_t right) {
    int64_t product = (int64_t)left * (int64_t)right;
    if (product >= -INT64_C(9007199254740992) && product <= INT64_C(9007199254740992)) {
        return ls_from_u32((uint32_t)(uint64_t)product);
    }
    return ls_to_i32((double)left * (double)right);
}
static inline int32_t ls_char_code_at(ls_string value, int32_t index) {
    return index < 0 || (size_t)index >= value.length ? 0 : (int32_t)value.data[(size_t)index];
}
static inline int32_t ls_code_unit_at(ls_string value, int32_t index) {
    if (index < 0 || (size_t)index >= value.length) {
        fputs("LilScript native string index out of range\n", stderr);
        abort();
    }
    return (int32_t)value.data[(size_t)index];
}
static inline bool ls_string_equal(ls_string left, ls_string right) {
    return left.length == right.length &&
           (left.length == 0 || memcmp(left.data, right.data, left.length * sizeof *left.data) == 0);
}
#include <stdlib.h>
typedef struct ls_string_block { struct ls_string_block *next; uint16_t units[]; } ls_string_block;
static ls_string_block *ls_string_blocks;
static void ls_string_failure(const char *message) {
    fputs(message, stderr);
    fputc('\n', stderr);
    abort();
}
static uint16_t *ls_string_allocate(size_t length) {
    if (length > (size_t)INT32_MAX) ls_string_failure("LilScript native string length exceeds the runtime limit");
    ls_string_block *block = malloc(sizeof *block + length * sizeof(uint16_t));
    if (!block) ls_string_failure("LilScript native runtime resource exhaustion");
    block->next = ls_string_blocks;
    ls_string_blocks = block;
    return block->units;
}
static void ls_strings_release(void) {
    while (ls_string_blocks) {
        ls_string_block *next = ls_string_blocks->next;
        free(ls_string_blocks);
        ls_string_blocks = next;
    }
}
static ls_string ls_string_ascii(const char *text, size_t length) {
    if (!length) return (ls_string){NULL, 0};
    uint16_t *units = ls_string_allocate(length);
    for (size_t index = 0; index < length; index++) units[index] = (unsigned char)text[index];
    return (ls_string){units, length};
}
static ls_string ls_string_concat(ls_string left, ls_string right) {
    if (!left.length) return right;
    if (!right.length) return left;
    if (right.length > (size_t)INT32_MAX - left.length)
        ls_string_failure("LilScript native string length exceeds the runtime limit");
    uint16_t *units = ls_string_allocate(left.length + right.length);
    memcpy(units, left.data, left.length * sizeof *units);
    memcpy(units + left.length, right.data, right.length * sizeof *units);
    return (ls_string){units, left.length + right.length};
}
static int ls_string_compare(ls_string left, ls_string right) {
    size_t shared = left.length < right.length ? left.length : right.length;
    for (size_t index = 0; index < shared; index++) {
        if (left.data[index] != right.data[index]) return left.data[index] < right.data[index] ? -1 : 1;
    }
    return left.length == right.length ? 0 : left.length < right.length ? -1 : 1;
}
static const uint16_t ls_true_units[] = {116, 114, 117, 101};
static const uint16_t ls_false_units[] = {102, 97, 108, 115, 101};
static ls_string ls_bool_to_string(bool value) {
    return value ? (ls_string){ls_true_units, 4} : (ls_string){ls_false_units, 5};
}
static ls_string ls_uint_to_radix(uint32_t magnitude, bool negative, int32_t radix) {
    if (radix < 2 || radix > 36) ls_string_failure("LilScript native toString radix must be between 2 and 36");
    char digits[40];
    size_t length = 0;
    do {
        digits[length++] = "0123456789abcdefghijklmnopqrstuvwxyz"[magnitude % (uint32_t)radix];
        magnitude /= (uint32_t)radix;
    } while (magnitude);
    if (negative) digits[length++] = '-';
    char text[40];
    for (size_t index = 0; index < length; index++) text[index] = digits[length - 1 - index];
    return ls_string_ascii(text, length);
}
static ls_string ls_int_to_radix(int32_t value, int32_t radix) {
    uint32_t magnitude = value < 0 ? UINT32_C(0) - (uint32_t)value : (uint32_t)value;
    return ls_uint_to_radix(magnitude, value < 0, radix);
}
static ls_string ls_int_to_string(int32_t value) {
    return ls_int_to_radix(value, 10);
}
/* The k significant digits (no trailing zeros) and exponent n of the
   shortest decimal 0.d1...dk x 10^n that reads back as `value` (> 0,
   finite). printf rounds correctly, so each precision's candidate is the
   nearest decimal of that length; below a power of two the rounding
   interval is narrower, so the next decimal up may be the one that reads
   back when the nearest does not. */
static void ls_shortest_decimal(double value, char *digits, int *count, int *exponent) {
    uint64_t bits;
    memcpy(&bits, &value, sizeof bits);
    bool asymmetric = (bits & UINT64_C(0x000fffffffffffff)) == 0 && (bits >> 52) > 1;
    char text[40];
    for (int precision = 0; precision <= 16; precision++) {
        snprintf(text, sizeof text, "%.*e", precision, value);
        bool found = strtod(text, NULL) == value;
        if (!found && asymmetric) {
            char *mark = strchr(text, 'e');
            char *last = mark - 1;
            while (last >= text && (*last == '.' || *last == '9')) {
                if (*last == '9') *last = '0';
                last--;
            }
            if (last >= text) {
                (*last)++;
            } else {
                /* 9.99e+N carried to 10.0e+N: respell it 1.00e+(N+1). */
                int power = atoi(mark + 1) + 1;
                text[0] = '1';
                snprintf(mark, sizeof text - (size_t)(mark - text), "e%+d", power);
            }
            found = strtod(text, NULL) == value;
        }
        if (!found) continue;
        int length = 0;
        char *cursor = text;
        for (; *cursor && *cursor != 'e'; cursor++) {
            if (*cursor >= '0' && *cursor <= '9') digits[length++] = *cursor;
        }
        while (length > 1 && digits[length - 1] == '0') length--;
        *count = length;
        *exponent = atoi(cursor + 1) + 1;
        return;
    }
    ls_string_failure("LilScript native number formatting failed");
}
static ls_string ls_number_to_string(double value) {
    if (value != value) return ls_string_ascii("NaN", 3);
    if (value == 0) return ls_string_ascii("0", 1);
    char text[64];
    size_t length = 0;
    if (value < 0) {
        text[length++] = '-';
        value = -value;
    }
    if (isinf(value)) {
        memcpy(text + length, "Infinity", 8);
        return ls_string_ascii(text, length + 8);
    }
    char digits[24];
    int k = 0, n = 0;
    ls_shortest_decimal(value, digits, &k, &n);
    if (k <= n && n <= 21) {
        memcpy(text + length, digits, (size_t)k);
        length += (size_t)k;
        for (int index = k; index < n; index++) text[length++] = '0';
    } else if (0 < n && n <= 21) {
        memcpy(text + length, digits, (size_t)n);
        length += (size_t)n;
        text[length++] = '.';
        memcpy(text + length, digits + n, (size_t)(k - n));
        length += (size_t)(k - n);
    } else if (-6 < n && n <= 0) {
        text[length++] = '0';
        text[length++] = '.';
        for (int index = 0; index < -n; index++) text[length++] = '0';
        memcpy(text + length, digits, (size_t)k);
        length += (size_t)k;
    } else {
        text[length++] = digits[0];
        if (k > 1) {
            text[length++] = '.';
            memcpy(text + length, digits + 1, (size_t)(k - 1));
            length += (size_t)(k - 1);
        }
        length += (size_t)snprintf(text + length, sizeof text - length, "e%c%d", n - 1 < 0 ? '-' : '+', n - 1 < 0 ? 1 - n : n - 1);
    }
    return ls_string_ascii(text, length);
}
static void ls_write_string(ls_string value) {
    for (size_t index = 0; index < value.length; index++) {
        uint32_t point = value.data[index];
        if (point >= 0xD800 && point <= 0xDBFF && index + 1 < value.length &&
            value.data[index + 1] >= 0xDC00 && value.data[index + 1] <= 0xDFFF) {
            point = 0x10000 + ((point - 0xD800) << 10) + (uint32_t)(value.data[index + 1] - 0xDC00);
            index++;
        } else if (point >= 0xD800 && point <= 0xDFFF) {
            point = 0xFFFD;
        }
        if (point < 0x80) {
            putchar((int)point);
        } else if (point < 0x800) {
            putchar((int)(0xC0 | point >> 6));
            putchar((int)(0x80 | (point & 0x3F)));
        } else if (point < 0x10000) {
            putchar((int)(0xE0 | point >> 12));
            putchar((int)(0x80 | ((point >> 6) & 0x3F)));
            putchar((int)(0x80 | (point & 0x3F)));
        } else {
            putchar((int)(0xF0 | point >> 18));
            putchar((int)(0x80 | ((point >> 12) & 0x3F)));
            putchar((int)(0x80 | ((point >> 6) & 0x3F)));
            putchar((int)(0x80 | (point & 0x3F)));
        }
    }
}
static void ls_print_string(ls_string value) {
    ls_write_string(value);
    putchar('\n');
}
static void ls_print_number(double value) {
    if (value == 0 && signbit(value)) {
        puts("-0");
        return;
    }
    ls_print_string(ls_number_to_string(value));
}
static size_t ls_string_clamp(int32_t index, size_t length) {
    return index < 0 ? 0 : (size_t)index > length ? length : (size_t)index;
}
static size_t ls_string_relative(int32_t index, size_t length) {
    if (index < 0) return (size_t)-(int64_t)index >= length ? 0 : length - (size_t)-(int64_t)index;
    return (size_t)index < length ? (size_t)index : length;
}
static bool ls_string_matches(ls_string text, size_t at, ls_string search) {
    return at + search.length <= text.length &&
           (search.length == 0 || memcmp(text.data + at, search.data, search.length * sizeof *search.data) == 0);
}
static int32_t ls_string_index_of(ls_string text, ls_string search, int32_t position) {
    for (size_t at = ls_string_clamp(position, text.length); at + search.length <= text.length; at++) {
        if (ls_string_matches(text, at, search)) return (int32_t)at;
    }
    return -1;
}
static int32_t ls_string_last_index_of(ls_string text, ls_string search, int32_t position) {
    if (search.length > text.length) return -1;
    size_t at = ls_string_clamp(position, text.length);
    if (at > text.length - search.length) at = text.length - search.length;
    for (;; at--) {
        if (ls_string_matches(text, at, search)) return (int32_t)at;
        if (at == 0) return -1;
    }
}
static bool ls_string_starts_with(ls_string text, ls_string search) {
    return ls_string_matches(text, 0, search);
}
static bool ls_string_ends_with(ls_string text, ls_string search) {
    return search.length <= text.length && ls_string_matches(text, text.length - search.length, search);
}
static ls_string ls_string_view(ls_string text, size_t start, size_t end) {
    if (end <= start) return (ls_string){NULL, 0};
    return (ls_string){text.data + start, end - start};
}
static ls_string ls_string_slice(ls_string text, int32_t start, bool bounded, int32_t end) {
    size_t from = ls_string_relative(start, text.length);
    size_t to = bounded ? ls_string_relative(end, text.length) : text.length;
    return ls_string_view(text, from, to);
}
static bool ls_string_space(uint16_t unit) {
    return (unit >= 9 && unit <= 13) || unit == 32 || unit == 0xA0 || unit == 0x1680 ||
           (unit >= 0x2000 && unit <= 0x200A) || unit == 0x2028 || unit == 0x2029 ||
           unit == 0x202F || unit == 0x205F || unit == 0x3000 || unit == 0xFEFF;
}
static ls_string ls_string_trim(ls_string text, bool start, bool end) {
    size_t from = 0, to = text.length;
    while (start && from < to && ls_string_space(text.data[from])) from++;
    while (end && to > from && ls_string_space(text.data[to - 1])) to--;
    return ls_string_view(text, from, to);
}
static ls_string ls_string_repeat(ls_string text, int32_t count) {
    if (count < 0) ls_string_failure("LilScript native repeat count must not be negative");
    if (count == 0 || text.length == 0) return (ls_string){NULL, 0};
    if (text.length > (size_t)INT32_MAX / (size_t)count)
        ls_string_failure("LilScript native string length exceeds the runtime limit");
    uint16_t *units = ls_string_allocate(text.length * (size_t)count);
    for (int32_t index = 0; index < count; index++) memcpy(units + (size_t)index * text.length, text.data, text.length * sizeof *units);
    return (ls_string){units, text.length * (size_t)count};
}
static ls_string ls_string_case(ls_string text, bool upper) {
    if (!text.length) return text;
    uint16_t *units = ls_string_allocate(text.length);
    for (size_t index = 0; index < text.length; index++) {
        uint16_t unit = text.data[index];
        if (unit >= 0x80) ls_string_failure("LilScript native case mapping supports ASCII text only");
        if (upper && unit >= 'a' && unit <= 'z') unit = (uint16_t)(unit - 32);
        if (!upper && unit >= 'A' && unit <= 'Z') unit = (uint16_t)(unit + 32);
        units[index] = unit;
    }
    return (ls_string){units, text.length};
}
static int32_t ls_string_code_points(ls_string text) {
    int32_t count = 0;
    for (size_t index = 0; index < text.length; index++, count++) {
        if (text.data[index] >= 0xD800 && text.data[index] <= 0xDBFF && index + 1 < text.length &&
            text.data[index + 1] >= 0xDC00 && text.data[index + 1] <= 0xDFFF) index++;
    }
    return count;
}
static double ls_round(double value) {
    if (!isfinite(value) || value == 0) return value;
    if (value > 0 && value < 0.5) return 0.0;
    if (value < 0 && value >= -0.5) return -0.0;
    double floor_value = floor(value);
    return value - floor_value >= 0.5 ? floor_value + 1.0 : floor_value;
}
static double ls_min(double left, double right) {
    if (left != left || right != right) return NAN;
    if (left == 0 && right == 0) return signbit(left) ? left : right;
    return left < right ? left : right;
}
static double ls_max(double left, double right) {
    if (left != left || right != right) return NAN;
    if (left == 0 && right == 0) return signbit(left) ? right : left;
    return left > right ? left : right;
}
#include <stdlib.h>
typedef struct ls_native_object {
    size_t references;
    void (*destroy)(struct ls_native_object *);
} ls_native_object;

static uint64_t ls_native_identity_counter;
#ifdef LS_NATIVE_QUALIFICATION
static size_t ls_native_live_objects;
#endif

static void ls_native_resource_failure(void) {
    fputs("LilScript native runtime resource exhaustion\n", stderr);
    abort();
}

static void *ls_native_allocate(size_t bytes,
                               void (*destroy)(ls_native_object *)) {
    if (bytes < sizeof(ls_native_object)) ls_native_resource_failure();
    ls_native_object *object = malloc(bytes);
    if (!object) ls_native_resource_failure();
    object->references = 1;
    object->destroy = destroy;
#ifdef LS_NATIVE_QUALIFICATION
    if (ls_native_live_objects == SIZE_MAX) ls_native_resource_failure();
    ++ls_native_live_objects;
#endif
    return object;
}

void ls_native_retain(void *environment) {
    ls_native_object *object = environment;
    if (!object) return;
    if (object->references == SIZE_MAX) ls_native_resource_failure();
    ++object->references;
}

void ls_native_release(void *environment) {
    ls_native_object *object = environment;
    if (!object) return;
    if (--object->references != 0) return;
    if (object->destroy) object->destroy(object);
#ifdef LS_NATIVE_QUALIFICATION
    --ls_native_live_objects;
#endif
    free(object);
}

static uint64_t ls_native_fresh_identity(void) {
    if (ls_native_identity_counter == UINT64_MAX) ls_native_resource_failure();
    return ++ls_native_identity_counter;
}
typedef struct ls_value {
    uint8_t tag;
    /* A callable payload's physical signature. */
    uint32_t signature;
    union {
        int32_t i;
        double f;
        bool b;
        ls_string s;
        ls_native_object *o;
        struct { void (*code)(void); void *environment; uint64_t identity; } c;
    } as;
} ls_value;
enum { LS_NULL, LS_INT, LS_FLOAT, LS_BOOL, LS_STRING, LS_OBJECT, LS_ARRAY, LS_CALLABLE, LS_SYMBOL };
static void ls_value_mismatch(void) {
    fputs("LilScript native value has an unexpected type\n", stderr);
    abort();
}
static void ls_value_retain(ls_value value) {
    if (value.tag == LS_OBJECT || value.tag == LS_ARRAY || value.tag == LS_SYMBOL) ls_native_retain(value.as.o);
    else if (value.tag == LS_CALLABLE) ls_native_retain(value.as.c.environment);
}
static void ls_value_release(ls_value value) {
    if (value.tag == LS_OBJECT || value.tag == LS_ARRAY || value.tag == LS_SYMBOL) ls_native_release(value.as.o);
    else if (value.tag == LS_CALLABLE) ls_native_release(value.as.c.environment);
}
static void ls_value_copy(ls_value *slot, ls_value value) { ls_value_retain(value); ls_value_release(*slot); *slot = value; }
static void ls_value_take(ls_value *slot, ls_value value) { ls_value_release(*slot); *slot = value; }
static void ls_value_clear(ls_value *slot) { ls_value_release(*slot); *slot = (ls_value){0}; }
static ls_value ls_value_int(int32_t value) { ls_value result = {LS_INT}; result.as.i = value; return result; }
static ls_value ls_value_float(double value) { ls_value result = {LS_FLOAT}; result.as.f = value; return result; }
static ls_value ls_value_bool(bool value) { ls_value result = {LS_BOOL}; result.as.b = value; return result; }
static ls_value ls_value_string(ls_string value) { ls_value result = {LS_STRING}; result.as.s = value; return result; }
static ls_value ls_value_object(ls_native_object *value) { ls_value result = {LS_OBJECT}; result.as.o = value; return result; }
static ls_value ls_value_array(ls_native_object *value) { ls_value result = {LS_ARRAY}; result.as.o = value; return result; }
static ls_value ls_value_symbol(ls_native_object *value) { ls_value result = {LS_SYMBOL}; result.as.o = value; return result; }
static int32_t ls_value_to_int(ls_value value) { if (value.tag != LS_INT) ls_value_mismatch(); return value.as.i; }
static double ls_value_to_number(ls_value value) {
    if (value.tag == LS_INT) return (double)value.as.i;
    if (value.tag != LS_FLOAT) ls_value_mismatch();
    return value.as.f;
}
static bool ls_value_to_bool(ls_value value) { if (value.tag != LS_BOOL) ls_value_mismatch(); return value.as.b; }
static ls_string ls_value_to_string(ls_value value) { if (value.tag != LS_STRING) ls_value_mismatch(); return value.as.s; }
/* A reference slot of a class instance holds null until `init` stores it,
   as in JavaScript: null unboxes to the empty slot there. */
static ls_native_object *ls_value_to_object(ls_value value) {
    if (value.tag == LS_NULL) return NULL;
    if (value.tag != LS_OBJECT) ls_value_mismatch();
    return value.as.o;
}
static ls_native_object *ls_value_to_array(ls_value value) {
    if (value.tag == LS_NULL) return NULL;
    if (value.tag != LS_ARRAY) ls_value_mismatch();
    return value.as.o;
}
static ls_native_object *ls_value_to_symbol(ls_value value) { if (value.tag != LS_SYMBOL) ls_value_mismatch(); return value.as.o; }
static bool ls_value_number(ls_value value) { return value.tag == LS_INT || value.tag == LS_FLOAT; }
/* JavaScript strict equality: numbers by value, strings by code units,
   everything else by identity. */
static bool ls_value_equal(ls_value left, ls_value right) {
    if (ls_value_number(left) && ls_value_number(right)) return ls_value_to_number(left) == ls_value_to_number(right);
    if (left.tag != right.tag) return false;
    switch (left.tag) {
    case LS_NULL: return true;
    case LS_BOOL: return left.as.b == right.as.b;
    case LS_STRING: return ls_string_equal(left.as.s, right.as.s);
    case LS_OBJECT: case LS_ARRAY: case LS_SYMBOL: return left.as.o == right.as.o;
    case LS_CALLABLE: return left.as.c.identity == right.as.c.identity;
    default: return false;
    }
}
/* SameValueZero, as `includes` compares: NaN finds NaN. */
static bool ls_value_same_zero(ls_value left, ls_value right) {
    if (ls_value_number(left) && ls_value_number(right)) {
        double x = ls_value_to_number(left), y = ls_value_to_number(right);
        return x == y || (x != x && y != y);
    }
    return ls_value_equal(left, right);
}
static void ls_print_value(ls_value value) {
    switch (value.tag) {
    case LS_NULL: puts("null"); break;
    case LS_INT: printf("%ld\n", (long)value.as.i); break;
    case LS_FLOAT: ls_print_number(value.as.f); break;
    case LS_BOOL: puts(value.as.b ? "true" : "false"); break;
    case LS_STRING: ls_print_string(value.as.s); break;
    default:
        fputs("LilScript native cannot print this value\n", stderr);
        abort();
    }
}
typedef struct { ls_native_object owner; size_t length; uint8_t *bytes; } ls_buffer;
typedef struct { ls_native_object owner; ls_native_object *buffer; size_t offset; size_t length; } ls_typed;
static void ls_binary_failure(const char *message) {
    fputs(message, stderr);
    fputc('\n', stderr);
    abort();
}
static void ls_buffer_destroy(ls_native_object *owner) { free(((ls_buffer *)owner)->bytes); }
static ls_native_object *ls_buffer_new(int32_t length) {
    if (length < 0) ls_binary_failure("LilScript native buffer length is negative");
    ls_buffer *buffer = ls_native_allocate(sizeof *buffer, ls_buffer_destroy);
    buffer->length = (size_t)length;
    buffer->bytes = calloc(length ? (size_t)length : 1, 1);
    if (!buffer->bytes) ls_native_resource_failure();
    return &buffer->owner;
}
static int32_t ls_buffer_byte_length(ls_native_object *owner) { return (int32_t)((ls_buffer *)owner)->length; }
static size_t ls_binary_relative(int32_t index, size_t length) {
    if (index < 0) return (size_t)-(int64_t)index >= length ? 0 : length - (size_t)-(int64_t)index;
    return (size_t)index < length ? (size_t)index : length;
}
static ls_native_object *ls_buffer_slice(ls_native_object *owner, int32_t start, int32_t end) {
    ls_buffer *buffer = (ls_buffer *)owner;
    size_t from = ls_binary_relative(start, buffer->length), to = ls_binary_relative(end, buffer->length);
    size_t length = to > from ? to - from : 0;
    ls_native_object *result = ls_buffer_new((int32_t)length);
    if (length) memcpy(((ls_buffer *)result)->bytes, buffer->bytes + from, length);
    return result;
}
static void ls_typed_destroy(ls_native_object *owner) { ls_native_release(((ls_typed *)owner)->buffer); }
static ls_native_object *ls_typed_view(ls_native_object *buffer, size_t offset, size_t length) {
    ls_typed *view = ls_native_allocate(sizeof *view, ls_typed_destroy);
    ls_native_retain(buffer);
    view->buffer = buffer;
    view->offset = offset;
    view->length = length;
    return &view->owner;
}
static ls_native_object *ls_typed_new(int32_t length, size_t size) {
    if (length < 0) ls_binary_failure("LilScript native typed array length is negative");
    if ((size_t)length > (size_t)INT32_MAX / size) ls_native_resource_failure();
    ls_native_object *buffer = ls_buffer_new((int32_t)((size_t)length * size));
    ls_native_object *view = ls_typed_view(buffer, 0, (size_t)length);
    ls_native_release(buffer);
    return view;
}
static ls_native_object *ls_typed_over(ls_native_object *buffer, size_t size) {
    size_t length = ((ls_buffer *)buffer)->length;
    if (length % size) ls_binary_failure("LilScript native buffer length is not a multiple of the element size");
    return ls_typed_view(buffer, 0, length / size);
}
static int32_t ls_typed_length(ls_native_object *owner) { return (int32_t)((ls_typed *)owner)->length; }
static int32_t ls_typed_byte_offset(ls_native_object *owner) { return (int32_t)((ls_typed *)owner)->offset; }
static ls_native_object *ls_typed_buffer(ls_native_object *owner) { return ((ls_typed *)owner)->buffer; }
static uint8_t *ls_typed_at(ls_native_object *owner, int32_t index, size_t size) {
    ls_typed *view = (ls_typed *)owner;
    if (index < 0 || (size_t)index >= view->length) return NULL;
    return ((ls_buffer *)view->buffer)->bytes + view->offset + (size_t)index * size;
}
static ls_native_object *ls_typed_subarray(ls_native_object *owner, int32_t start, int32_t end, size_t size) {
    ls_typed *view = (ls_typed *)owner;
    size_t from = ls_binary_relative(start, view->length), to = ls_binary_relative(end, view->length);
    return ls_typed_view(view->buffer, view->offset + from * size, to > from ? to - from : 0);
}
static ls_native_object *ls_typed_slice(ls_native_object *owner, int32_t start, int32_t end, size_t size) {
    ls_typed *view = (ls_typed *)owner;
    size_t from = ls_binary_relative(start, view->length), to = ls_binary_relative(end, view->length);
    size_t length = to > from ? to - from : 0;
    ls_native_object *result = ls_typed_new((int32_t)length, size);
    if (length) memcpy(((ls_buffer *)((ls_typed *)result)->buffer)->bytes, ((ls_buffer *)view->buffer)->bytes + view->offset + from * size, length * size);
    return result;
}
static void ls_typed_undefined(void) { ls_binary_failure("LilScript native typed array index out of range"); }
#define LS_TYPED_INT(name, type, read, write) \
static int32_t ls_typed_get_##name(ls_native_object *owner, int32_t index) { \
    uint8_t *at = ls_typed_at(owner, index, sizeof(type)); \
    if (!at) ls_typed_undefined(); \
    type value; memcpy(&value, at, sizeof value); return read; \
} \
static void ls_typed_set_##name(ls_native_object *owner, int32_t index, int32_t input) { \
    uint8_t *at = ls_typed_at(owner, index, sizeof(type)); \
    if (!at) return; \
    type value = write; memcpy(at, &value, sizeof value); \
}
LS_TYPED_INT(int8, int8_t, (int32_t)value, (int8_t)(uint8_t)(uint32_t)input)
LS_TYPED_INT(uint8, uint8_t, (int32_t)value, (uint8_t)(uint32_t)input)
LS_TYPED_INT(uint8c, uint8_t, (int32_t)value, (uint8_t)(input < 0 ? 0 : input > 255 ? 255 : input))
LS_TYPED_INT(int16, int16_t, (int32_t)value, (int16_t)(uint16_t)(uint32_t)input)
LS_TYPED_INT(uint16, uint16_t, (int32_t)value, (uint16_t)(uint32_t)input)
LS_TYPED_INT(int32, int32_t, value, input)
LS_TYPED_INT(uint32, uint32_t, ls_from_u32(value), (uint32_t)input)
static double ls_typed_get_float32(ls_native_object *owner, int32_t index) {
    uint8_t *at = ls_typed_at(owner, index, sizeof(float));
    if (!at) ls_typed_undefined();
    float value; memcpy(&value, at, sizeof value); return (double)value;
}
static void ls_typed_set_float32(ls_native_object *owner, int32_t index, double input) {
    uint8_t *at = ls_typed_at(owner, index, sizeof(float));
    if (!at) return;
    float value = (float)input; memcpy(at, &value, sizeof value);
}
static double ls_typed_get_float64(ls_native_object *owner, int32_t index) {
    uint8_t *at = ls_typed_at(owner, index, sizeof(double));
    if (!at) ls_typed_undefined();
    double value; memcpy(&value, at, sizeof value); return value;
}
static void ls_typed_set_float64(ls_native_object *owner, int32_t index, double input) {
    uint8_t *at = ls_typed_at(owner, index, sizeof(double));
    if (!at) return;
    memcpy(at, &input, sizeof input);
}
#include <stddef.h>
#include <stdint.h>
void ls_native_retain(void *environment);
void ls_native_release(void *environment);
#ifdef LS_NATIVE_QUALIFICATION
size_t ls_native_owned_objects(void) {
    return ls_native_live_objects;
}
#endif
static void ls_object_copy(ls_native_object **slot, ls_native_object *value) { ls_native_retain(value); ls_native_release(*slot); *slot = value; }
static void ls_object_take(ls_native_object **slot, ls_native_object *value) { ls_native_release(*slot); *slot = value; }
static void ls_object_clear(ls_native_object **slot) { ls_native_release(*slot); *slot = NULL; }
static const uint16_t ls_s2[] = {55297,56320,};
static const uint16_t ls_s4[] = {120,};
#include <stdlib.h>
static void ls_native_unbound(void) {
fputs("LilScript native module binding used before initialization\n", stderr);
abort();
}
static ls_native_object * ls_c3 = NULL;
static bool ls_ready3;
static ls_native_object * *ls_g3(void) {
if (!ls_ready3) ls_native_unbound();
return &ls_c3;
}
static int32_t ls_c11;
static bool ls_ready11;
static int32_t *ls_g11(void) {
if (!ls_ready11) ls_native_unbound();
return &ls_c11;
}
static void ls_init0(void);
static ls_native_object * ls_fn1(void);
static int32_t ls_fn2(void);
static void ls_init0(void) {
ls_native_object * ls_c2 = NULL;
ls_native_object * ls_c4 = NULL;
ls_native_object * ls_c5 = NULL;
ls_native_object * ls_c6 = NULL;
ls_native_object * ls_c7 = NULL;
ls_native_object * ls_c8 = NULL;
ls_native_object * ls_c9 = NULL;
ls_native_object * ls_c10 = NULL;
int32_t ls_v2;
ls_native_object * ls_v3 = NULL;
ls_native_object * ls_v4 = NULL;
int32_t ls_v5;
int32_t ls_v6;
int32_t ls_v7;
ls_native_object * ls_v8 = NULL;
ls_native_object * ls_v9 = NULL;
int32_t ls_v10;
int32_t ls_v11;
int32_t ls_v12;
ls_native_object * ls_v13 = NULL;
ls_native_object * ls_v14 = NULL;
int32_t ls_v15;
int32_t ls_v16;
int32_t ls_v17;
ls_native_object * ls_v18 = NULL;
ls_native_object * ls_v19 = NULL;
int32_t ls_v20;
int32_t ls_v21;
int32_t ls_v22;
ls_native_object * ls_v23 = NULL;
ls_native_object * ls_v24 = NULL;
int32_t ls_v25;
int32_t ls_v26;
int32_t ls_v27;
ls_native_object * ls_v28 = NULL;
ls_native_object * ls_v29 = NULL;
int32_t ls_v30;
int32_t ls_v31;
int32_t ls_v32;
int32_t ls_v33;
ls_native_object * ls_v34 = NULL;
ls_native_object * ls_v35 = NULL;
int32_t ls_v36;
int32_t ls_v37;
int32_t ls_v38;
ls_native_object * ls_v39 = NULL;
ls_native_object * ls_v40 = NULL;
int32_t ls_v41;
double ls_v42;
int32_t ls_v43;
ls_native_object * ls_v44 = NULL;
ls_native_object * ls_v45 = NULL;
int32_t ls_v46;
double ls_v47;
ls_native_object * ls_v48 = NULL;
int32_t ls_v49;
int32_t ls_v50;
int32_t ls_v51;
bool ls_v52;
bool ls_v53;
bool ls_v54;
int32_t ls_v55;
ls_value ls_v56 = {0};
ls_value ls_v57 = {0};
int32_t ls_v58;
int32_t ls_v59;
ls_native_object * ls_v61 = NULL;
int32_t ls_v62;
int32_t ls_v63;
int32_t ls_v64;
bool ls_v65;
bool ls_v66;
bool ls_v67;
int32_t ls_v68;
ls_value ls_v69 = {0};
ls_value ls_v70 = {0};
int32_t ls_v71;
int32_t ls_v72;
ls_native_object * ls_v74 = NULL;
int32_t ls_v75;
int32_t ls_v76;
int32_t ls_v77;
bool ls_v78;
bool ls_v79;
bool ls_v80;
int32_t ls_v81;
ls_value ls_v82 = {0};
ls_value ls_v83 = {0};
int32_t ls_v84;
int32_t ls_v85;
ls_native_object * ls_v87 = NULL;
int32_t ls_v88;
int32_t ls_v89;
int32_t ls_v90;
bool ls_v91;
bool ls_v92;
bool ls_v93;
int32_t ls_v94;
ls_value ls_v95 = {0};
ls_value ls_v96 = {0};
int32_t ls_v97;
int32_t ls_v98;
ls_native_object * ls_v100 = NULL;
int32_t ls_v101;
int32_t ls_v102;
int32_t ls_v103;
bool ls_v104;
bool ls_v105;
bool ls_v106;
int32_t ls_v107;
ls_value ls_v108 = {0};
ls_value ls_v109 = {0};
int32_t ls_v110;
int32_t ls_v111;
ls_native_object * ls_v113 = NULL;
int32_t ls_v114;
int32_t ls_v115;
int32_t ls_v116;
bool ls_v117;
bool ls_v118;
bool ls_v119;
int32_t ls_v120;
ls_value ls_v121 = {0};
ls_value ls_v122 = {0};
int32_t ls_v123;
int32_t ls_v124;
ls_native_object * ls_v126 = NULL;
int32_t ls_v127;
int32_t ls_v128;
int32_t ls_v129;
bool ls_v130;
bool ls_v131;
bool ls_v132;
int32_t ls_v133;
ls_value ls_v134 = {0};
ls_value ls_v135 = {0};
int32_t ls_v136;
int32_t ls_v137;
ls_native_object * ls_v139 = NULL;
int32_t ls_v140;
int32_t ls_v141;
int32_t ls_v142;
bool ls_v143;
bool ls_v144;
bool ls_v145;
double ls_v146;
ls_value ls_v147 = {0};
ls_value ls_v148 = {0};
double ls_v149;
double ls_v150;
ls_native_object * ls_v152 = NULL;
int32_t ls_v153;
int32_t ls_v154;
int32_t ls_v155;
bool ls_v156;
bool ls_v157;
bool ls_v158;
double ls_v159;
ls_value ls_v160 = {0};
ls_value ls_v161 = {0};
double ls_v162;
double ls_v163;
ls_native_object * ls_v165 = NULL;
int32_t ls_v166;
int32_t ls_v167;
int32_t ls_v168;
int32_t ls_v169;
bool ls_v170;
bool ls_v171;
bool ls_v172;
int32_t ls_v173;
ls_value ls_v174 = {0};
ls_value ls_v175 = {0};
ls_value ls_v176 = {0};
bool ls_v177;
ls_native_object * ls_v179 = NULL;
int32_t ls_v180;
int32_t ls_v181;
int32_t ls_v182;
bool ls_v183;
bool ls_v184;
bool ls_v185;
int32_t ls_v186;
ls_value ls_v187 = {0};
ls_value ls_v188 = {0};
ls_value ls_v189 = {0};
bool ls_v190;
ls_native_object * ls_v192 = NULL;
int32_t ls_v193;
int32_t ls_v194;
int32_t ls_v195;
int32_t ls_v196;
bool ls_v197;
bool ls_v198;
bool ls_v199;
double ls_v200;
ls_value ls_v201 = {0};
ls_value ls_v202 = {0};
ls_value ls_v203 = {0};
bool ls_v204;
ls_native_object * ls_v206 = NULL;
int32_t ls_v207;
int32_t ls_v208;
int32_t ls_v209;
bool ls_v210;
bool ls_v211;
bool ls_v212;
double ls_v213;
ls_value ls_v214 = {0};
ls_value ls_v215 = {0};
ls_value ls_v216 = {0};
bool ls_v217;
int32_t ls_v219;
ls_native_object * ls_v221 = NULL;
int32_t ls_v223;
int32_t ls_v224;
int32_t ls_v225;
bool ls_v226;
bool ls_v227;
bool ls_v228;
int32_t ls_v229;
ls_value ls_v230 = {0};
ls_value ls_v231 = {0};
int32_t ls_v232;
int32_t ls_v233;
int32_t ls_v235;
ls_string ls_v237;
int32_t ls_v238;
int32_t ls_v239;
ls_string ls_v241;
int32_t ls_v242;
int32_t ls_v243;
ls_string ls_v245;
int32_t ls_v246;
int32_t ls_v247;
int32_t ls_v248;
ls_string ls_v250;
int32_t ls_v251;
int32_t ls_v252;
ls_v2 = ls_from_u32(UINT32_C(1));
ls_object_take(&(ls_v3),ls_typed_new(ls_v2, 1));
ls_object_take(&(ls_c2),ls_v3);
ls_v3 = (ls_native_object *){0};
ls_object_copy(&(ls_v4),ls_c2);
ls_v5 = ls_from_u32(UINT32_C(0));
ls_v6 = ls_from_u32(UINT32_C(255));
ls_typed_set_int8(ls_v4,ls_v5,ls_v6);
ls_v7 = ls_from_u32(UINT32_C(1));
ls_object_take(&(ls_v8),ls_typed_new(ls_v7, 1));
ls_object_take(&(ls_c3),ls_v8);
ls_v8 = (ls_native_object *){0};
ls_ready3 = true;
ls_object_copy(&(ls_v9),ls_c3);
ls_v10 = ls_from_u32(UINT32_C(0));
ls_v11 = ls_from_u32(UINT32_C(255));
ls_typed_set_uint8(ls_v9,ls_v10,ls_v11);
ls_v12 = ls_from_u32(UINT32_C(1));
ls_object_take(&(ls_v13),ls_typed_new(ls_v12, 1));
ls_object_take(&(ls_c4),ls_v13);
ls_v13 = (ls_native_object *){0};
ls_object_copy(&(ls_v14),ls_c4);
ls_v15 = ls_from_u32(UINT32_C(0));
ls_v16 = ls_from_u32(UINT32_C(999));
ls_typed_set_uint8c(ls_v14,ls_v15,ls_v16);
ls_v17 = ls_from_u32(UINT32_C(1));
ls_object_take(&(ls_v18),ls_typed_new(ls_v17, 2));
ls_object_take(&(ls_c5),ls_v18);
ls_v18 = (ls_native_object *){0};
ls_object_copy(&(ls_v19),ls_c5);
ls_v20 = ls_from_u32(UINT32_C(0));
ls_v21 = ls_from_u32(UINT32_C(65535));
ls_typed_set_int16(ls_v19,ls_v20,ls_v21);
ls_v22 = ls_from_u32(UINT32_C(1));
ls_object_take(&(ls_v23),ls_typed_new(ls_v22, 2));
ls_object_take(&(ls_c6),ls_v23);
ls_v23 = (ls_native_object *){0};
ls_object_copy(&(ls_v24),ls_c6);
ls_v25 = ls_from_u32(UINT32_C(0));
ls_v26 = ls_from_u32(UINT32_C(65535));
ls_typed_set_uint16(ls_v24,ls_v25,ls_v26);
ls_v27 = ls_from_u32(UINT32_C(1));
ls_object_take(&(ls_v28),ls_typed_new(ls_v27, 4));
ls_object_take(&(ls_c7),ls_v28);
ls_v28 = (ls_native_object *){0};
ls_object_copy(&(ls_v29),ls_c7);
ls_v30 = ls_from_u32(UINT32_C(0));
ls_v31 = ls_from_u32(UINT32_C(7));
ls_v32 = ls_from_u32((uint32_t)(UINT32_C(0) - (uint32_t)ls_v31));
ls_typed_set_int32(ls_v29,ls_v30,ls_v32);
ls_v33 = ls_from_u32(UINT32_C(1));
ls_object_take(&(ls_v34),ls_typed_new(ls_v33, 4));
ls_object_take(&(ls_c8),ls_v34);
ls_v34 = (ls_native_object *){0};
ls_object_copy(&(ls_v35),ls_c8);
ls_v36 = ls_from_u32(UINT32_C(0));
ls_v37 = ls_from_u32(UINT32_C(7));
ls_typed_set_uint32(ls_v35,ls_v36,ls_v37);
ls_v38 = ls_from_u32(UINT32_C(1));
ls_object_take(&(ls_v39),ls_typed_new(ls_v38, 4));
ls_object_take(&(ls_c9),ls_v39);
ls_v39 = (ls_native_object *){0};
ls_object_copy(&(ls_v40),ls_c9);
ls_v41 = ls_from_u32(UINT32_C(0));
ls_v42 = ls_f64_bits(UINT64_C(4609434218613702656));
ls_typed_set_float32(ls_v40,ls_v41,ls_v42);
ls_v43 = ls_from_u32(UINT32_C(1));
ls_object_take(&(ls_v44),ls_typed_new(ls_v43, 8));
ls_object_take(&(ls_c10),ls_v44);
ls_v44 = (ls_native_object *){0};
ls_object_copy(&(ls_v45),ls_c10);
ls_v46 = ls_from_u32(UINT32_C(0));
ls_v47 = ls_f64_bits(UINT64_C(4612248968380809216));
ls_typed_set_float64(ls_v45,ls_v46,ls_v47);
ls_object_copy(&(ls_v48),ls_c2);
ls_v49 = ls_from_u32(UINT32_C(0));
ls_v50 = ls_from_u32(UINT32_C(0));
ls_v51 = ls_typed_length(ls_v48);
ls_v52 = ls_v49 >= ls_v50;
ls_v54 = ls_v52;
if (ls_v52) {
ls_v53 = ls_v49 < ls_v51;
ls_v54 = ls_v53;
}
if (ls_v54) {
ls_v55 = ls_typed_get_int8(ls_v48,ls_v49);
ls_v57 = ls_value_int(ls_v55);
} else {
ls_v56 = (ls_value){0};
ls_v57 = ls_v56;
}
if (ls_v57.tag != LS_NULL) {
ls_v59 = ls_value_to_int(ls_v57);
} else {
ls_v58 = ls_from_u32(UINT32_C(0));
ls_v59 = ls_v58;
}
printf("%ld\n",(long)ls_v59);
ls_object_copy(&(ls_v61),ls_c3);
ls_v62 = ls_from_u32(UINT32_C(0));
ls_v63 = ls_from_u32(UINT32_C(0));
ls_v64 = ls_typed_length(ls_v61);
ls_v65 = ls_v62 >= ls_v63;
ls_v67 = ls_v65;
if (ls_v65) {
ls_v66 = ls_v62 < ls_v64;
ls_v67 = ls_v66;
}
if (ls_v67) {
ls_v68 = ls_typed_get_uint8(ls_v61,ls_v62);
ls_v70 = ls_value_int(ls_v68);
} else {
ls_v69 = (ls_value){0};
ls_v70 = ls_v69;
}
if (ls_v70.tag != LS_NULL) {
ls_v72 = ls_value_to_int(ls_v70);
} else {
ls_v71 = ls_from_u32(UINT32_C(0));
ls_v72 = ls_v71;
}
printf("%ld\n",(long)ls_v72);
ls_object_copy(&(ls_v74),ls_c4);
ls_v75 = ls_from_u32(UINT32_C(0));
ls_v76 = ls_from_u32(UINT32_C(0));
ls_v77 = ls_typed_length(ls_v74);
ls_v78 = ls_v75 >= ls_v76;
ls_v80 = ls_v78;
if (ls_v78) {
ls_v79 = ls_v75 < ls_v77;
ls_v80 = ls_v79;
}
if (ls_v80) {
ls_v81 = ls_typed_get_uint8c(ls_v74,ls_v75);
ls_v83 = ls_value_int(ls_v81);
} else {
ls_v82 = (ls_value){0};
ls_v83 = ls_v82;
}
if (ls_v83.tag != LS_NULL) {
ls_v85 = ls_value_to_int(ls_v83);
} else {
ls_v84 = ls_from_u32(UINT32_C(0));
ls_v85 = ls_v84;
}
printf("%ld\n",(long)ls_v85);
ls_object_copy(&(ls_v87),ls_c5);
ls_v88 = ls_from_u32(UINT32_C(0));
ls_v89 = ls_from_u32(UINT32_C(0));
ls_v90 = ls_typed_length(ls_v87);
ls_v91 = ls_v88 >= ls_v89;
ls_v93 = ls_v91;
if (ls_v91) {
ls_v92 = ls_v88 < ls_v90;
ls_v93 = ls_v92;
}
if (ls_v93) {
ls_v94 = ls_typed_get_int16(ls_v87,ls_v88);
ls_v96 = ls_value_int(ls_v94);
} else {
ls_v95 = (ls_value){0};
ls_v96 = ls_v95;
}
if (ls_v96.tag != LS_NULL) {
ls_v98 = ls_value_to_int(ls_v96);
} else {
ls_v97 = ls_from_u32(UINT32_C(0));
ls_v98 = ls_v97;
}
printf("%ld\n",(long)ls_v98);
ls_object_copy(&(ls_v100),ls_c6);
ls_v101 = ls_from_u32(UINT32_C(0));
ls_v102 = ls_from_u32(UINT32_C(0));
ls_v103 = ls_typed_length(ls_v100);
ls_v104 = ls_v101 >= ls_v102;
ls_v106 = ls_v104;
if (ls_v104) {
ls_v105 = ls_v101 < ls_v103;
ls_v106 = ls_v105;
}
if (ls_v106) {
ls_v107 = ls_typed_get_uint16(ls_v100,ls_v101);
ls_v109 = ls_value_int(ls_v107);
} else {
ls_v108 = (ls_value){0};
ls_v109 = ls_v108;
}
if (ls_v109.tag != LS_NULL) {
ls_v111 = ls_value_to_int(ls_v109);
} else {
ls_v110 = ls_from_u32(UINT32_C(0));
ls_v111 = ls_v110;
}
printf("%ld\n",(long)ls_v111);
ls_object_copy(&(ls_v113),ls_c7);
ls_v114 = ls_from_u32(UINT32_C(0));
ls_v115 = ls_from_u32(UINT32_C(0));
ls_v116 = ls_typed_length(ls_v113);
ls_v117 = ls_v114 >= ls_v115;
ls_v119 = ls_v117;
if (ls_v117) {
ls_v118 = ls_v114 < ls_v116;
ls_v119 = ls_v118;
}
if (ls_v119) {
ls_v120 = ls_typed_get_int32(ls_v113,ls_v114);
ls_v122 = ls_value_int(ls_v120);
} else {
ls_v121 = (ls_value){0};
ls_v122 = ls_v121;
}
if (ls_v122.tag != LS_NULL) {
ls_v124 = ls_value_to_int(ls_v122);
} else {
ls_v123 = ls_from_u32(UINT32_C(0));
ls_v124 = ls_v123;
}
printf("%ld\n",(long)ls_v124);
ls_object_copy(&(ls_v126),ls_c8);
ls_v127 = ls_from_u32(UINT32_C(0));
ls_v128 = ls_from_u32(UINT32_C(0));
ls_v129 = ls_typed_length(ls_v126);
ls_v130 = ls_v127 >= ls_v128;
ls_v132 = ls_v130;
if (ls_v130) {
ls_v131 = ls_v127 < ls_v129;
ls_v132 = ls_v131;
}
if (ls_v132) {
ls_v133 = ls_typed_get_uint32(ls_v126,ls_v127);
ls_v135 = ls_value_int(ls_v133);
} else {
ls_v134 = (ls_value){0};
ls_v135 = ls_v134;
}
if (ls_v135.tag != LS_NULL) {
ls_v137 = ls_value_to_int(ls_v135);
} else {
ls_v136 = ls_from_u32(UINT32_C(0));
ls_v137 = ls_v136;
}
printf("%ld\n",(long)ls_v137);
ls_object_copy(&(ls_v139),ls_c9);
ls_v140 = ls_from_u32(UINT32_C(0));
ls_v141 = ls_from_u32(UINT32_C(0));
ls_v142 = ls_typed_length(ls_v139);
ls_v143 = ls_v140 >= ls_v141;
ls_v145 = ls_v143;
if (ls_v143) {
ls_v144 = ls_v140 < ls_v142;
ls_v145 = ls_v144;
}
if (ls_v145) {
ls_v146 = ls_typed_get_float32(ls_v139,ls_v140);
ls_v148 = ls_value_float(ls_v146);
} else {
ls_v147 = (ls_value){0};
ls_v148 = ls_v147;
}
if (ls_v148.tag != LS_NULL) {
ls_v150 = ls_value_to_number(ls_v148);
} else {
ls_v149 = ls_f64_bits(UINT64_C(0));
ls_v150 = ls_v149;
}
ls_print_number(ls_v150);
ls_object_copy(&(ls_v152),ls_c10);
ls_v153 = ls_from_u32(UINT32_C(0));
ls_v154 = ls_from_u32(UINT32_C(0));
ls_v155 = ls_typed_length(ls_v152);
ls_v156 = ls_v153 >= ls_v154;
ls_v158 = ls_v156;
if (ls_v156) {
ls_v157 = ls_v153 < ls_v155;
ls_v158 = ls_v157;
}
if (ls_v158) {
ls_v159 = ls_typed_get_float64(ls_v152,ls_v153);
ls_v161 = ls_value_float(ls_v159);
} else {
ls_v160 = (ls_value){0};
ls_v161 = ls_v160;
}
if (ls_v161.tag != LS_NULL) {
ls_v163 = ls_value_to_number(ls_v161);
} else {
ls_v162 = ls_f64_bits(UINT64_C(0));
ls_v163 = ls_v162;
}
ls_print_number(ls_v163);
ls_object_copy(&(ls_v165),ls_c2);
ls_v166 = ls_from_u32(UINT32_C(1));
ls_v167 = ls_from_u32((uint32_t)(UINT32_C(0) - (uint32_t)ls_v166));
ls_v168 = ls_from_u32(UINT32_C(0));
ls_v169 = ls_typed_length(ls_v165);
ls_v170 = ls_v167 >= ls_v168;
ls_v172 = ls_v170;
if (ls_v170) {
ls_v171 = ls_v167 < ls_v169;
ls_v172 = ls_v171;
}
if (ls_v172) {
ls_v173 = ls_typed_get_int8(ls_v165,ls_v167);
ls_v175 = ls_value_int(ls_v173);
} else {
ls_v174 = (ls_value){0};
ls_v175 = ls_v174;
}
ls_v176 = (ls_value){0};
ls_v177 = ls_value_equal(ls_v175,ls_v176);
puts(ls_v177 ? "true" : "false");
ls_object_copy(&(ls_v179),ls_c3);
ls_v180 = ls_from_u32(UINT32_C(1));
ls_v181 = ls_from_u32(UINT32_C(0));
ls_v182 = ls_typed_length(ls_v179);
ls_v183 = ls_v180 >= ls_v181;
ls_v185 = ls_v183;
if (ls_v183) {
ls_v184 = ls_v180 < ls_v182;
ls_v185 = ls_v184;
}
if (ls_v185) {
ls_v186 = ls_typed_get_uint8(ls_v179,ls_v180);
ls_v188 = ls_value_int(ls_v186);
} else {
ls_v187 = (ls_value){0};
ls_v188 = ls_v187;
}
ls_v189 = (ls_value){0};
ls_v190 = ls_value_equal(ls_v188,ls_v189);
puts(ls_v190 ? "true" : "false");
ls_object_copy(&(ls_v192),ls_c9);
ls_v193 = ls_from_u32(UINT32_C(1));
ls_v194 = ls_from_u32((uint32_t)(UINT32_C(0) - (uint32_t)ls_v193));
ls_v195 = ls_from_u32(UINT32_C(0));
ls_v196 = ls_typed_length(ls_v192);
ls_v197 = ls_v194 >= ls_v195;
ls_v199 = ls_v197;
if (ls_v197) {
ls_v198 = ls_v194 < ls_v196;
ls_v199 = ls_v198;
}
if (ls_v199) {
ls_v200 = ls_typed_get_float32(ls_v192,ls_v194);
ls_v202 = ls_value_float(ls_v200);
} else {
ls_v201 = (ls_value){0};
ls_v202 = ls_v201;
}
ls_v203 = (ls_value){0};
ls_v204 = ls_value_equal(ls_v202,ls_v203);
puts(ls_v204 ? "true" : "false");
ls_object_copy(&(ls_v206),ls_c10);
ls_v207 = ls_from_u32(UINT32_C(1));
ls_v208 = ls_from_u32(UINT32_C(0));
ls_v209 = ls_typed_length(ls_v206);
ls_v210 = ls_v207 >= ls_v208;
ls_v212 = ls_v210;
if (ls_v210) {
ls_v211 = ls_v207 < ls_v209;
ls_v212 = ls_v211;
}
if (ls_v212) {
ls_v213 = ls_typed_get_float64(ls_v206,ls_v207);
ls_v215 = ls_value_float(ls_v213);
} else {
ls_v214 = (ls_value){0};
ls_v215 = ls_v214;
}
ls_v216 = (ls_value){0};
ls_v217 = ls_value_equal(ls_v215,ls_v216);
puts(ls_v217 ? "true" : "false");
ls_v219 = ls_from_u32(UINT32_C(0));
ls_c11 = ls_v219;
ls_ready11 = true;
ls_object_take(&(ls_v221),ls_fn1());
ls_v223 = ls_fn2();
ls_v224 = ls_from_u32(UINT32_C(0));
ls_v225 = ls_typed_length(ls_v221);
ls_v226 = ls_v223 >= ls_v224;
ls_v228 = ls_v226;
if (ls_v226) {
ls_v227 = ls_v223 < ls_v225;
ls_v228 = ls_v227;
}
if (ls_v228) {
ls_v229 = ls_typed_get_uint8(ls_v221,ls_v223);
ls_v231 = ls_value_int(ls_v229);
} else {
ls_v230 = (ls_value){0};
ls_v231 = ls_v230;
}
if (ls_v231.tag != LS_NULL) {
ls_v233 = ls_value_to_int(ls_v231);
} else {
ls_v232 = ls_from_u32(UINT32_C(0));
ls_v233 = ls_v232;
}
printf("%ld\n",(long)ls_v233);
ls_v235 = ls_c11;
printf("%ld\n",(long)ls_v235);
ls_v237 = (ls_string){ls_s2,sizeof ls_s2/sizeof *ls_s2};
ls_v238 = ls_from_u32(UINT32_C(0));
ls_v239 = ls_code_unit_at(ls_v237,ls_v238);
printf("%ld\n",(long)ls_v239);
ls_v241 = (ls_string){ls_s2,sizeof ls_s2/sizeof *ls_s2};
ls_v242 = ls_from_u32(UINT32_C(1));
ls_v243 = ls_code_unit_at(ls_v241,ls_v242);
printf("%ld\n",(long)ls_v243);
ls_v245 = (ls_string){NULL,0};
ls_v246 = ls_from_u32(UINT32_C(1));
ls_v247 = ls_from_u32((uint32_t)(UINT32_C(0) - (uint32_t)ls_v246));
ls_v248 = ls_char_code_at(ls_v245,ls_v247);
printf("%ld\n",(long)ls_v248);
ls_v250 = (ls_string){ls_s4,sizeof ls_s4/sizeof *ls_s4};
ls_v251 = ls_from_u32(UINT32_C(1));
ls_v252 = ls_char_code_at(ls_v250,ls_v251);
printf("%ld\n",(long)ls_v252);
ls_object_clear(&ls_v221);
ls_object_clear(&ls_v206);
ls_object_clear(&ls_v192);
ls_object_clear(&ls_v179);
ls_object_clear(&ls_v165);
ls_object_clear(&ls_v152);
ls_object_clear(&ls_v139);
ls_object_clear(&ls_v126);
ls_object_clear(&ls_v113);
ls_object_clear(&ls_v100);
ls_object_clear(&ls_v87);
ls_object_clear(&ls_v74);
ls_object_clear(&ls_v61);
ls_object_clear(&ls_v48);
ls_object_clear(&ls_v45);
ls_object_clear(&ls_c10);
ls_object_clear(&ls_v44);
ls_object_clear(&ls_v40);
ls_object_clear(&ls_c9);
ls_object_clear(&ls_v39);
ls_object_clear(&ls_v35);
ls_object_clear(&ls_c8);
ls_object_clear(&ls_v34);
ls_object_clear(&ls_v29);
ls_object_clear(&ls_c7);
ls_object_clear(&ls_v28);
ls_object_clear(&ls_v24);
ls_object_clear(&ls_c6);
ls_object_clear(&ls_v23);
ls_object_clear(&ls_v19);
ls_object_clear(&ls_c5);
ls_object_clear(&ls_v18);
ls_object_clear(&ls_v14);
ls_object_clear(&ls_c4);
ls_object_clear(&ls_v13);
ls_object_clear(&ls_v9);
ls_object_clear(&ls_v8);
ls_object_clear(&ls_v4);
ls_object_clear(&ls_c2);
ls_object_clear(&ls_v3);
}
static ls_native_object * ls_fn1(void) {
int32_t ls_v0;
int32_t ls_v1;
int32_t ls_v2;
int32_t ls_v3;
int32_t ls_v4;
ls_native_object * ls_v5 = NULL;
ls_v0 = (*ls_g11());
ls_v1 = ls_from_u32(UINT32_C(10));
ls_v2 = ls_mul(ls_v0,ls_v1);
ls_v3 = ls_from_u32(UINT32_C(1));
ls_v4 = ls_from_u32((uint32_t)((uint32_t)ls_v2 + (uint32_t)ls_v3));
(*ls_g11()) = ls_v4;
ls_object_copy(&(ls_v5),(*ls_g3()));
{
ls_native_object * ls_return = ls_v5;
ls_native_retain(ls_return);
ls_object_clear(&ls_v5);
return ls_return;
}
ls_object_clear(&ls_v5);
}
static int32_t ls_fn2(void) {
int32_t ls_v0;
int32_t ls_v1;
int32_t ls_v2;
int32_t ls_v3;
int32_t ls_v4;
int32_t ls_v5;
ls_v0 = (*ls_g11());
ls_v1 = ls_from_u32(UINT32_C(10));
ls_v2 = ls_mul(ls_v0,ls_v1);
ls_v3 = ls_from_u32(UINT32_C(2));
ls_v4 = ls_from_u32((uint32_t)((uint32_t)ls_v2 + (uint32_t)ls_v3));
(*ls_g11()) = ls_v4;
ls_v5 = ls_from_u32(UINT32_C(0));
{
int32_t ls_return = ls_v5;
return ls_return;
}
}
int main(void) {
if (!ls_runtime_init()) return 1;
ls_native_identity_counter = UINT64_C(3);
ls_init0();
fflush(stdout);
ls_object_clear(&ls_c3);
ls_strings_release();
return 0;
}

native failure inputs retained at /tmp/lilscript-native-test-229199-0-checked-binary-reads
FAILED

failures:

failures:
    build::tests::s4_checked_binary_reads_and_development_traps_reach_public_routes
    program::native_tests::s4_checked_binary_reads_share_nullable_and_evaluation_contracts

test result: FAILED. 0 passed; 2 failed; 0 ignored; 0 measured; 1891 filtered out; finished in 0.91s

