
running 36 tests
test build::tests::q4_service_reports_lazy_data_availability_and_explicit_permissions ... ok
test compilation_policy::tests::q4_lazy_data_requires_explicit_recurring_and_startup_permissions ... ok
test js::tables::tests::a_flat_string_table_is_front_coded_in_utf16_units ... ok
test js::tables::tests::a_metrics_table_decodes_exactly_under_every_alternative ... ok
test js::tables::tests::q3_data_ranking_uses_each_objective_and_keeps_negative_legal_alternatives ... ok
test js::tables::tests::q4_all_data_forms_observe_independent_dictionary_oracle ... ok
test js::tables::tests::q4_decoder_definitions_follow_each_module_owner_and_share_within_it ... ok
test js::tables::tests::q4_lazy_tables_require_computed_only_immutable_data_and_preserve_tdz ... ok
test js::tables::tests::records_tuples_and_varying_arrays_keep_their_shapes ... ok
test js::tables::tests::s4_authored_pool_constrains_array_and_table_encodings ... ok
test js::tables::tests::scaling_is_exact_or_absent ... ok
test js::tables::tests::string_keys_keep_their_order_and_index_keys_enumerate_first ... ok
test js::tables::tests::tables_that_cannot_be_exact_are_never_sites ... ok
test js::tables::tests::the_seed_is_the_largest_estimated_saving ... ok
test js::tables::tests::two_tables_of_one_schema_decode_through_one_decoder ... ok
test js::tables::tests::values_of_mixed_kinds_stay_literals_in_their_column ... ok
test program::rules::const_data::tests::q4_const_alias_rebinding_is_distinct_from_mutation_and_nested_values_copy ... ok
test program::rules::const_data::tests::q4_const_array_construction_and_nested_alias_reads ... ok
test program::rules::const_data::tests::q4_const_bindings_cannot_be_reassigned_or_export_functions ... ok
test program::rules::const_data::tests::q4_const_cross_module_evaluation_owns_transitive_static_captures ... ok
test program::rules::const_data::tests::q4_const_mutation_rejects_alias_parameter_and_nested_container ... ok
test program::rules::const_data::tests::q4_const_nested_value_copy_static_alias_paths_and_utf16 ... ok
test program::rules::const_data::tests::q4_const_record_computed_keys_and_utf16_values ... ok
test program::rules::const_data::tests::q4_const_required_failures_and_configured_bounds_are_diagnostic ... ok
test program::rules::const_data::tests::q4_define_defaults_overrides_types_and_exact_policy_identity ... ok
test program::rules::const_data::tests::q4_many_const_initializers_reuse_one_sparse_frame ... ok
test program::rules::const_data::tests::q4_private_const_returns_preserve_aliases_but_public_returns_are_refused ... ok
test program::rules::const_data::tests::q4_public_const_data_is_deeply_frozen_and_keeps_keys_and_aliases ... ok
test program::rules::const_data::tests::q4_required_const_evaluation_survives_folding_veto ... ok
test program::rules::const_data::tests::q4_static_schema_parameter_specialization_preserves_runtime_inputs ... ok
test program::rules::tests::a_parameter_cell_is_a_statement ... ok
test program::rules::tests::a_parameter_every_call_passes_the_same_constant_becomes_it ... ok
test program::rules::tests::an_unread_parameter_leaves_every_call ... ok
test program::rules::tests::exact_values_cross_settled_cells_parameters_and_results ... ok
test program::rules::tests::repeated_parameter_loads_share_one_evaluated_argument ... ok
test program::rules::tests::s4_default_expressions_execute_in_the_callee_and_capture_earlier_parameters ... ok

test result: ok. 36 passed; 0 failed; 0 ignored; 0 measured; 2047 filtered out; finished in 4.43s

