
running 15 tests
test build::tests::q4_service_reports_lazy_data_availability_and_explicit_permissions ... ok
test compilation_policy::tests::q4_lazy_data_requires_explicit_recurring_and_startup_permissions ... ok
test js::tables::tests::q4_decoder_definitions_follow_each_module_owner_and_share_within_it ... ok
test js::tables::tests::q4_lazy_tables_require_computed_only_immutable_data_and_preserve_tdz ... FAILED
test program::rules::const_data::tests::q4_const_alias_rebinding_is_distinct_from_mutation_and_nested_values_copy ... ok
test program::rules::const_data::tests::q4_const_array_construction_and_nested_alias_reads ... ok
test program::rules::const_data::tests::q4_const_bindings_cannot_be_reassigned_or_export_functions ... ok
test program::rules::const_data::tests::q4_const_mutation_rejects_alias_parameter_and_nested_container ... ok
test program::rules::const_data::tests::q4_const_nested_value_copy_static_alias_paths_and_utf16 ... ok
test program::rules::const_data::tests::q4_const_record_computed_keys_and_utf16_values ... ok
test program::rules::const_data::tests::q4_const_required_failures_and_configured_bounds_are_diagnostic ... ok
test program::rules::const_data::tests::q4_define_defaults_overrides_types_and_exact_policy_identity ... FAILED
test program::rules::const_data::tests::q4_public_const_data_is_deeply_frozen_and_keeps_keys_and_aliases ... ok
test program::rules::const_data::tests::q4_required_const_evaluation_survives_folding_veto ... ok
test program::rules::const_data::tests::q4_static_schema_parameter_specialization_preserves_runtime_inputs ... ok

failures:

---- js::tables::tests::q4_lazy_tables_require_computed_only_immutable_data_and_preserve_tdz stdout ----

thread 'js::tables::tests::q4_lazy_tables_require_computed_only_immutable_data_and_preserve_tdz' (1245777) panicked at src/js/tables_tests.rs:111:21:
called `Result::unwrap()` on an `Err` value: "invalid expression dependency at 9"
note: run with `RUST_BACKTRACE=1` environment variable to display a backtrace

---- program::rules::const_data::tests::q4_define_defaults_overrides_types_and_exact_policy_identity stdout ----

thread 'program::rules::const_data::tests::q4_define_defaults_overrides_types_and_exact_policy_identity' (1245834) panicked at src/program/rules/const_data_tests.rs:24:5:
assertion `left == right` failed
  left: "true\n8\n-0\nliteral source; print(99)\n"
 right: "true\n8\n0\nliteral source; print(99)\n"


failures:
    js::tables::tests::q4_lazy_tables_require_computed_only_immutable_data_and_preserve_tdz
    program::rules::const_data::tests::q4_define_defaults_overrides_types_and_exact_policy_identity

test result: FAILED. 13 passed; 2 failed; 0 ignored; 0 measured; 2064 filtered out; finished in 1.78s

