   Compiling lilscript v0.1.0 (/home/azureuser/lilscript)
warning: unused import: `DefaultValue`
   --> src/primitive.rs:717:24
    |
717 |     use crate::check::{DefaultValue, FunctionType, Type};
    |                        ^^^^^^^^^^^^
    |
    = note: `#[warn(unused_imports)]` (part of `#[warn(unused)]`) on by default

warning: unused import: `crate::program::publication::*`
 --> src/program/rewrite_tests.rs:9:5
  |
9 | use crate::program::publication::*;
  |     ^^^^^^^^^^^^^^^^^^^^^^^^^^^^^^

warning: unused import: `crate::program::*`
  --> src/program/rewrite_tests.rs:10:5
   |
10 | use crate::program::*;
   |     ^^^^^^^^^^^^^^^^^

warning: unused import: `crate::program::*`
  --> src/program/search_fairness_tests.rs:10:5
   |
10 | use crate::program::*;
   |     ^^^^^^^^^^^^^^^^^

warning: unused import: `crate::program::publication::*`
  --> src/program/function_support_tests.rs:11:5
   |
11 | use crate::program::publication::*;
   |     ^^^^^^^^^^^^^^^^^^^^^^^^^^^^^^

warning: unused import: `DefaultValue`
 --> src/program/string_call_verify_tests.rs:5:20
  |
5 | use crate::check::{DefaultValue, FunctionSignature, FunctionType};
  |                    ^^^^^^^^^^^^

warning: unused import: `EvaluationBehavior`
 --> src/program/reference_core_tests.rs:4:26
  |
4 | use super::facts::{self, EvaluationBehavior};
  |                          ^^^^^^^^^^^^^^^^^^

warning: unused import: `DefaultValue`
 --> src/program/parameter_contract_tests.rs:6:20
  |
6 | use crate::check::{DefaultValue, FunctionParameter, FunctionSignature, FunctionType};
  |                    ^^^^^^^^^^^^

warning: variable does not need to be mutable
   --> src/check/modules.rs:556:21
    |
556 |                 let mut ty = analyzer.resolve_value_type(decl.ty, "module binding")?;
    |                     ----^^
    |                     |
    |                     help: remove this `mut`
    |
    = note: `#[warn(unused_mut)]` (part of `#[warn(unused)]`) on by default

warning: variable does not need to be mutable
   --> src/check/narrowing_input_tests.rs:379:9
    |
379 |     let mut config = crate::config::ProjectConfig::default();
    |         ----^^^^^^
    |         |
    |         help: remove this `mut`

warning: unused variable: `span`
    --> src/check.rs:5189:63
     |
5189 |                 kind: ExprKind::ArrowFunction { params, body, span },
     |                                                               ^^^^ help: try ignoring the field: `span: _`
     |
     = note: `#[warn(unused_variables)]` (part of `#[warn(unused)]`) on by default

warning: unused variable: `seed`
   --> src/check/binding_ownership_tests.rs:191:9
    |
191 |     let seed = model
    |         ^^^^ help: if this is intentional, prefix it with an underscore: `_seed`

warning: unused variable: `seed`
   --> src/check/class_ownership_tests.rs:291:9
    |
291 |     let seed = model
    |         ^^^^ help: if this is intentional, prefix it with an underscore: `_seed`

warning: unused variable: `seed`
   --> src/check/constructor_ownership_tests.rs:164:9
    |
164 |     let seed = model
    |         ^^^^ help: if this is intentional, prefix it with an underscore: `_seed`

warning: variable does not need to be mutable
   --> src/js/typed.rs:130:17
    |
130 |             let mut mark = |binding: BindingId, is_array: bool, arrays: &mut Vec<Option<bool>>| {
    |                 ----^^^^
    |                 |
    |                 help: remove this `mut`

warning: variable does not need to be mutable
    --> src/js/tests.rs:1854:9
     |
1854 |     let mut sum = |module: &mut Module, right: f64| {
     |         ----^^^
     |         |
     |         help: remove this `mut`

warning: variable does not need to be mutable
    --> src/program/demand.rs:2887:13
     |
2887 |         let mut config = crate::config::ProjectConfig::default();
     |             ----^^^^^^
     |             |
     |             help: remove this `mut`

warning: unreachable pattern
    --> src/program/from_source.rs:4150:13
     |
4150 |             _ => return self.unsupported(statement.span(), "statement conversion"),
     |             ^ no value can reach this
     |
note: multiple earlier patterns match some of the same values
    --> src/program/from_source.rs:4150:13
     |
3884 | /             Stmt::ArrayDestructure {
3885 | |                 bindings, value, ..
3886 | |             } => self.array_destructure(unit, region, bindings, value)?,
     | |_____________- matches some of the same values
3887 | /             Stmt::RecordDestructure {
3888 | |                 bindings,
3889 | |                 rest,
3890 | |                 value,
3891 | |                 span,
3892 | |                 ..
3893 | |             } => self.record_destructure(unit, region, bindings, *rest, value, *span)?,
     | |_____________- matches some of the same values
3894 |               Stmt::VarDecl(declaration, ..) => {
     |               ------------------------------ matches some of the same values
...
3922 |               Stmt::Expr(expr, ..) => {
     |               -------------------- matches some of the same values
...
4150 |               _ => return self.unsupported(statement.span(), "statement conversion"),
     |               ^ ...and 14 other patterns collectively make this unreachable
     = note: `#[warn(unreachable_patterns)]` (part of `#[warn(unused)]`) on by default

warning: unreachable pattern
   --> src/program/native_plan.rs:808:13
    |
808 |             _ => {
    |             ^ no value can reach this
    |
note: multiple earlier patterns match some of the same values
   --> src/program/native_plan.rs:808:13
    |
613 |             Place::Cell(cell) => PlacePlan {
    |             ----------------- matches some of the same values
...
619 |             Place::Value(value) => PlacePlan {
    |             ------------------- matches some of the same values
...
702 |             Place::Index { receiver, key } => {
    |             ------------------------------ matches some of the same values
...
726 |             Place::Member { .. } => {
    |             -------------------- matches some of the same values
...
808 |             _ => {
    |             ^ ...and 2 other patterns collectively make this unreachable

warning: variable does not need to be mutable
  --> src/program/product_demand_tests.rs:68:9
   |
68 |     let mut config = crate::config::ProjectConfig::default();
   |         ----^^^^^^
   |         |
   |         help: remove this `mut`

warning: variable does not need to be mutable
   --> src/program/exclusive_publication_tests.rs:215:9
    |
215 |     let mut config = crate::config::ProjectConfig::default();
    |         ----^^^^^^
    |         |
    |         help: remove this `mut`

warning: variable does not need to be mutable
   --> src/program/exclusive_publication_tests.rs:705:17
    |
705 |             let mut config = crate::config::ProjectConfig::default();
    |                 ----^^^^^^
    |                 |
    |                 help: remove this `mut`

warning: variable does not need to be mutable
    --> src/program/exclusive_publication_tests.rs:1064:17
     |
1064 |             let mut config = crate::config::ProjectConfig::default();
     |                 ----^^^^^^
     |                 |
     |                 help: remove this `mut`

warning: variable does not need to be mutable
   --> src/program/search_terminal_tests.rs:454:17
    |
454 |             let mut search = compilation
    |                 ----^^^^^^
    |                 |
    |                 help: remove this `mut`

warning: variable does not need to be mutable
  --> src/program/function_support_tests.rs:63:9
   |
63 |     let mut config = crate::config::ProjectConfig::default();
   |         ----^^^^^^
   |         |
   |         help: remove this `mut`

warning: variable does not need to be mutable
    --> src/program/value_placement.rs:1063:17
     |
1063 |             let mut config = crate::config::ProjectConfig::default();
     |                 ----^^^^^^
     |                 |
     |                 help: remove this `mut`

warning: variable does not need to be mutable
    --> src/program/value_placement.rs:1379:17
     |
1379 |             let mut config = crate::config::ProjectConfig::default();
     |                 ----^^^^^^
     |                 |
     |                 help: remove this `mut`

warning: variable does not need to be mutable
   --> src/program/verify.rs:504:17
    |
504 |             let mut name_work = 1;
    |                 ----^^^^^^^^^
    |                 |
    |                 help: remove this `mut`

warning: variable does not need to be mutable
  --> src/program/frame_contract_tests.rs:18:9
   |
18 |     let mut config = crate::config::ProjectConfig::default();
   |         ----^^^^^^
   |         |
   |         help: remove this `mut`

warning: variable does not need to be mutable
  --> src/program/script_observation_tests.rs:25:9
   |
25 |     let mut config = crate::config::ProjectConfig::default();
   |         ----^^^^^^
   |         |
   |         help: remove this `mut`

warning: variable does not need to be mutable
  --> src/program/effects_tests.rs:96:9
   |
96 |     let mut config = crate::config::ProjectConfig::default();
   |         ----^^^^^^
   |         |
   |         help: remove this `mut`

warning: variable does not need to be mutable
  --> src/program/helper_context_tests.rs:94:9
   |
94 |     let mut config = crate::config::ProjectConfig::default();
   |         ----^^^^^^
   |         |
   |         help: remove this `mut`

warning: variable does not need to be mutable
   --> src/program/javascript_reference_tests.rs:280:13
    |
280 |         let mut config = crate::config::ProjectConfig::default();
    |             ----^^^^^^
    |             |
    |             help: remove this `mut`

warning: variable does not need to be mutable
   --> src/program/module_helper_tests.rs:115:13
    |
115 |         let mut config = crate::config::ProjectConfig::default();
    |             ----^^^^^^
    |             |
    |             help: remove this `mut`

warning: variable does not need to be mutable
  --> src/program/publication_tests.rs:11:9
   |
11 |     let mut config: crate::config::ProjectConfig = toml::from_str(text).unwrap();
   |         ----^^^^^^
   |         |
   |         help: remove this `mut`

warning: variable does not need to be mutable
   --> src/program/publication_tests.rs:844:13
    |
844 |         let mut config = crate::config::ProjectConfig::default();
    |             ----^^^^^^
    |             |
    |             help: remove this `mut`

warning: variable does not need to be mutable
   --> src/program/publication_tests.rs:983:13
    |
983 |         let mut config: crate::config::ProjectConfig =
    |             ----^^^^^^
    |             |
    |             help: remove this `mut`

warning: variable does not need to be mutable
  --> src/program/compilation_facts_tests.rs:57:9
   |
57 |     let mut config = crate::config::ProjectConfig::default();
   |         ----^^^^^^
   |         |
   |         help: remove this `mut`

warning: variable does not need to be mutable
  --> src/program/record_javascript_tests.rs:29:9
   |
29 |     let mut config = crate::config::ProjectConfig::default();
   |         ----^^^^^^
   |         |
   |         help: remove this `mut`

warning: variable does not need to be mutable
  --> src/program/string_demand_tests.rs:40:9
   |
40 |     let mut configuration = crate::config::ProjectConfig::default();
   |         ----^^^^^^^^^^^^^
   |         |
   |         help: remove this `mut`

warning: variable does not need to be mutable
  --> src/program/formation_budget_tests.rs:30:9
   |
30 |     let mut config = crate::config::ProjectConfig::default();
   |         ----^^^^^^
   |         |
   |         help: remove this `mut`

warning: variable does not need to be mutable
  --> src/program/value_place_tests.rs:98:13
   |
98 |         let mut config = crate::config::ProjectConfig::default();
   |             ----^^^^^^
   |             |
   |             help: remove this `mut`

warning: variable does not need to be mutable
  --> src/program/function_publication_tests.rs:35:9
   |
35 |     let mut config: crate::config::ProjectConfig = toml::from_str(text).unwrap();
   |         ----^^^^^^
   |         |
   |         help: remove this `mut`

warning: variable does not need to be mutable
  --> src/program/function_demand_tests.rs:35:9
   |
35 |     let mut config = crate::config::ProjectConfig::default();
   |         ----^^^^^^
   |         |
   |         help: remove this `mut`

warning: variable does not need to be mutable
  --> src/program/cell_location_demand_tests.rs:40:9
   |
40 |     let mut config = crate::config::ProjectConfig::default();
   |         ----^^^^^^
   |         |
   |         help: remove this `mut`

warning: variable does not need to be mutable
  --> src/program/reference_support_tests.rs:85:9
   |
85 |     let mut config = crate::config::ProjectConfig::default();
   |         ----^^^^^^
   |         |
   |         help: remove this `mut`

warning: variable does not need to be mutable
  --> src/program/reference_support_demand_tests.rs:45:9
   |
45 |     let mut config = crate::config::ProjectConfig::default();
   |         ----^^^^^^
   |         |
   |         help: remove this `mut`

warning: multiple methods are never used
    --> src/check.rs:1572:19
     |
1478 | impl<'ast, 'src> CheckedModule<'ast, 'src> {
     | ------------------------------------------ methods in this implementation
...
1572 |     pub(crate) fn dynamic_operation(&self, id: SourceNodeId) -> Option<BuiltinCall> {
     |                   ^^^^^^^^^^^^^^^^^
...
1576 |     pub(crate) fn resolved_operator(&self, node: SourceNodeId) -> Option<ResolvedOperator> {
     |                   ^^^^^^^^^^^^^^^^^
...
1604 |     pub(crate) fn type_check_type(&self, node: SourceNodeId) -> Option<&Type<'src>> {
     |                   ^^^^^^^^^^^^^^^
...
1608 |     pub(crate) fn optional_present_type(&self, node: SourceNodeId) -> Option<&Type<'src>> {
     |                   ^^^^^^^^^^^^^^^^^^^^^
...
1672 |     pub(crate) fn base_class(&self, class: NominalId) -> Option<NominalId> {
     |                   ^^^^^^^^^^
...
1695 |     pub(crate) fn dynamic_import_module(&self, node: SourceNodeId) -> Option<u32> {
     |                   ^^^^^^^^^^^^^^^^^^^^^
...
1699 |     pub(crate) fn dynamic_export_used(&self, module: u32, name: &str) -> bool {
     |                   ^^^^^^^^^^^^^^^^^^^
     |
     = note: `#[warn(dead_code)]` (part of `#[warn(unused)]`) on by default

warning: method `dynamic_export_used` is never used
    --> src/check.rs:2017:19
     |
1704 | impl<'view, 'ast, 'src> CheckedView<'view, 'ast, 'src> {
     | ------------------------------------------------------ method in this implementation
...
2017 |     pub(crate) fn dynamic_export_used(&self, module: u32, name: &str) -> bool {
     |                   ^^^^^^^^^^^^^^^^^^^

warning: function `expected_array_element` is never used
    --> src/check.rs:9717:4
     |
9717 | fn expected_array_element<'ty, 'src>(ty: &'ty Type<'src>) -> Option<&'ty Type<'src>> {
     |    ^^^^^^^^^^^^^^^^^^^^^^

warning: function `crosses_by_conversion` is never used
     --> src/check.rs:10453:4
      |
10453 | fn crosses_by_conversion(ty: &Type<'_>) -> bool {
      |    ^^^^^^^^^^^^^^^^^^^^^

warning: function `equality_comparable` is never used
     --> src/check.rs:10652:4
      |
10652 | fn equality_comparable(lhs: &Type<'_>, rhs: &Type<'_>) -> bool {
      |    ^^^^^^^^^^^^^^^^^^^

warning: variant `Default` is never constructed
  --> src/check/type_payload.rs:12:5
   |
10 | pub(crate) enum Payload<'a, 'src> {
   |                 ------- variant in this enum
11 |     Type(&'a Type<'src>),
12 |     Default(&'a DefaultValue<'src>),
   |     ^^^^^^^
   |
   = note: `Payload` has derived impls for the traits `Debug` and `Clone`, but these are intentionally ignored during dead code analysis

warning: fields `mode`, `expected`, and `actual` are never read
  --> src/check/type_relation.rs:27:9
   |
26 |     Visit {
   |     ----- fields in this variant
27 |         mode: RelationMode,
   |         ^^^^
28 |         expected: &'a Type<'src>,
   |         ^^^^^^^^
29 |         actual: &'a Type<'src>,
   |         ^^^^^^
   |
   = note: `RelationEvent` has derived impls for the traits `Debug` and `Clone`, but these are intentionally ignored during dead code analysis

warning: method `insert_statement` is never used
    --> src/js/mod.rs:1257:19
     |
1166 | impl Module {
     | ----------- method in this implementation
...
1257 |     pub(crate) fn insert_statement(
     |                   ^^^^^^^^^^^^^^^^

warning: method `push_char` is never used
   --> src/output_budget.rs:389:19
    |
 76 | impl<'a> AllocationBudget<'a> {
    | ----------------------------- method in this implementation
...
389 |     pub(crate) fn push_char(
    |                   ^^^^^^^^^

warning: method `extend` is never used
   --> src/parser_admission.rs:362:19
    |
320 | impl<'arena, T> ArenaVec<'arena, T> {
    | ----------------------------------- method in this implementation
...
362 |     pub(super) fn extend(
    |                   ^^^^^^

warning: field `identity` is never read
  --> src/program/aggregates.rs:71:9
   |
67 | pub(super) struct AllocationFacts {
   |                   --------------- field in this struct
...
71 |     pub identity: AllocationId,
   |         ^^^^^^^^
   |
   = note: `AllocationFacts` has derived impls for the traits `Debug` and `Clone`, but these are intentionally ignored during dead code analysis

warning: field `name` is never read
   --> src/program/from_source.rs:790:5
    |
786 | struct ClassMethod<'src> {
    |        ----------- field in this struct
...
790 |     name: Option<&'src str>,
    |     ^^^^
    |
    = note: `ClassMethod` has a derived impl for the trait `Clone`, but this is intentionally ignored during dead code analysis

warning: function `share_program` is never used
    --> src/program/publication.rs:3229:4
     |
3229 | fn share_program<'src>(program: &Program<'src>) -> Program<'src> {
     |    ^^^^^^^^^^^^^

warning: methods `reserve` and `release` are never used
    --> src/program/publication.rs:3321:8
     |
3313 | impl<'a> Workspace<'a> {
     | ---------------------- methods in this implementation
...
3321 |     fn reserve(&mut self, bytes: u64) -> Result<(), PublicationError> {
     |        ^^^^^^^
...
3330 |     fn release(&mut self, bytes: u64) -> Result<(), PublicationError> {
     |        ^^^^^^^

warning: field `bytes` is never read
    --> src/program/publication.rs:3348:5
     |
3347 | struct PatchPlan {
     |        --------- field in this struct
3348 |     bytes: u64,
     |     ^^^^^

warning: `lilscript` (lib test) generated 62 warnings (run `cargo fix --lib -p lilscript --tests` to apply 45 suggestions)
    Finished `test` profile [unoptimized + debuginfo] target(s) in 11.35s
     Running unittests src/lib.rs (target/debug/deps/lilscript-7ffa315b6261c9c4)

running 1 test
test program::javascript_struct_boundary_tests::function_values_reaching_host_code_are_wrapped_by_a_callable_adapter ... ok

test result: ok. 1 passed; 0 failed; 0 ignored; 0 measured; 1892 filtered out; finished in 0.08s

