
running 1 test
test build::tests::s4_host_callbacks_keep_struct_defaults_rest_and_primitive_receivers ... ok

test result: ok. 1 passed; 0 failed; 0 ignored; 0 measured; 1892 filtered out; finished in 23.25s


running 1 test
test build::tests::s4_assumed_generic_and_nullable_structs_snapshot_public_fields_once ... ok

test result: ok. 1 passed; 0 failed; 0 ignored; 0 measured; 1892 filtered out; finished in 5.24s


running 14 tests
test program::javascript_struct_boundary_tests::a_public_struct_whose_copy_would_lose_identity_or_frame_stays_refused ... ok
test program::javascript_struct_boundary_tests::a_struct_reaching_a_jsvalue_is_its_public_shape_and_stays_a_value ... ok
test program::javascript_struct_boundary_tests::an_exported_function_may_take_a_struct_array_it_only_reads ... ok
test program::javascript_struct_boundary_tests::core_verified_load_refinements_do_not_supply_a_missing_product_adapter ... ok
test program::javascript_struct_boundary_tests::exact_nullable_transfers_and_unrelated_dynamic_calls_remain_executable ... ok
test program::javascript_struct_boundary_tests::exported_value_struct_functions_publish_one_object_adapter_with_source_reflection ... ok
test program::javascript_struct_boundary_tests::function_values_reaching_host_code_are_wrapped_by_a_callable_adapter ... FAILED
test program::javascript_struct_boundary_tests::integer_fields_from_a_trusted_extern_wrap_as_int32 ... ok
test program::javascript_struct_boundary_tests::lazy_results_and_thrown_products_cannot_launder_their_representation ... ok
test program::javascript_struct_boundary_tests::own_and_arrow_captured_arguments_cannot_erase_struct_parameter_backing ... ok
test program::javascript_struct_boundary_tests::private_record_products_and_unobserved_array_construction_keep_value_semantics ... ok
test program::javascript_struct_boundary_tests::prototype_index_hooks_are_outside_the_supported_host_model ... ok
test program::javascript_struct_boundary_tests::struct_arrays_keep_value_semantics_through_indexing_methods_and_spread ... ok
test program::javascript_struct_boundary_tests::struct_bearing_callable_frames_are_strict_in_scripts_and_modules ... ok

failures:

---- program::javascript_struct_boundary_tests::function_values_reaching_host_code_are_wrapped_by_a_callable_adapter stdout ----

thread 'program::javascript_struct_boundary_tests::function_values_reaching_host_code_are_wrapped_by_a_callable_adapter' (214581) panicked at src/program/javascript_struct_boundary_tests.rs:644:56:
called `Result::unwrap()` on an `Err` value: Output(Invalid("invalid reflected function length"))
note: run with `RUST_BACKTRACE=1` environment variable to display a backtrace


failures:
    program::javascript_struct_boundary_tests::function_values_reaching_host_code_are_wrapped_by_a_callable_adapter

test result: FAILED. 13 passed; 1 failed; 0 ignored; 0 measured; 1879 filtered out; finished in 1.72s

