
running 42 tests
test parser::tests::accepts_reserved_identifier_names_for_host_properties ... ok
test parser::tests::contextual_reference_arguments_preserve_ref_identifier_expressions ... ok
test parser::tests::contextual_reference_parameters_preserve_types_named_ref ... ok
test parser::tests::contextual_reference_records_cover_arrows_constructors_and_super ... ok
test parser::tests::parses_array_and_record_spreads_without_confusing_ranges ... ok
test parser::tests::parses_array_method_with_typed_arrow ... ok
test parser::tests::parses_arrays_of_parenthesized_function_types ... ok
test parser::tests::parses_async_exceptions_and_optional_catch_bindings ... ok
test parser::tests::parses_class_construction ... ok
test parser::tests::parses_class_inheritance_and_super_constructor_calls ... ok
test parser::tests::parses_control_flow_assignment_and_templates ... ok
test parser::tests::parses_enum_and_match_expression ... ok
test parser::tests::parses_export_aliases ... ok
test parser::tests::parses_expression_if_with_a_required_else ... ok
test parser::tests::parses_extern_classes_methods_and_globals ... ok
test parser::tests::parses_first_class_function_types ... ok
test parser::tests::parses_fixed_arity_javascript_method10_adapter ... ok
test parser::tests::parses_generators_yield_and_delegated_yield ... ok
test parser::tests::parses_generic_functions_and_applied_class_types ... ok
test parser::tests::parses_imports_exports_aliases_and_pure_functions ... ok
test parser::tests::parses_inline_for_over_const_list ... ok
test parser::tests::parses_nullable_destructuring_bindings_and_array_rest ... ok
test parser::tests::parses_nullable_types_and_null_literals ... ok
test parser::tests::parses_nullish_coalescing_and_assignment ... ok
test parser::tests::parses_number_as_the_web_numeric_type ... ok
test parser::tests::parses_only_statically_resolvable_dynamic_imports ... ok
test parser::tests::parses_optional_member_and_index_access ... ok
test parser::tests::parses_prefix_and_postfix_updates_at_unary_precedence ... ok
test parser::tests::parses_scalar_literal_match_patterns ... ok
test parser::tests::parses_side_effect_foreign_imports ... ok
test parser::tests::parses_struct_and_struct_literal_decl ... ok
test parser::tests::parses_structural_record_literals ... ok
test parser::tests::parses_the_dynamic_types_syntax ... ok
test parser::tests::parses_trailing_defaulted_parameters ... ok
test parser::tests::parses_typed_extern_declarations ... ok
test parser::tests::parses_typed_for_of_statement ... ok
test parser::tests::parses_typed_foreign_module_imports ... ok
test parser::tests::parses_union_type_guards ... ok
test parser::tests::parses_union_types_with_postfix_precedence ... ok
test parser::tests::rejects_inline_for_in ... ok
test parser::tests::s4_retires_object_singletons_with_a_migration_diagnostic ... ok
test parser::tests::treats_from_as_a_contextual_import_keyword ... ok

test result: ok. 42 passed; 0 failed; 0 ignored; 0 measured; 1849 filtered out; finished in 0.01s


running 6 tests
test check::class_ownership_tests::an_internal_class_may_extend_a_host_class ... ok
test check::class_ownership_tests::canonical_class_signatures_finalize_pending_default_bindings ... ok
test check::class_ownership_tests::hierarchy_errors_keep_original_spans_messages_and_own_member_storage ... ok
test check::class_ownership_tests::hierarchy_resolution_moves_own_field_and_method_payloads_without_cloning ... ok
test check::class_ownership_tests::host_class_rules_that_still_hold ... ok
test check::class_ownership_tests::three_level_generic_inheritance_preserves_substitutions_and_declaring_slots ... ok

test result: ok. 6 passed; 0 failed; 0 ignored; 0 measured; 1885 filtered out; finished in 0.01s


running 5 tests
test check::constructor_ownership_tests::construction_errors_preserve_exact_precedence_and_inference_revalidation ... ok
test check::constructor_ownership_tests::implicit_and_no_base_constructors_keep_contextual_generic_types ... ok
test check::constructor_ownership_tests::repeated_construction_preserves_generic_inference_and_unrelated_member_types ... ok
test check::constructor_ownership_tests::super_errors_preserve_constructor_structure_before_argument_diagnostics ... ok
test check::constructor_ownership_tests::three_level_super_calls_preserve_substitution_and_constructor_defaults ... ok

test result: ok. 5 passed; 0 failed; 0 ignored; 0 measured; 1886 filtered out; finished in 0.01s


running 1 test
test check::modules::tests::constructor_exports_publish_classes_and_refuse_what_cannot_be_one ... ok

test result: ok. 1 passed; 0 failed; 0 ignored; 0 measured; 1890 filtered out; finished in 0.00s

