{
  "artifacts": [
    {
      "sha256": "5c4445c1509bd13188cd5fbf93027fa752d39632aa1050c1e468aeedb77c44bc",
      "raw": 988,
      "gzip9": null,
      "brotli11": 429,
      "details": {
        "recipe_words": [
          3,
          0,
          0,
          0,
          0,
          0
        ],
        "recipe_fingerprint": 12139990537254341990,
        "semantic": {
          "snapshot_identity": "RevisionId(88)",
          "meaning_identity": "RevisionId(89)",
          "identity_scope": "process-local diagnostics, not canonical recipe identity",
          "rewrite_order": "newest-first",
          "rewrites": []
        },
        "resource": "whole",
        "execution": "Module",
        "style": "Global",
        "source_names": [],
        "output": {
          "dead_code_elimination": true,
          "target_compaction": true,
          "literals": "Original"
        },
        "sizes": [
          988,
          null,
          429
        ],
        "policy_fingerprint": [
          207,
          46,
          178,
          42,
          138,
          72,
          128,
          135,
          191,
          134,
          6,
          235,
          193,
          178,
          217,
          67,
          185,
          149,
          243,
          29,
          214,
          64,
          131,
          86,
          38,
          170,
          77,
          79,
          81,
          156,
          173,
          203
        ]
      }
    }
  ],
  "winners": [
    null,
    null,
    0
  ],
  "native_sha256": null,
  "native_delivery": null,
  "first_artifact_ns": 17963521,
  "search": {
    "request": {
      "objectives": [
        "Brotli"
      ],
      "scalar": {
        "work": 2000000,
        "scratch_bytes": 4000000,
        "output_bytes": 2000000
      },
      "helper": {
        "work": 2000000,
        "scratch_bytes": 4000000,
        "output_bytes": 2000000
      },
      "string": {
        "work": 2000000,
        "scratch_bytes": 4000000,
        "output_bytes": 2000000
      },
      "local_facts": {
        "work": 1000000,
        "result_bytes": 512000
      },
      "facts_cache": {
        "entries": 128,
        "bytes": 16000000,
        "result_bytes": 512000
      }
    },
    "proposals": 0,
    "structures": 1,
    "renders": 1,
    "codec_probes": 0,
    "proof_queries": 0,
    "beam_evictions": 0,
    "admitted_artifacts": 1,
    "stop": null
  },
  "schema": 1,
  "backend": "semantic",
  "source_sha256": "0c3887638d170bbb6f07b3345337c4fa6ca7b33358539d3ea19de8c7aa1f8a8f",
  "request": {
    "target": "JavaScript",
    "preserve_root_exports": true,
    "logical_work": 200000000,
    "retained_bytes": 256000000,
    "effective_logical_work": 200000000,
    "effective_retained_bytes": 256000000
  },
  "inputs": {
    "root": 0,
    "modules": [
      {
        "path": "/home/azureuser/lilscript/src/semantic_program/fixtures/integrated-architecture/factory/entry.lil",
        "bytes": 204,
        "sha256": "79ae06dd138c09b466c9085edefcca9ad3bcb64150b775157b44bb96c8fea6d0",
        "dependencies": [
          1
        ],
        "dynamic_dependencies": []
      },
      {
        "path": "/home/azureuser/lilscript/src/semantic_program/fixtures/integrated-architecture/factory/barrel.lil",
        "bytes": 292,
        "sha256": "f8c5944c6b526720811988235c19c3e7a7fd05bf0184f6fc5d326367c230cac2",
        "dependencies": [
          2,
          3,
          4,
          5
        ],
        "dynamic_dependencies": []
      },
      {
        "path": "/home/azureuser/lilscript/src/semantic_program/fixtures/integrated-architecture/factory/factory.lil",
        "bytes": 918,
        "sha256": "c3b9045f44670c9542060c519cc00215f094fa99883372cd006aa40f6d6db78e",
        "dependencies": [
          3,
          4
        ],
        "dynamic_dependencies": []
      },
      {
        "path": "/home/azureuser/lilscript/src/semantic_program/fixtures/integrated-architecture/factory/state.lil",
        "bytes": 321,
        "sha256": "0eee5eef9f329471b4334f0f0015b2ae849ef7de93446c7ffe02c5a342e1c52c",
        "dependencies": [
          2,
          4
        ],
        "dynamic_dependencies": []
      },
      {
        "path": "/home/azureuser/lilscript/src/semantic_program/fixtures/integrated-architecture/factory/boot.lil",
        "bytes": 82,
        "sha256": "9c1ee4612243d81dffbdc5d661a1dcaa44d823e203a116def3828e4e53129175",
        "dependencies": [],
        "dynamic_dependencies": []
      },
      {
        "path": "/home/azureuser/lilscript/src/semantic_program/fixtures/integrated-architecture/factory/public.lil",
        "bytes": 168,
        "sha256": "cc22e4c84633da1750b0864458e7057762cfd132c44f046b6af7080f6c294703",
        "dependencies": [
          4
        ],
        "dynamic_dependencies": []
      }
    ]
  },
  "shape": {
    "modules": 6,
    "units": 15,
    "operations": 147,
    "cells": 43
  },
  "javascript_policy": {
    "schema": 2,
    "algorithm": 1,
    "contract": {
      "target": "javascript",
      "world": "ReusableLibrary",
      "execution": "Module",
      "ecmascript": "es2022",
      "preserve_root_exports": true,
      "public_aggregate_abi": "Named",
      "preserve_extern_fields": true,
      "internal_exports_may_mangle": false,
      "public_function_spelling": "None",
      "pristine_builtins": false,
      "pure_property_reads": false,
      "strip_console": false,
      "preserved_properties": [],
      "owned_properties": "UnderscoreSuffix",
      "bundle_mode": "Single"
    },
    "objective": {
      "codec": "Brotli",
      "priority": "SizeFirst",
      "realistic_performance_limit_percent": 25,
      "optional_alternatives": 0,
      "optional_codec_probes": 0,
      "cleanup_finalists": 1,
      "retained_candidates": 1,
      "retained_candidate_bytes": 1,
      "beam_width": 1,
      "search": {
        "version": 11,
        "codec_schedule": "staged",
        "render_batch": 8,
        "diversity_interval": 4
      }
    },
    "effort": 13,
    "tactics": [
      {
        "id": "dead-code-elimination",
        "state": {
          "permission": "auto",
          "enabled": true
        }
      },
      {
        "id": "constant-folding",
        "state": {
          "permission": "auto",
          "enabled": true
        }
      },
      {
        "id": "inlining",
        "state": {
          "permission": "auto",
          "enabled": true
        }
      },
      {
        "id": "scalar-replacement",
        "state": {
          "permission": "auto",
          "enabled": true
        }
      },
      {
        "id": "call-specialization",
        "state": {
          "permission": "auto",
          "enabled": true
        }
      },
      {
        "id": "helper-sharing",
        "state": {
          "permission": "auto",
          "enabled": true
        }
      },
      {
        "id": "target-compaction",
        "state": {
          "permission": "auto",
          "enabled": true
        }
      },
      {
        "id": "identifier-mangling",
        "state": {
          "permission": "auto",
          "enabled": true
        }
      },
      {
        "id": "property-mangling",
        "state": {
          "permission": "auto",
          "enabled": true
        }
      },
      {
        "id": "string-pooling",
        "state": {
          "permission": "auto",
          "enabled": true
        }
      },
      {
        "id": "string-array-packing",
        "state": {
          "permission": "auto",
          "enabled": true
        }
      },
      {
        "id": "startup-reconstruction",
        "state": {
          "permission": "auto",
          "enabled": false
        }
      },
      {
        "id": "recurring-reconstruction",
        "state": {
          "permission": "auto",
          "enabled": false
        }
      },
      {
        "id": "naming-search",
        "state": {
          "permission": "auto",
          "enabled": true
        }
      }
    ],
    "resources": {
      "logical_work": null,
      "retained_bytes": null,
      "wall_time_ms": null
    },
    "constraints": {
      "max_startup_work": null,
      "max_recurring_work": null,
      "max_runtime_memory_bytes": null,
      "max_performance_regression_percent": null
    }
  },
  "native_policy": null,
  "phases_ns": {
    "policy_ns": 648902,
    "discovery_ns": 1602313,
    "parse_ns": 624447,
    "check_ns": 915540,
    "convert_ns": 3401162,
    "frontend_release_ns": 23433,
    "adopt_ns": 246912,
    "javascript_ns": 10300238,
    "finish_ns": 46427,
    "source_release_ns": 2515
  },
  "total_ns": 18700717,
  "ledger_before_finish": {
    "baseline_work": 184503,
    "optional_work": 0,
    "retained_bytes": 59850,
    "peak_retained_bytes": 853286,
    "analysis_work": 162604,
    "edit_work": 305,
    "render_work": 20533,
    "codec_work": 1061
  },
  "resources": {
    "baseline_work": 184503,
    "optional_work": 0,
    "codec_work": 1061,
    "peak_retained_bytes": 853286,
    "frontend_logical_work": 152100,
    "frontend_allocation_accounting": "partial",
    "source_buffer_accounting": "admitted String capacities",
    "source_buffer_capacity": 1985,
    "frontend_phase_accounting": {
      "discovery_parse_arena": "pre-admitted arena backing",
      "main_parse_arena": "pre-admitted arena backing and owned program list",
      "lexer_tokens": "pre-admitted Vec capacities, including overlapping nested fragments",
      "legacy_ast_specialization": "nonzero for_of_specialize_family unsupported",
      "parser_non_arena": "template scanner buffers, Logos extras, diagnostics and pre-adoption SourceIdentity allocations; comprehensive recursion/lookahead/lexer work uninstrumented",
      "checker": "pre-admitted fixed source-node tables and module-facts vector; model stays live through conversion",
      "checker_remaining": "nested type payloads, hash/ordered maps, declaration/interface storage, module graph validation/schedule, traversal scratch, diagnostics and comprehensive checker work uninstrumented",
      "conversion_construction": "pre-admitted graph and temporary storage; retained charges transfer into publication",
      "semantic_verification": "pre-admitted work and owned scratch",
      "module_metadata": "uninstrumented"
    },
    "source_discovery_work": "per-read byte/chunk and import traversal charges; admitted growth reuses the allocation owner's Render movement tariff",
    "work_kind_accounting": "Render includes shared buffer allocation/movement tariffs, not only target code generation",
    "deadline": "cooperative; checked between frontend phases and within admitted backend work",
    "scope": "admitted path source buffers, covered parser arenas and token vectors, semantic construction/verification and target/codec storage; remaining frontend allocations listed by phase, diagnostic copies, caller configuration I/O, returned buffers and process RSS are separate",
    "retained_bytes_after_handoff": 0
  },
  "ledger_after_finish": {
    "baseline_work": 184503,
    "optional_work": 0,
    "retained_bytes": 0,
    "peak_retained_bytes": 853286,
    "analysis_work": 162604,
    "edit_work": 305,
    "render_work": 20533,
    "codec_work": 1061
  }
}
