{
  "artifacts": [
    {
      "sha256": "329e602ce45ab3f15e79673cdceb726fde77261867dfdc4a3c75475b9acc2df3",
      "raw": 1000,
      "gzip9": null,
      "brotli11": 414,
      "details": {
        "recipe_words": [
          3,
          0,
          0,
          0,
          0,
          0
        ],
        "recipe_fingerprint": 12139990537254341990,
        "semantic": {
          "snapshot_identity": "RevisionId(34)",
          "meaning_identity": "RevisionId(35)",
          "identity_scope": "process-local diagnostics, not canonical recipe identity",
          "rewrite_order": "newest-first",
          "rewrites": []
        },
        "resource": "whole",
        "execution": "Module",
        "style": "Global",
        "source_names": [],
        "output": {
          "dead_code_elimination": true,
          "target_compaction": true,
          "literals": "Original"
        },
        "sizes": [
          1000,
          null,
          414
        ],
        "policy_fingerprint": [
          117,
          107,
          52,
          121,
          18,
          204,
          84,
          58,
          180,
          142,
          44,
          221,
          13,
          10,
          105,
          21,
          66,
          204,
          202,
          209,
          176,
          37,
          18,
          232,
          9,
          238,
          234,
          204,
          241,
          67,
          103,
          32
        ]
      }
    }
  ],
  "winners": [
    null,
    null,
    0
  ],
  "native_sha256": null,
  "native_delivery": null,
  "first_artifact_ns": 12924078,
  "search": {
    "request": {
      "objectives": [
        "Brotli"
      ],
      "scalar": {
        "work": 2000000,
        "scratch_bytes": 4000000,
        "output_bytes": 2000000
      },
      "helper": {
        "work": 2000000,
        "scratch_bytes": 4000000,
        "output_bytes": 2000000
      },
      "string": {
        "work": 2000000,
        "scratch_bytes": 4000000,
        "output_bytes": 2000000
      },
      "local_facts": {
        "work": 1000000,
        "result_bytes": 512000
      },
      "facts_cache": {
        "entries": 128,
        "bytes": 16000000,
        "result_bytes": 512000
      }
    },
    "proposals": 0,
    "structures": 1,
    "renders": 1,
    "codec_probes": 0,
    "proof_queries": 0,
    "beam_evictions": 0,
    "admitted_artifacts": 1,
    "stop": null
  },
  "schema": 1,
  "backend": "semantic",
  "source_sha256": "15eab0c709ce02bc4cf0c67b8d6c214d6666ed4f3337397784876d197807f615",
  "request": {
    "target": "JavaScript",
    "preserve_root_exports": true,
    "logical_work": 200000000,
    "retained_bytes": 256000000,
    "effective_logical_work": 200000000,
    "effective_retained_bytes": 256000000
  },
  "inputs": {
    "root": 0,
    "modules": [
      {
        "path": "/home/azureuser/lilscript/src/semantic_program/fixtures/integrated-architecture/native-entry.lil",
        "bytes": 73,
        "sha256": "15fd96668431c925db340f383aadf1a72ffe8b88fe0a46686a159bdf95dff669",
        "dependencies": [
          1
        ],
        "dynamic_dependencies": []
      },
      {
        "path": "/home/azureuser/lilscript/src/semantic_program/fixtures/integrated-architecture/products.lil",
        "bytes": 955,
        "sha256": "58cc646f62bb19b9ff4a4f9931221a32eeb24d87edbf23357842d0a635f3d778",
        "dependencies": [],
        "dynamic_dependencies": []
      }
    ]
  },
  "shape": {
    "modules": 2,
    "units": 5,
    "operations": 89,
    "cells": 15
  },
  "javascript_policy": {
    "schema": 2,
    "algorithm": 1,
    "contract": {
      "target": "javascript",
      "world": "ReusableLibrary",
      "execution": "Module",
      "ecmascript": "es2022",
      "preserve_root_exports": true,
      "public_aggregate_abi": "Named",
      "preserve_extern_fields": true,
      "internal_exports_may_mangle": false,
      "public_function_spelling": "None",
      "pristine_builtins": false,
      "pure_property_reads": false,
      "strip_console": false,
      "preserved_properties": [],
      "owned_properties": "UnderscoreSuffix",
      "bundle_mode": "Single"
    },
    "objective": {
      "codec": "Brotli",
      "priority": "SizeFirst",
      "realistic_performance_limit_percent": 25,
      "optional_alternatives": 0,
      "optional_codec_probes": 0,
      "cleanup_finalists": 1,
      "retained_candidates": 1,
      "retained_candidate_bytes": 1,
      "beam_width": 1,
      "search": {
        "version": 12,
        "codec_schedule": "staged",
        "render_batch": 8,
        "diversity_interval": 4
      }
    },
    "effort": 13,
    "tactics": [
      {
        "id": "dead-code-elimination",
        "state": {
          "permission": "auto",
          "enabled": true
        }
      },
      {
        "id": "constant-folding",
        "state": {
          "permission": "auto",
          "enabled": true
        }
      },
      {
        "id": "inlining",
        "state": {
          "permission": "auto",
          "enabled": true
        }
      },
      {
        "id": "scalar-replacement",
        "state": {
          "permission": "auto",
          "enabled": true
        }
      },
      {
        "id": "call-specialization",
        "state": {
          "permission": "auto",
          "enabled": true
        }
      },
      {
        "id": "helper-sharing",
        "state": {
          "permission": "auto",
          "enabled": true
        }
      },
      {
        "id": "target-compaction",
        "state": {
          "permission": "auto",
          "enabled": true
        }
      },
      {
        "id": "identifier-mangling",
        "state": {
          "permission": "auto",
          "enabled": true
        }
      },
      {
        "id": "property-mangling",
        "state": {
          "permission": "auto",
          "enabled": true
        }
      },
      {
        "id": "string-pooling",
        "state": {
          "permission": "auto",
          "enabled": true
        }
      },
      {
        "id": "string-array-packing",
        "state": {
          "permission": "auto",
          "enabled": true
        }
      },
      {
        "id": "startup-reconstruction",
        "state": {
          "permission": "auto",
          "enabled": false
        }
      },
      {
        "id": "recurring-reconstruction",
        "state": {
          "permission": "auto",
          "enabled": false
        }
      },
      {
        "id": "naming-search",
        "state": {
          "permission": "auto",
          "enabled": true
        }
      }
    ],
    "resources": {
      "logical_work": null,
      "retained_bytes": null,
      "wall_time_ms": null
    },
    "constraints": {
      "max_startup_work": null,
      "max_recurring_work": null,
      "max_runtime_memory_bytes": null,
      "max_performance_regression_percent": null
    }
  },
  "native_policy": null,
  "phases_ns": {
    "policy_ns": 734281,
    "discovery_parse_ns": 792060,
    "check_ns": 530520,
    "convert_ns": 1435060,
    "frontend_release_ns": 19216,
    "adopt_ns": 186108,
    "javascript_ns": 9175678,
    "finish_ns": 30216,
    "source_release_ns": 1333
  },
  "total_ns": 13613305,
  "ledger_before_finish": {
    "baseline_work": 82215,
    "optional_work": 0,
    "retained_bytes": 30376,
    "peak_retained_bytes": 836053,
    "analysis_work": 64769,
    "edit_work": 203,
    "render_work": 16169,
    "codec_work": 1074
  },
  "resources": {
    "baseline_work": 82215,
    "optional_work": 0,
    "codec_work": 1074,
    "peak_retained_bytes": 836053,
    "frontend_logical_work": 57844,
    "frontend_allocation_accounting": "partial",
    "source_buffer_accounting": "pre-admitted stable arena backing; insertion String overlap charged",
    "source_buffer_capacity": 1408,
    "frontend_phase_accounting": {
      "discovery_parse_arena": "one pre-admitted arena and owned program list, reused for checking",
      "main_parse_arena": "not repeated; discovery programs reused",
      "lexer_tokens": "pre-admitted Vec capacities, including overlapping nested fragments",
      "legacy_ast_specialization": "nonzero for_of_specialize_family unsupported",
      "parser_non_arena": "template scanner buffers, Logos extras, diagnostics and pre-adoption SourceIdentity allocations; comprehensive recursion/lookahead/lexer work uninstrumented",
      "checker": "pre-admitted fixed source-node tables and module-facts vector; model stays live through conversion",
      "checker_remaining": "nested type payloads, hash/ordered maps, declaration/interface storage, module graph validation/schedule, traversal scratch, diagnostics and comprehensive checker work uninstrumented",
      "conversion_construction": "pre-admitted graph and temporary storage; retained charges transfer into publication",
      "semantic_verification": "pre-admitted work and owned scratch",
      "module_metadata": "uninstrumented"
    },
    "source_discovery_work": "per-read byte/chunk and import traversal charges; admitted growth reuses the allocation owner's Render movement tariff",
    "work_kind_accounting": "Render includes shared buffer allocation/movement tariffs, not only target code generation",
    "deadline": "cooperative; checked between frontend phases and within admitted backend work",
    "scope": "admitted path source buffers, covered parser arenas and token vectors, semantic construction/verification and target/codec storage; remaining frontend allocations listed by phase, diagnostic copies, caller configuration I/O, returned buffers and process RSS are separate",
    "retained_bytes_after_handoff": 0
  },
  "ledger_after_finish": {
    "baseline_work": 82215,
    "optional_work": 0,
    "retained_bytes": 0,
    "peak_retained_bytes": 836053,
    "analysis_work": 64769,
    "edit_work": 203,
    "render_work": 16169,
    "codec_work": 1074
  }
}
