
lilscript-timing {"wall_ms":244730.6,"admission_ms":0.0,"admission_calls":146,"admission_mb":0.00,"direct_validate_ms":0.0,"direct_validate_calls":27,"direct_validate_mb":0.00,"probe_dropped_ms":0.0,"probe_dropped_calls":0,"probe_dropped_mb":0.00,"codec_ms":13299.9,"codec_calls":541,"codec_mb":18.87,"analyze_ms":1516.8,"analyze_calls":372,"analyze_mb":12.78,"emit_ms":403233.0,"emit_calls":268,"emit_mb":0.04,"peephole_ms":27845.6,"peephole_calls":74,"peephole_mb":2.57,"cleanup_ms":0.0,"cleanup_calls":0,"cleanup_mb":0.00,"optimize_ms":1653.3,"optimize_calls":16,"optimize_mb":0.00,"lex_ms":5262.3,"lex_calls":23924,"lex_mb":813.35,"closers_ms":1291.0,"closers_calls":19371,"closers_mb":264.45,"regions_ms":521.8,"regions_calls":487,"regions_mb":6.80,"scopes_ms":552.4,"scopes_calls":557,"scopes_mb":7.67,"bindings_ms":720.7,"bindings_calls":1315,"bindings_mb":17.62,"idle_fold_ms":12074.5,"idle_fold_calls":9681,"idle_fold_mb":322.47,"active_fold_ms":15476.2,"active_fold_calls":2750,"active_fold_mb":92.25,"scalar_fixpoint_ms":1181.8,"scalar_fixpoint_runs":93,"scalar_fixpoint_max":3,"inline_fixpoint_ms":50.6,"inline_fixpoint_runs":28,"inline_fixpoint_max":5,"cleanup_entered":7,"cleanup_entered_sum":146,"cleanup_unbudgeted":13,"cleanup_unbudgeted_sum":0,"cleanup_skipped":0,"cleanup_skipped_sum":0,"cleanup_canonical_err":0,"cleanup_canonical_err_sum":0,"cleanup_canonical_same":0,"cleanup_canonical_same_sum":0,"cleanup_canonical_boundary":1,"cleanup_canonical_boundary_sum":0,"cleanup_canonical_refused":0,"cleanup_canonical_refused_sum":0,"cleanup_canonical_unprobed":2,"cleanup_canonical_unprobed_sum":0,"cleanup_canonical_pushed":4,"cleanup_canonical_pushed_sum":37842,"cleanup_shaped_pushed":2,"cleanup_shaped_pushed_sum":104,"cleanup_shaped_lost":3,"cleanup_shaped_lost_sum":46,"cleanup_shaped_refused":6,"cleanup_shaped_refused_sum":0,"rename_candidates":9,"rename_candidates_sum":308356,"rename_starved":2,"rename_starved_sum":2,"rename_idle":0,"rename_idle_sum":0,"rename_unparsed":0,"rename_unparsed_sum":0,"rename_refused":0,"rename_refused_sum":0,"rename_unprobed":0,"rename_unprobed_sum":0,"rename_won":7,"rename_won_sum":589,"idiom_candidates":26,"idiom_candidates_sum":886392,"idiom_won":2,"idiom_won_sum":49,"idiom_lost":24,"idiom_lost_sum":1470,"idiom_idle":0,"idiom_idle_sum":0,"rename_lost":2,"rename_lost_sum":12,"rename_templated":0,"rename_templated_sum":0,"rename_unsound":0,"rename_unsound_sum":0,"rename_ambiguous":35,"rename_ambiguous_sum":35,"memo_codec_hits":138,"memo_analyze_hits":1920}
   2310.6ms idle     74/74    idle/calls  fold_single_use_regex_bindings
   1806.8ms idle    324/424   idle/calls  remove_unused_standalone_vars
   1550.9ms idle    117/228   idle/calls  fold_single_use_function_values
   1502.2ms idle     48/78    idle/calls  fold_single_use_literal_bindings
   1024.3ms idle    216/282   idle/calls  fold_int32_coercions
    479.9ms idle    141/141   idle/calls  fold_constructor_prototype_tables_to_classes
    267.8ms idle     48/185   idle/calls  fold_identifier_copies
    241.4ms idle    185/191   idle/calls  declare_implicit_assignment_bindings
    232.0ms idle    142/222   idle/calls  fold_single_use_if_assigns
    216.4ms idle    145/145   idle/calls  fold_dead_pure_identifier_assigns
    162.9ms idle    115/145   idle/calls  fold_returned_temporaries
    153.8ms idle     74/74    idle/calls  fold_arguments_length_eq_zero_to_not
    144.8ms idle    142/142   idle/calls  fold_forwarding_call_wrappers
     86.7ms idle    213/213   idle/calls  fold_arguments_length_countdown_for
     80.5ms idle     74/140   idle/calls  fold_single_use_temporaries
     80.1ms idle     74/136   idle/calls  fold_self_assignment_chains
     77.0ms idle     74/74    idle/calls  fold_coalesced_or_returns
     76.7ms idle    193/193   idle/calls  fold_undefined_defaults_into_formals
     62.4ms idle     48/48    idle/calls  fold_guarded_and_addends
     61.4ms idle     48/48    idle/calls  fold_guarded_assign_into_call_predicate
     54.8ms idle    143/275   idle/calls  fold_redundant_loop_body_braces
     46.6ms idle    208/208   idle/calls  fold_copied_member_presence
     44.4ms idle     74/74    idle/calls  fold_not_gt_zero_length
     41.3ms idle     74/74    idle/calls  strip_stale_set_prototype_of
