{
  "artifacts": [
    {
      "sha256": "58fb64f73d81677da9c7e2007d9a51b4b2b66882ef94e52eb4bda0ea5ef7ca46",
      "raw": 49,
      "gzip9": null,
      "brotli11": 53,
      "details": {
        "recipe_words": [
          3,
          0,
          1,
          0,
          1,
          0,
          0,
          0
        ],
        "recipe_fingerprint": 16826669570303854662,
        "semantic": {
          "snapshot_identity": "RevisionId(13)",
          "meaning_identity": "RevisionId(14)",
          "identity_scope": "process-local diagnostics, not canonical recipe identity",
          "rewrite_order": "newest-first",
          "rewrites": []
        },
        "resource": "whole",
        "execution": "Script",
        "style": "Global",
        "source_names": [],
        "output": {
          "dead_code_elimination": true,
          "target_compaction": true,
          "literals": "Original"
        },
        "sizes": [
          49,
          null,
          53
        ],
        "policy_fingerprint": [
          110,
          85,
          199,
          163,
          8,
          175,
          44,
          108,
          32,
          166,
          113,
          139,
          127,
          37,
          159,
          131,
          141,
          118,
          101,
          119,
          174,
          50,
          187,
          137,
          253,
          145,
          218,
          217,
          161,
          41,
          104,
          74
        ]
      }
    }
  ],
  "winners": [
    null,
    null,
    0
  ],
  "native_sha256": "b5fd3b4ed1e605d01ffe8f59c43a51313096e5ed5f3fae67894da3b039fd7d74",
  "native_delivery": {
    "c_bytes": 3686,
    "header_bytes": 0,
    "scope": "C and host-header delivery, not linked executable bytes",
    "semantic": {
      "snapshot_identity": "RevisionId(13)",
      "meaning_identity": "RevisionId(14)",
      "identity_scope": "process-local diagnostics, not canonical recipe identity",
      "rewrite_order": "newest-first",
      "rewrites": []
    }
  },
  "first_artifact_ns": 613729,
  "search": {
    "request": {
      "objectives": [
        "Brotli"
      ],
      "scalar": {
        "work": 2000000,
        "scratch_bytes": 4000000,
        "output_bytes": 2000000
      },
      "helper": {
        "work": 2000000,
        "scratch_bytes": 4000000,
        "output_bytes": 2000000
      },
      "string": {
        "work": 2000000,
        "scratch_bytes": 4000000,
        "output_bytes": 2000000
      },
      "local_facts": {
        "work": 1000000,
        "result_bytes": 512000
      },
      "facts_cache": {
        "entries": 128,
        "bytes": 16000000,
        "result_bytes": 512000
      }
    },
    "proposals": 5,
    "structures": 2,
    "renders": 6,
    "codec_probes": 4,
    "proof_queries": 1,
    "beam_evictions": 0,
    "admitted_artifacts": 6,
    "stop": null
  },
  "schema": 1,
  "backend": "semantic",
  "source_sha256": "b96f06a833ce92e469c5344e709a4d93d71f37aef6119a2908fc43425b588214",
  "request": {
    "target": "All",
    "preserve_root_exports": false,
    "logical_work": 200000000,
    "retained_bytes": 256000000,
    "effective_logical_work": 200000000,
    "effective_retained_bytes": 256000000
  },
  "inputs": {
    "root": 0,
    "modules": [
      {
        "path": "/home/azureuser/lilscript/benchmarks/migration-results/2026-09-19-artifact-service/run-2026-09-19T19-48-31.223Z/portable.lil",
        "bytes": 55,
        "sha256": "bc615024aed3879f11ffb34d84cefd726bc47eaf181cb59671d9ce8f233d2349",
        "dependencies": [],
        "dynamic_dependencies": []
      }
    ]
  },
  "shape": {
    "modules": 1,
    "units": 2,
    "operations": 12,
    "cells": 2
  },
  "javascript_policy": {
    "schema": 2,
    "algorithm": 1,
    "contract": {
      "target": "javascript",
      "world": "ClosedApplication",
      "execution": "Script",
      "ecmascript": "es2022",
      "preserve_root_exports": false,
      "public_aggregate_abi": "Named",
      "preserve_extern_fields": true,
      "internal_exports_may_mangle": false,
      "public_function_spelling": "None",
      "pristine_builtins": false,
      "pure_property_reads": false,
      "strip_console": false,
      "preserved_properties": [],
      "owned_properties": "UnderscoreSuffix",
      "bundle_mode": "Single"
    },
    "objective": {
      "codec": "Brotli",
      "priority": "SizeFirst",
      "realistic_performance_limit_percent": 25,
      "optional_alternatives": 24,
      "optional_codec_probes": 48,
      "cleanup_finalists": 1,
      "retained_candidates": 384,
      "retained_candidate_bytes": 786432,
      "beam_width": 10,
      "search": {
        "version": 16,
        "codec_schedule": "staged",
        "render_batch": 8,
        "diversity_interval": 4
      }
    },
    "effort": 13,
    "tactics": [
      {
        "id": "dead-code-elimination",
        "state": {
          "permission": "auto",
          "enabled": true
        }
      },
      {
        "id": "constant-folding",
        "state": {
          "permission": "auto",
          "enabled": true
        }
      },
      {
        "id": "inlining",
        "state": {
          "permission": "auto",
          "enabled": true
        }
      },
      {
        "id": "scalar-replacement",
        "state": {
          "permission": "auto",
          "enabled": true
        }
      },
      {
        "id": "call-specialization",
        "state": {
          "permission": "auto",
          "enabled": true
        }
      },
      {
        "id": "helper-sharing",
        "state": {
          "permission": "auto",
          "enabled": true
        }
      },
      {
        "id": "target-compaction",
        "state": {
          "permission": "auto",
          "enabled": true
        }
      },
      {
        "id": "identifier-mangling",
        "state": {
          "permission": "auto",
          "enabled": true
        }
      },
      {
        "id": "property-mangling",
        "state": {
          "permission": "auto",
          "enabled": true
        }
      },
      {
        "id": "string-pooling",
        "state": {
          "permission": "auto",
          "enabled": true
        }
      },
      {
        "id": "string-array-packing",
        "state": {
          "permission": "auto",
          "enabled": true
        }
      },
      {
        "id": "startup-reconstruction",
        "state": {
          "permission": "auto",
          "enabled": false
        }
      },
      {
        "id": "recurring-reconstruction",
        "state": {
          "permission": "auto",
          "enabled": false
        }
      },
      {
        "id": "naming-search",
        "state": {
          "permission": "auto",
          "enabled": true
        }
      }
    ],
    "resources": {
      "logical_work": null,
      "retained_bytes": null,
      "wall_time_ms": null
    },
    "constraints": {
      "max_startup_work": null,
      "max_recurring_work": null,
      "max_runtime_memory_bytes": null,
      "max_performance_regression_percent": null
    }
  },
  "native_policy": {
    "schema": 2,
    "algorithm": 1,
    "contract": {
      "target": "native",
      "abi_version": 1
    },
    "objective": null,
    "effort": 0,
    "tactics": [
      {
        "id": "dead-code-elimination",
        "state": {
          "permission": "auto",
          "enabled": true
        }
      },
      {
        "id": "constant-folding",
        "state": {
          "permission": "auto",
          "enabled": true
        }
      },
      {
        "id": "inlining",
        "state": {
          "permission": "auto",
          "enabled": true
        }
      },
      {
        "id": "scalar-replacement",
        "state": {
          "permission": "auto",
          "enabled": true
        }
      },
      {
        "id": "call-specialization",
        "state": {
          "permission": "auto",
          "enabled": true
        }
      },
      {
        "id": "helper-sharing",
        "state": {
          "permission": "auto",
          "enabled": false
        }
      },
      {
        "id": "target-compaction",
        "state": {
          "permission": "auto",
          "enabled": false
        }
      },
      {
        "id": "identifier-mangling",
        "state": {
          "permission": "auto",
          "enabled": false
        }
      },
      {
        "id": "property-mangling",
        "state": {
          "permission": "auto",
          "enabled": false
        }
      },
      {
        "id": "string-pooling",
        "state": {
          "permission": "auto",
          "enabled": false
        }
      },
      {
        "id": "string-array-packing",
        "state": {
          "permission": "auto",
          "enabled": false
        }
      },
      {
        "id": "startup-reconstruction",
        "state": {
          "permission": "auto",
          "enabled": false
        }
      },
      {
        "id": "recurring-reconstruction",
        "state": {
          "permission": "auto",
          "enabled": false
        }
      },
      {
        "id": "naming-search",
        "state": {
          "permission": "auto",
          "enabled": false
        }
      }
    ],
    "resources": {
      "logical_work": null,
      "retained_bytes": null,
      "wall_time_ms": null
    },
    "constraints": {
      "max_startup_work": null,
      "max_recurring_work": null,
      "max_runtime_memory_bytes": null,
      "max_performance_regression_percent": null
    }
  },
  "phases_ns": {
    "policy_ns": 211316,
    "discovery_parse_ns": 162414,
    "check_ns": 65743,
    "convert_ns": 72245,
    "frontend_release_ns": 2073,
    "adopt_ns": 22362,
    "native_ns": 49924,
    "javascript_ns": 4099646,
    "finish_ns": 5340,
    "source_release_ns": 90
  },
  "total_ns": 4880197,
  "ledger_before_finish": {
    "baseline_work": 12355,
    "optional_work": 5132,
    "retained_bytes": 16012779,
    "peak_retained_bytes": 16774267,
    "analysis_work": 6544,
    "edit_work": 233,
    "render_work": 10044,
    "codec_work": 666
  },
  "resources": {
    "baseline_work": 12355,
    "optional_work": 5132,
    "codec_work": 666,
    "peak_retained_bytes": 16774267,
    "frontend_logical_work": 3638,
    "frontend_allocation_accounting": "partial",
    "source_buffer_accounting": "pre-admitted stable arena backing; insertion String overlap charged",
    "source_buffer_capacity": 448,
    "frontend_phase_accounting": {
      "discovery_parse_arena": "one pre-admitted arena and owned program list, reused for checking",
      "main_parse_arena": "not repeated; discovery programs reused",
      "lexer_tokens": "pre-admitted Vec capacities, including overlapping nested fragments",
      "lexer_templates": "pre-admitted scanner frames, interpolation vectors/boxed copies and template tables; scanner byte work charged",
      "lexer_work": "full input-byte tariff admitted before each lexical stream, including nested fragments; cooperative checks after Logos calls",
      "source_identity": "inline opaque stamp and node count; included in typed owner capacities, no shared heap allocation",
      "legacy_ast_specialization": "nonzero for_of_specialize_family unsupported",
      "parser_lookahead_work": "each token probe, including EOF, in arrow and type/reference lookahead admitted before inspection",
      "parser_non_arena": "diagnostics and comprehensive parser traversal/recursion work uninstrumented; individual Logos calls are not preemptible",
      "checker": "pre-admitted fixed source-node tables, module facts/interfaces and initialization order; model stays live through conversion",
      "checker_module_graph": "ownership/dependency/order validation work and shared iterative schedule work/storage admitted; exact dependency/import/export capacities",
      "checker_remaining": "nested type payloads, hash/ordered maps, declaration storage, alias/local/scope traversal scratch, diagnostics and comprehensive checker work uninstrumented",
      "conversion_construction": "pre-admitted graph and temporary storage; retained charges transfer into publication",
      "semantic_verification": "pre-admitted work and owned scratch",
      "module_metadata": "uninstrumented"
    },
    "source_discovery_work": "per-read byte/chunk and import traversal charges; admitted growth reuses the allocation owner's Render movement tariff",
    "work_kind_accounting": "Render includes shared buffer allocation/movement tariffs, not only target code generation",
    "deadline": "cooperative; checked between phases and within admitted frontend/backend work; individual uninstrumented operations are not preemptible",
    "scope": "admitted path source buffers, covered parser arenas, token/template storage, semantic construction/verification and target/codec storage; remaining frontend allocations listed by phase, diagnostic copies, caller configuration I/O, returned buffers and process RSS are separate",
    "retained_bytes_after_handoff": 0
  },
  "ledger_after_finish": {
    "baseline_work": 12355,
    "optional_work": 5132,
    "retained_bytes": 0,
    "peak_retained_bytes": 16774267,
    "analysis_work": 6544,
    "edit_work": 233,
    "render_work": 10044,
    "codec_work": 666
  }
}
