{
  "artifacts": [
    {
      "sha256": "d5d336deb0ad0d39c94d48b36b0a63ba50da1553ae37eacaf596152231a94644",
      "raw": 75,
      "gzip9": null,
      "brotli11": 79,
      "details": {
        "recipe_words": [
          3,
          0,
          0,
          0,
          0,
          0
        ],
        "recipe_fingerprint": 12139990537254341990,
        "semantic": {
          "snapshot_identity": "RevisionId(13)",
          "meaning_identity": "RevisionId(14)",
          "identity_scope": "process-local diagnostics, not canonical recipe identity",
          "rewrite_order": "newest-first",
          "rewrites": []
        },
        "resource": "whole",
        "execution": "Module",
        "style": "Global",
        "source_names": [],
        "output": {
          "dead_code_elimination": true,
          "target_compaction": true,
          "literals": "Original"
        },
        "sizes": [
          75,
          null,
          79
        ],
        "policy_fingerprint": [
          18,
          249,
          178,
          32,
          142,
          65,
          31,
          78,
          242,
          121,
          24,
          30,
          43,
          238,
          254,
          92,
          30,
          67,
          248,
          34,
          131,
          56,
          199,
          116,
          219,
          14,
          139,
          28,
          69,
          14,
          122,
          195
        ]
      }
    }
  ],
  "winners": [
    null,
    null,
    0
  ],
  "native_sha256": null,
  "native_delivery": null,
  "first_artifact_ns": 1828844,
  "search": {
    "request": {
      "objectives": [
        "Brotli"
      ],
      "scalar": {
        "work": 2000000,
        "scratch_bytes": 4000000,
        "output_bytes": 2000000
      },
      "helper": {
        "work": 2000000,
        "scratch_bytes": 4000000,
        "output_bytes": 2000000
      },
      "string": {
        "work": 2000000,
        "scratch_bytes": 4000000,
        "output_bytes": 2000000
      },
      "local_facts": {
        "work": 1000000,
        "result_bytes": 512000
      },
      "facts_cache": {
        "entries": 128,
        "bytes": 16000000,
        "result_bytes": 512000
      }
    },
    "proposals": 2,
    "structures": 1,
    "renders": 3,
    "codec_probes": 2,
    "proof_queries": 1,
    "beam_evictions": 0,
    "admitted_artifacts": 3,
    "stop": null
  },
  "schema": 1,
  "backend": "semantic",
  "source_sha256": "8b81a4345ee28525cc7ea79b3a42803ad73796e6ba3b24b38e6923015b69f557",
  "request": {
    "target": "JavaScript",
    "preserve_root_exports": true,
    "logical_work": 200000000,
    "retained_bytes": 256000000,
    "effective_logical_work": 200000000,
    "effective_retained_bytes": 256000000
  },
  "inputs": {
    "root": 0,
    "modules": [
      {
        "path": "/home/azureuser/lilscript/benchmarks/migration-results/2026-09-19-artifact-service/run-2026-09-19T19-48-31.223Z/entry.lil",
        "bytes": 49,
        "sha256": "1be9ce2d2aa8f8cff051b57ffbb970d02b6bab10cc7af7db336e1ca4fea973aa",
        "dependencies": [],
        "dynamic_dependencies": []
      }
    ]
  },
  "shape": {
    "modules": 1,
    "units": 2,
    "operations": 8,
    "cells": 2
  },
  "javascript_policy": {
    "schema": 2,
    "algorithm": 1,
    "contract": {
      "target": "javascript",
      "world": "ReusableLibrary",
      "execution": "Module",
      "ecmascript": "es2022",
      "preserve_root_exports": true,
      "public_aggregate_abi": "Named",
      "preserve_extern_fields": true,
      "internal_exports_may_mangle": false,
      "public_function_spelling": "None",
      "pristine_builtins": false,
      "pure_property_reads": false,
      "strip_console": false,
      "preserved_properties": [],
      "owned_properties": "UnderscoreSuffix",
      "bundle_mode": "Single"
    },
    "objective": {
      "codec": "Brotli",
      "priority": "SizeFirst",
      "realistic_performance_limit_percent": 25,
      "optional_alternatives": 24,
      "optional_codec_probes": 48,
      "cleanup_finalists": 1,
      "retained_candidates": 384,
      "retained_candidate_bytes": 786432,
      "beam_width": 10,
      "search": {
        "version": 16,
        "codec_schedule": "staged",
        "render_batch": 8,
        "diversity_interval": 4
      }
    },
    "effort": 13,
    "tactics": [
      {
        "id": "dead-code-elimination",
        "state": {
          "permission": "auto",
          "enabled": true
        }
      },
      {
        "id": "constant-folding",
        "state": {
          "permission": "auto",
          "enabled": true
        }
      },
      {
        "id": "inlining",
        "state": {
          "permission": "auto",
          "enabled": true
        }
      },
      {
        "id": "scalar-replacement",
        "state": {
          "permission": "auto",
          "enabled": true
        }
      },
      {
        "id": "call-specialization",
        "state": {
          "permission": "auto",
          "enabled": true
        }
      },
      {
        "id": "helper-sharing",
        "state": {
          "permission": "auto",
          "enabled": true
        }
      },
      {
        "id": "target-compaction",
        "state": {
          "permission": "auto",
          "enabled": true
        }
      },
      {
        "id": "identifier-mangling",
        "state": {
          "permission": "auto",
          "enabled": true
        }
      },
      {
        "id": "property-mangling",
        "state": {
          "permission": "auto",
          "enabled": true
        }
      },
      {
        "id": "string-pooling",
        "state": {
          "permission": "auto",
          "enabled": true
        }
      },
      {
        "id": "string-array-packing",
        "state": {
          "permission": "auto",
          "enabled": true
        }
      },
      {
        "id": "startup-reconstruction",
        "state": {
          "permission": "auto",
          "enabled": false
        }
      },
      {
        "id": "recurring-reconstruction",
        "state": {
          "permission": "auto",
          "enabled": false
        }
      },
      {
        "id": "naming-search",
        "state": {
          "permission": "auto",
          "enabled": true
        }
      }
    ],
    "resources": {
      "logical_work": null,
      "retained_bytes": null,
      "wall_time_ms": null
    },
    "constraints": {
      "max_startup_work": null,
      "max_recurring_work": null,
      "max_runtime_memory_bytes": null,
      "max_performance_regression_percent": null
    }
  },
  "native_policy": null,
  "phases_ns": {
    "policy_ns": 147827,
    "discovery_parse_ns": 184315,
    "check_ns": 92063,
    "convert_ns": 85400,
    "frontend_release_ns": 3306,
    "adopt_ns": 22362,
    "javascript_ns": 3872832,
    "finish_ns": 5360,
    "source_release_ns": 120
  },
  "total_ns": 4600904,
  "ledger_before_finish": {
    "baseline_work": 4602,
    "optional_work": 1689,
    "retained_bytes": 16010901,
    "peak_retained_bytes": 16763876,
    "analysis_work": 3492,
    "edit_work": 194,
    "render_work": 2188,
    "codec_work": 417
  },
  "resources": {
    "baseline_work": 4602,
    "optional_work": 1689,
    "codec_work": 417,
    "peak_retained_bytes": 16763876,
    "frontend_logical_work": 2529,
    "frontend_allocation_accounting": "partial",
    "source_buffer_accounting": "pre-admitted stable arena backing; insertion String overlap charged",
    "source_buffer_capacity": 448,
    "frontend_phase_accounting": {
      "discovery_parse_arena": "one pre-admitted arena and owned program list, reused for checking",
      "main_parse_arena": "not repeated; discovery programs reused",
      "lexer_tokens": "pre-admitted Vec capacities, including overlapping nested fragments",
      "lexer_templates": "pre-admitted scanner frames, interpolation vectors/boxed copies and template tables; scanner byte work charged",
      "lexer_work": "full input-byte tariff admitted before each lexical stream, including nested fragments; cooperative checks after Logos calls",
      "source_identity": "inline opaque stamp and node count; included in typed owner capacities, no shared heap allocation",
      "legacy_ast_specialization": "nonzero for_of_specialize_family unsupported",
      "parser_lookahead_work": "each token probe, including EOF, in arrow and type/reference lookahead admitted before inspection",
      "parser_non_arena": "diagnostics and comprehensive parser traversal/recursion work uninstrumented; individual Logos calls are not preemptible",
      "checker": "pre-admitted fixed source-node tables, module facts/interfaces and initialization order; model stays live through conversion",
      "checker_module_graph": "ownership/dependency/order validation work and shared iterative schedule work/storage admitted; exact dependency/import/export capacities",
      "checker_remaining": "nested type payloads, hash/ordered maps, declaration storage, alias/local/scope traversal scratch, diagnostics and comprehensive checker work uninstrumented",
      "conversion_construction": "pre-admitted graph and temporary storage; retained charges transfer into publication",
      "semantic_verification": "pre-admitted work and owned scratch",
      "module_metadata": "uninstrumented"
    },
    "source_discovery_work": "per-read byte/chunk and import traversal charges; admitted growth reuses the allocation owner's Render movement tariff",
    "work_kind_accounting": "Render includes shared buffer allocation/movement tariffs, not only target code generation",
    "deadline": "cooperative; checked between phases and within admitted frontend/backend work; individual uninstrumented operations are not preemptible",
    "scope": "admitted path source buffers, covered parser arenas, token/template storage, semantic construction/verification and target/codec storage; remaining frontend allocations listed by phase, diagnostic copies, caller configuration I/O, returned buffers and process RSS are separate",
    "retained_bytes_after_handoff": 0
  },
  "ledger_after_finish": {
    "baseline_work": 4602,
    "optional_work": 1689,
    "retained_bytes": 0,
    "peak_retained_bytes": 16763876,
    "analysis_work": 3492,
    "edit_work": 194,
    "render_work": 2188,
    "codec_work": 417
  }
}
