000000000000c000 T demo_drain
000000000000a710 T demo_e_interfaces__Counter_field_value_get
000000000000a7d0 T demo_e_interfaces__Counter_field_value_set
000000000000a8b0 T demo_e_interfaces__Counter_method_bump
000000000000ac60 T demo_e_interfaces__Counter_method_reader
000000000000add0 T demo_e_interfaces__Counter_new
0000000000009410 T demo_e_interfaces__Payload_box
00000000000096e0 T demo_e_interfaces__Payload_field_count_get
00000000000096f0 T demo_e_interfaces__Payload_field_count_set
0000000000009640 T demo_e_interfaces__Payload_field_text_get
0000000000009690 T demo_e_interfaces__Payload_field_text_set
0000000000009590 T demo_e_interfaces__Payload_unbox
0000000000009a40 T demo_e_interfaces__add
00000000000099a0 T demo_e_interfaces__add_get
000000000000b5a0 T demo_e_interfaces__arrayTotal
000000000000b500 T demo_e_interfaces__arrayTotal_get
000000000000a390 T demo_e_interfaces__callProvider
000000000000a2f0 T demo_e_interfaces__callProvider_get
000000000000a620 T demo_e_interfaces__closure
000000000000a580 T demo_e_interfaces__closure_get
00000000000098b0 T demo_e_interfaces__current
00000000000097b0 T demo_e_interfaces__current_get
0000000000009fe0 T demo_e_interfaces__decorate
0000000000009f40 T demo_e_interfaces__decorate_get
000000000000b070 T demo_e_interfaces__doubled
000000000000afd0 T demo_e_interfaces__doubled_get
000000000000b790 T demo_e_interfaces__fail
000000000000b6f0 T demo_e_interfaces__fail_get
0000000000009e20 T demo_e_interfaces__greeting
0000000000009d80 T demo_e_interfaces__greeting_get
000000000000a1c0 T demo_e_interfaces__identity
000000000000a120 T demo_e_interfaces__identity_get
000000000000b630 T demo_e_interfaces__labels_get
000000000000b1a0 T demo_e_interfaces__numbers
000000000000b100 T demo_e_interfaces__numbers_get
0000000000009cc0 T demo_e_interfaces__remember
0000000000009c20 T demo_e_interfaces__remember_get
0000000000009ba0 T demo_e_interfaces__replace
0000000000009b00 T demo_e_interfaces__replace_get
000000000000a4f0 T demo_e_interfaces__sameProvider
000000000000a450 T demo_e_interfaces__sameProvider_get
0000000000009700 T demo_e_interfaces__total_get
000000000000b440 T demo_e_interfaces__values_get
000000000000b3b0 T demo_e_interfaces__waitFor
000000000000b310 T demo_e_interfaces__waitFor_get
000000000000b810 T demo_initialize
00000000000088f0 T demo_ls_native_array_get
0000000000008880 T demo_ls_native_array_length
0000000000008780 T demo_ls_native_array_new
0000000000008ac0 T demo_ls_native_array_set
0000000000005f50 T demo_ls_native_collect_cycles
00000000000031c0 T demo_ls_native_exception_pending
0000000000008250 T demo_ls_native_exception_raise
0000000000008360 T demo_ls_native_exception_take
00000000000092f0 T demo_ls_native_generator_close
0000000000009110 T demo_ls_native_generator_next
00000000000083b0 T demo_ls_native_new_identity
00000000000083a0 T demo_ls_native_owned_objects
00000000000084c0 T demo_ls_native_record_get
00000000000083e0 T demo_ls_native_record_new
0000000000008690 T demo_ls_native_record_set
0000000000003260 T demo_ls_native_release
00000000000031e0 T demo_ls_native_retain
0000000000008d00 T demo_ls_native_task_new
0000000000008e60 T demo_ls_native_task_reject
0000000000008de0 T demo_ls_native_task_resolve
0000000000008f70 T demo_ls_native_task_result
0000000000008ef0 T demo_ls_native_task_state
0000000000008140 T demo_ls_string_from_utf16
000000000000c390 T demo_shutdown
000000000000c6d0 T host_provider
