{
  "schema": 1,
  "backend": "semantic",
  "source_sha256": "756e2c930ea5cd4b8e8a1ad4eebc31e56e4819140ca26b3376c1d2f208ef8a8e",
  "request": {
    "target": "Native",
    "preserve_root_exports": false,
    "logical_work": 200000000,
    "retained_bytes": 256000000,
    "effective_logical_work": 200000000,
    "effective_retained_bytes": 256000000
  },
  "inputs": {
    "root": 0,
    "modules": [
      {
        "path": "/home/azureuser/lilscript/tests/cases/01_constants.lil",
        "bytes": 62,
        "sha256": "eb900b6a1b80d0bd96c4d27dfdd199d7da1c4e85cf041627b3e27e65efe5ee39",
        "dependencies": [],
        "dynamic_dependencies": []
      }
    ]
  },
  "shape": {
    "modules": 1,
    "units": 1,
    "operations": 19,
    "cells": 0
  },
  "javascript_policy": null,
  "native_policy": {
    "schema": 2,
    "algorithm": 1,
    "contract": {
      "target": "native",
      "abi_version": 1
    },
    "objective": null,
    "effort": 0,
    "tactics": [
      {
        "id": "dead-code-elimination",
        "state": {
          "permission": "auto",
          "enabled": false
        }
      },
      {
        "id": "constant-folding",
        "state": {
          "permission": "auto",
          "enabled": false
        }
      },
      {
        "id": "inlining",
        "state": {
          "permission": "auto",
          "enabled": false
        }
      },
      {
        "id": "scalar-replacement",
        "state": {
          "permission": "auto",
          "enabled": false
        }
      },
      {
        "id": "call-specialization",
        "state": {
          "permission": "auto",
          "enabled": false
        }
      },
      {
        "id": "helper-sharing",
        "state": {
          "permission": "auto",
          "enabled": false
        }
      },
      {
        "id": "target-compaction",
        "state": {
          "permission": "auto",
          "enabled": false
        }
      },
      {
        "id": "identifier-mangling",
        "state": {
          "permission": "auto",
          "enabled": false
        }
      },
      {
        "id": "property-mangling",
        "state": {
          "permission": "auto",
          "enabled": false
        }
      },
      {
        "id": "string-pooling",
        "state": {
          "permission": "auto",
          "enabled": false
        }
      },
      {
        "id": "string-array-packing",
        "state": {
          "permission": "auto",
          "enabled": false
        }
      },
      {
        "id": "startup-reconstruction",
        "state": {
          "permission": "auto",
          "enabled": false
        }
      },
      {
        "id": "recurring-reconstruction",
        "state": {
          "permission": "auto",
          "enabled": false
        }
      },
      {
        "id": "naming-search",
        "state": {
          "permission": "auto",
          "enabled": false
        }
      }
    ],
    "resources": {
      "logical_work": null,
      "retained_bytes": null,
      "wall_time_ms": null
    },
    "constraints": {
      "max_startup_work": null,
      "max_recurring_work": null,
      "max_runtime_memory_bytes": null,
      "max_performance_regression_percent": null
    }
  },
  "artifacts": [],
  "winners": [
    null,
    null,
    null
  ],
  "native_sha256": "75cdb9a2333fb517b0405abf9b8ac9a325d70d4b0d037d9cdbe3a2ec00588f5e",
  "native_delivery": {
    "c_bytes": 4371,
    "header_bytes": 0,
    "scope": "C and host-header delivery, not linked executable bytes"
  },
  "phases_ns": {
    "policy_ns": 372826,
    "discovery_ns": 289070,
    "parse_ns": 52698,
    "check_ns": 126216,
    "convert_ns": 180537,
    "frontend_release_ns": 8435,
    "adopt_ns": 84507,
    "native_ns": 155059
  },
  "first_artifact_ns": 1414451,
  "total_ns": 1948619,
  "search": null,
  "resources": {
    "baseline_work": 7259,
    "optional_work": 0,
    "codec_work": 0,
    "peak_retained_bytes": 16431,
    "retained_bytes_after_handoff": 0,
    "frontend_logical_work": 187,
    "frontend_allocation_accounting": "not-yet-instrumented",
    "deadline": "cooperative; checked between frontend phases and within admitted backend work",
    "scope": "admitted semantic/target/codec storage; frontend allocations, caller configuration I/O, returned buffers and process RSS are separate"
  }
}
