{
  "schema": 1,
  "backend": "semantic",
  "source_sha256": "4926791a78a63ba436389584aa15c09bf499f0fa356c4e67e0dd9fdd706ba9d9",
  "request": {
    "target": "Native",
    "preserve_root_exports": false,
    "logical_work": 200000000,
    "retained_bytes": 256000000,
    "effective_logical_work": 200000000,
    "effective_retained_bytes": 256000000
  },
  "inputs": {
    "root": 0,
    "modules": [
      {
        "path": "/home/azureuser/lilscript/tests/cases/22_shadowing.lil",
        "bytes": 66,
        "sha256": "022124793512a8b435da84cadcbc489f8b3772304bd12bed818b299a022dda5f",
        "dependencies": [],
        "dynamic_dependencies": []
      }
    ]
  },
  "shape": {
    "modules": 1,
    "units": 1,
    "operations": 11,
    "cells": 2
  },
  "javascript_policy": null,
  "native_policy": {
    "schema": 2,
    "algorithm": 1,
    "contract": {
      "target": "native",
      "abi_version": 1
    },
    "objective": null,
    "effort": 0,
    "tactics": [
      {
        "id": "dead-code-elimination",
        "state": {
          "permission": "auto",
          "enabled": false
        }
      },
      {
        "id": "constant-folding",
        "state": {
          "permission": "auto",
          "enabled": false
        }
      },
      {
        "id": "inlining",
        "state": {
          "permission": "auto",
          "enabled": false
        }
      },
      {
        "id": "scalar-replacement",
        "state": {
          "permission": "auto",
          "enabled": false
        }
      },
      {
        "id": "call-specialization",
        "state": {
          "permission": "auto",
          "enabled": false
        }
      },
      {
        "id": "helper-sharing",
        "state": {
          "permission": "auto",
          "enabled": false
        }
      },
      {
        "id": "target-compaction",
        "state": {
          "permission": "auto",
          "enabled": false
        }
      },
      {
        "id": "identifier-mangling",
        "state": {
          "permission": "auto",
          "enabled": false
        }
      },
      {
        "id": "property-mangling",
        "state": {
          "permission": "auto",
          "enabled": false
        }
      },
      {
        "id": "string-pooling",
        "state": {
          "permission": "auto",
          "enabled": false
        }
      },
      {
        "id": "string-array-packing",
        "state": {
          "permission": "auto",
          "enabled": false
        }
      },
      {
        "id": "startup-reconstruction",
        "state": {
          "permission": "auto",
          "enabled": false
        }
      },
      {
        "id": "recurring-reconstruction",
        "state": {
          "permission": "auto",
          "enabled": false
        }
      },
      {
        "id": "naming-search",
        "state": {
          "permission": "auto",
          "enabled": false
        }
      }
    ],
    "resources": {
      "logical_work": null,
      "retained_bytes": null,
      "wall_time_ms": null
    },
    "constraints": {
      "max_startup_work": null,
      "max_recurring_work": null,
      "max_runtime_memory_bytes": null,
      "max_performance_regression_percent": null
    }
  },
  "artifacts": [],
  "winners": [
    null,
    null,
    null
  ],
  "native_sha256": "33a83c6f2b02154a5c35b13d77992fed3d8b964b4148ae0c8379063b93f1ec93",
  "native_delivery": {
    "c_bytes": 2791,
    "header_bytes": 0,
    "scope": "C and host-header delivery, not linked executable bytes"
  },
  "phases_ns": {
    "policy_ns": 408162,
    "discovery_ns": 267369,
    "parse_ns": 45696,
    "check_ns": 130493,
    "convert_ns": 163335,
    "frontend_release_ns": 8216,
    "adopt_ns": 90650,
    "native_ns": 156903
  },
  "first_artifact_ns": 1406566,
  "total_ns": 1800592,
  "search": null,
  "resources": {
    "baseline_work": 5616,
    "optional_work": 0,
    "codec_work": 0,
    "peak_retained_bytes": 15533,
    "retained_bytes_after_handoff": 0,
    "frontend_logical_work": 199,
    "frontend_allocation_accounting": "not-yet-instrumented",
    "deadline": "cooperative; checked between frontend phases and within admitted backend work",
    "scope": "admitted semantic/target/codec storage; frontend allocations, caller configuration I/O, returned buffers and process RSS are separate"
  }
}
