{
  "schema": 1,
  "backend": "semantic",
  "source_sha256": "fbee40fef2068affbad2f73cef8e5e12803587500c99dc45ca1ac4b6cb2b7871",
  "request": {
    "target": "JavaScript",
    "preserve_root_exports": false,
    "logical_work": 200000000,
    "retained_bytes": 256000000,
    "effective_logical_work": 200000000,
    "effective_retained_bytes": 256000000
  },
  "inputs": {
    "root": 0,
    "modules": [
      {
        "path": "/home/azureuser/lilscript/tests/cases/24_global_mutation.lil",
        "bytes": 111,
        "sha256": "a613b239effac14070e4c5583eb668bc97439ac9a003cd639a3b27c04211f96d",
        "dependencies": [],
        "dynamic_dependencies": []
      }
    ]
  },
  "shape": {
    "modules": 1,
    "units": 2,
    "operations": 23,
    "cells": 2
  },
  "javascript_policy": {
    "schema": 2,
    "algorithm": 1,
    "contract": {
      "target": "javascript",
      "world": "ClosedApplication",
      "execution": "Script",
      "ecmascript": "es2022",
      "preserve_root_exports": false,
      "public_aggregate_abi": "Named",
      "preserve_extern_fields": true,
      "internal_exports_may_mangle": false,
      "public_function_spelling": "None",
      "pristine_builtins": false,
      "pure_property_reads": false,
      "strip_console": false,
      "preserved_properties": [],
      "owned_properties": "UnderscoreSuffix",
      "bundle_mode": "Single"
    },
    "objective": {
      "codec": "Brotli",
      "priority": "SizeFirst",
      "realistic_performance_limit_percent": 25,
      "optional_alternatives": 0,
      "optional_codec_probes": 0,
      "cleanup_finalists": 1,
      "retained_candidates": 1,
      "retained_candidate_bytes": 1,
      "beam_width": 1,
      "search": {
        "version": 6,
        "codec_schedule": "staged",
        "render_batch": 8,
        "diversity_interval": 4
      }
    },
    "effort": 13,
    "tactics": [
      {
        "id": "dead-code-elimination",
        "state": {
          "permission": "auto",
          "enabled": false
        }
      },
      {
        "id": "constant-folding",
        "state": {
          "permission": "auto",
          "enabled": false
        }
      },
      {
        "id": "inlining",
        "state": {
          "permission": "auto",
          "enabled": false
        }
      },
      {
        "id": "scalar-replacement",
        "state": {
          "permission": "auto",
          "enabled": false
        }
      },
      {
        "id": "call-specialization",
        "state": {
          "permission": "auto",
          "enabled": false
        }
      },
      {
        "id": "helper-sharing",
        "state": {
          "permission": "auto",
          "enabled": false
        }
      },
      {
        "id": "target-compaction",
        "state": {
          "permission": "auto",
          "enabled": true
        }
      },
      {
        "id": "identifier-mangling",
        "state": {
          "permission": "off",
          "enabled": false
        }
      },
      {
        "id": "property-mangling",
        "state": {
          "permission": "off",
          "enabled": false
        }
      },
      {
        "id": "string-pooling",
        "state": {
          "permission": "off",
          "enabled": false
        }
      },
      {
        "id": "string-array-packing",
        "state": {
          "permission": "auto",
          "enabled": true
        }
      },
      {
        "id": "startup-reconstruction",
        "state": {
          "permission": "auto",
          "enabled": false
        }
      },
      {
        "id": "recurring-reconstruction",
        "state": {
          "permission": "auto",
          "enabled": false
        }
      },
      {
        "id": "naming-search",
        "state": {
          "permission": "auto",
          "enabled": true
        }
      }
    ],
    "resources": {
      "logical_work": null,
      "retained_bytes": null,
      "wall_time_ms": null
    },
    "constraints": {
      "max_startup_work": null,
      "max_recurring_work": null,
      "max_runtime_memory_bytes": null,
      "max_performance_regression_percent": null
    }
  },
  "native_policy": null,
  "artifacts": [
    {
      "sha256": "6c7019942bc0197780cef76309f0ed4ac01856025edacd076cc960ab3320df05",
      "raw": 198,
      "gzip9": null,
      "brotli11": 103
    }
  ],
  "winners": [
    null,
    null,
    0
  ],
  "native_sha256": null,
  "native_delivery": null,
  "phases_ns": {
    "policy_ns": 508049,
    "discovery_ns": 255897,
    "parse_ns": 74650,
    "check_ns": 165789,
    "convert_ns": 209011,
    "frontend_release_ns": 8506,
    "adopt_ns": 110075,
    "javascript_ns": 4269290
  },
  "first_artifact_ns": 5653064,
  "total_ns": 6161153,
  "search": {
    "request": {
      "objectives": [
        "Brotli"
      ],
      "scalar": {
        "work": 2000000,
        "scratch_bytes": 4000000,
        "output_bytes": 2000000
      },
      "helper": {
        "work": 2000000,
        "scratch_bytes": 4000000,
        "output_bytes": 2000000
      },
      "string": {
        "work": 2000000,
        "scratch_bytes": 4000000,
        "output_bytes": 2000000
      },
      "local_facts": {
        "work": 1000000,
        "result_bytes": 512000
      },
      "facts_cache": {
        "entries": 128,
        "bytes": 16000000,
        "result_bytes": 512000
      }
    },
    "proposals": 0,
    "structures": 1,
    "renders": 1,
    "codec_probes": 0,
    "proof_queries": 0,
    "beam_evictions": 0,
    "admitted_artifacts": 1,
    "stop": null
  },
  "resources": {
    "baseline_work": 5444,
    "optional_work": 0,
    "codec_work": 257,
    "peak_retained_bytes": 772089,
    "retained_bytes_after_handoff": 0,
    "frontend_logical_work": 334,
    "frontend_allocation_accounting": "not-yet-instrumented",
    "deadline": "cooperative; checked between frontend phases and within admitted backend work",
    "scope": "admitted semantic/target/codec storage; frontend allocations, caller configuration I/O, returned buffers and process RSS are separate"
  }
}
