{
  "schema": 1,
  "backend": "semantic",
  "source_sha256": "3017fbb7afc103602681e81b2895c9738244f464e5a22d4e17ca3d66180b1ace",
  "request": {
    "target": "JavaScript",
    "preserve_root_exports": false,
    "logical_work": 200000000,
    "retained_bytes": 256000000,
    "effective_logical_work": 200000000,
    "effective_retained_bytes": 256000000
  },
  "inputs": {
    "root": 0,
    "modules": [
      {
        "path": "/home/azureuser/lilscript/tests/cases/28_integer_zero_division.lil",
        "bytes": 57,
        "sha256": "6e1cc405016093dd960f45b12788cfd96a36a2c644db3fec8c214316ff087536",
        "dependencies": [],
        "dynamic_dependencies": []
      }
    ]
  },
  "shape": {
    "modules": 1,
    "units": 1,
    "operations": 12,
    "cells": 1
  },
  "javascript_policy": {
    "schema": 2,
    "algorithm": 1,
    "contract": {
      "target": "javascript",
      "world": "ClosedApplication",
      "execution": "Script",
      "ecmascript": "es2022",
      "preserve_root_exports": false,
      "public_aggregate_abi": "Named",
      "preserve_extern_fields": true,
      "internal_exports_may_mangle": false,
      "public_function_spelling": "None",
      "pristine_builtins": false,
      "pure_property_reads": false,
      "strip_console": false,
      "preserved_properties": [],
      "owned_properties": "UnderscoreSuffix",
      "bundle_mode": "Single"
    },
    "objective": {
      "codec": "Brotli",
      "priority": "SizeFirst",
      "realistic_performance_limit_percent": 25,
      "optional_alternatives": 0,
      "optional_codec_probes": 0,
      "cleanup_finalists": 1,
      "retained_candidates": 1,
      "retained_candidate_bytes": 1,
      "beam_width": 1,
      "search": {
        "version": 6,
        "codec_schedule": "staged",
        "render_batch": 8,
        "diversity_interval": 4
      }
    },
    "effort": 13,
    "tactics": [
      {
        "id": "dead-code-elimination",
        "state": {
          "permission": "auto",
          "enabled": false
        }
      },
      {
        "id": "constant-folding",
        "state": {
          "permission": "auto",
          "enabled": false
        }
      },
      {
        "id": "inlining",
        "state": {
          "permission": "auto",
          "enabled": false
        }
      },
      {
        "id": "scalar-replacement",
        "state": {
          "permission": "auto",
          "enabled": false
        }
      },
      {
        "id": "call-specialization",
        "state": {
          "permission": "auto",
          "enabled": false
        }
      },
      {
        "id": "helper-sharing",
        "state": {
          "permission": "auto",
          "enabled": false
        }
      },
      {
        "id": "target-compaction",
        "state": {
          "permission": "auto",
          "enabled": true
        }
      },
      {
        "id": "identifier-mangling",
        "state": {
          "permission": "off",
          "enabled": false
        }
      },
      {
        "id": "property-mangling",
        "state": {
          "permission": "off",
          "enabled": false
        }
      },
      {
        "id": "string-pooling",
        "state": {
          "permission": "off",
          "enabled": false
        }
      },
      {
        "id": "string-array-packing",
        "state": {
          "permission": "auto",
          "enabled": true
        }
      },
      {
        "id": "startup-reconstruction",
        "state": {
          "permission": "auto",
          "enabled": false
        }
      },
      {
        "id": "recurring-reconstruction",
        "state": {
          "permission": "auto",
          "enabled": false
        }
      },
      {
        "id": "naming-search",
        "state": {
          "permission": "auto",
          "enabled": true
        }
      }
    ],
    "resources": {
      "logical_work": null,
      "retained_bytes": null,
      "wall_time_ms": null
    },
    "constraints": {
      "max_startup_work": null,
      "max_recurring_work": null,
      "max_runtime_memory_bytes": null,
      "max_performance_regression_percent": null
    }
  },
  "native_policy": null,
  "artifacts": [
    {
      "sha256": "90411b12bf6f255888b4ee51f22235beb0f6eda03a2d54889f6a33d1d1696bdc",
      "raw": 90,
      "gzip9": null,
      "brotli11": 62
    }
  ],
  "winners": [
    null,
    null,
    0
  ],
  "native_sha256": null,
  "native_delivery": null,
  "phases_ns": {
    "policy_ns": 502679,
    "discovery_ns": 227665,
    "parse_ns": 45535,
    "check_ns": 127428,
    "convert_ns": 150120,
    "frontend_release_ns": 8095,
    "adopt_ns": 82143,
    "javascript_ns": 3167894
  },
  "first_artifact_ns": 4363296,
  "total_ns": 4861477,
  "search": {
    "request": {
      "objectives": [
        "Brotli"
      ],
      "scalar": {
        "work": 2000000,
        "scratch_bytes": 4000000,
        "output_bytes": 2000000
      },
      "helper": {
        "work": 2000000,
        "scratch_bytes": 4000000,
        "output_bytes": 2000000
      },
      "string": {
        "work": 2000000,
        "scratch_bytes": 4000000,
        "output_bytes": 2000000
      },
      "local_facts": {
        "work": 1000000,
        "result_bytes": 512000
      },
      "facts_cache": {
        "entries": 128,
        "bytes": 16000000,
        "result_bytes": 512000
      }
    },
    "proposals": 0,
    "structures": 1,
    "renders": 1,
    "codec_probes": 0,
    "proof_queries": 0,
    "beam_evictions": 0,
    "admitted_artifacts": 1,
    "stop": null
  },
  "resources": {
    "baseline_work": 2945,
    "optional_work": 0,
    "codec_work": 148,
    "peak_retained_bytes": 763419,
    "retained_bytes_after_handoff": 0,
    "frontend_logical_work": 172,
    "frontend_allocation_accounting": "not-yet-instrumented",
    "deadline": "cooperative; checked between frontend phases and within admitted backend work",
    "scope": "admitted semantic/target/codec storage; frontend allocations, caller configuration I/O, returned buffers and process RSS are separate"
  }
}
