{
  "schema": 1,
  "backend": "semantic",
  "source_sha256": "d348bfc5c2b9464b0e76d461257d4efde840d4a34712f60d7917d959c4afcd12",
  "request": {
    "target": "Native",
    "preserve_root_exports": false,
    "logical_work": 200000000,
    "retained_bytes": 256000000,
    "effective_logical_work": 200000000,
    "effective_retained_bytes": 256000000
  },
  "inputs": {
    "root": 0,
    "modules": [
      {
        "path": "/home/azureuser/lilscript/tests/cases/function_subsumption.lil",
        "bytes": 938,
        "sha256": "41cb1c6580b89d01fa990511785ded5ccc0a7f6759128537eb0c5b427c156dee",
        "dependencies": [],
        "dynamic_dependencies": []
      }
    ]
  },
  "shape": {
    "modules": 1,
    "units": 7,
    "operations": 160,
    "cells": 18
  },
  "javascript_policy": null,
  "native_policy": {
    "schema": 2,
    "algorithm": 1,
    "contract": {
      "target": "native",
      "abi_version": 1
    },
    "objective": null,
    "effort": 0,
    "tactics": [
      {
        "id": "dead-code-elimination",
        "state": {
          "permission": "auto",
          "enabled": false
        }
      },
      {
        "id": "constant-folding",
        "state": {
          "permission": "auto",
          "enabled": false
        }
      },
      {
        "id": "inlining",
        "state": {
          "permission": "auto",
          "enabled": false
        }
      },
      {
        "id": "scalar-replacement",
        "state": {
          "permission": "auto",
          "enabled": false
        }
      },
      {
        "id": "call-specialization",
        "state": {
          "permission": "auto",
          "enabled": false
        }
      },
      {
        "id": "helper-sharing",
        "state": {
          "permission": "auto",
          "enabled": false
        }
      },
      {
        "id": "target-compaction",
        "state": {
          "permission": "auto",
          "enabled": false
        }
      },
      {
        "id": "identifier-mangling",
        "state": {
          "permission": "auto",
          "enabled": false
        }
      },
      {
        "id": "property-mangling",
        "state": {
          "permission": "auto",
          "enabled": false
        }
      },
      {
        "id": "string-pooling",
        "state": {
          "permission": "auto",
          "enabled": false
        }
      },
      {
        "id": "string-array-packing",
        "state": {
          "permission": "auto",
          "enabled": false
        }
      },
      {
        "id": "startup-reconstruction",
        "state": {
          "permission": "auto",
          "enabled": false
        }
      },
      {
        "id": "recurring-reconstruction",
        "state": {
          "permission": "auto",
          "enabled": false
        }
      },
      {
        "id": "naming-search",
        "state": {
          "permission": "auto",
          "enabled": false
        }
      }
    ],
    "resources": {
      "logical_work": null,
      "retained_bytes": null,
      "wall_time_ms": null
    },
    "constraints": {
      "max_startup_work": null,
      "max_recurring_work": null,
      "max_runtime_memory_bytes": null,
      "max_performance_regression_percent": null
    }
  },
  "artifacts": [],
  "winners": [
    null,
    null,
    null
  ],
  "native_sha256": "97015d8bed29f9c61b038334905951cd4746a0a8656799ef024ab29ccf246940",
  "native_delivery": {
    "c_bytes": 13489,
    "header_bytes": 0,
    "scope": "C and host-header delivery, not linked executable bytes"
  },
  "phases_ns": {
    "policy_ns": 422298,
    "discovery_ns": 584351,
    "parse_ns": 213178,
    "check_ns": 380010,
    "convert_ns": 516394,
    "frontend_release_ns": 12073,
    "adopt_ns": 298768,
    "native_ns": 738368
  },
  "first_artifact_ns": 3375111,
  "total_ns": 4089194,
  "search": null,
  "resources": {
    "baseline_work": 36878,
    "optional_work": 0,
    "codec_work": 0,
    "peak_retained_bytes": 77665,
    "retained_bytes_after_handoff": 0,
    "frontend_logical_work": 2815,
    "frontend_allocation_accounting": "not-yet-instrumented",
    "deadline": "cooperative; checked between frontend phases and within admitted backend work",
    "scope": "admitted semantic/target/codec storage; frontend allocations, caller configuration I/O, returned buffers and process RSS are separate"
  }
}
