{
  "schema": 1,
  "backend": "semantic",
  "source_sha256": "30778e05d61b13b70691dddb6dfa10d33eb355819a2b1efd844fc262ad4bbdd6",
  "request": {
    "target": "JavaScript",
    "preserve_root_exports": false,
    "logical_work": 200000000,
    "retained_bytes": 256000000,
    "effective_logical_work": 200000000,
    "effective_retained_bytes": 256000000
  },
  "inputs": {
    "root": 0,
    "modules": [
      {
        "path": "/home/azureuser/lilscript/tests/cases/integer_range_elision.lil",
        "bytes": 195,
        "sha256": "4b4671784a1ea4e13e203cd2f0e373596bf6d77b55c858462885d33bba32b791",
        "dependencies": [],
        "dynamic_dependencies": []
      }
    ]
  },
  "shape": {
    "modules": 1,
    "units": 1,
    "operations": 41,
    "cells": 4
  },
  "javascript_policy": {
    "schema": 2,
    "algorithm": 1,
    "contract": {
      "target": "javascript",
      "world": "ClosedApplication",
      "execution": "Script",
      "ecmascript": "es2022",
      "preserve_root_exports": false,
      "public_aggregate_abi": "Named",
      "preserve_extern_fields": true,
      "internal_exports_may_mangle": false,
      "public_function_spelling": "None",
      "pristine_builtins": false,
      "pure_property_reads": false,
      "strip_console": false,
      "preserved_properties": [],
      "owned_properties": "UnderscoreSuffix",
      "bundle_mode": "Single"
    },
    "objective": {
      "codec": "Brotli",
      "priority": "SizeFirst",
      "realistic_performance_limit_percent": 25,
      "optional_alternatives": 0,
      "optional_codec_probes": 0,
      "cleanup_finalists": 1,
      "retained_candidates": 1,
      "retained_candidate_bytes": 1,
      "beam_width": 1,
      "search": {
        "version": 6,
        "codec_schedule": "staged",
        "render_batch": 8,
        "diversity_interval": 4
      }
    },
    "effort": 13,
    "tactics": [
      {
        "id": "dead-code-elimination",
        "state": {
          "permission": "auto",
          "enabled": false
        }
      },
      {
        "id": "constant-folding",
        "state": {
          "permission": "auto",
          "enabled": false
        }
      },
      {
        "id": "inlining",
        "state": {
          "permission": "auto",
          "enabled": false
        }
      },
      {
        "id": "scalar-replacement",
        "state": {
          "permission": "auto",
          "enabled": false
        }
      },
      {
        "id": "call-specialization",
        "state": {
          "permission": "auto",
          "enabled": false
        }
      },
      {
        "id": "helper-sharing",
        "state": {
          "permission": "auto",
          "enabled": false
        }
      },
      {
        "id": "target-compaction",
        "state": {
          "permission": "auto",
          "enabled": true
        }
      },
      {
        "id": "identifier-mangling",
        "state": {
          "permission": "off",
          "enabled": false
        }
      },
      {
        "id": "property-mangling",
        "state": {
          "permission": "off",
          "enabled": false
        }
      },
      {
        "id": "string-pooling",
        "state": {
          "permission": "off",
          "enabled": false
        }
      },
      {
        "id": "string-array-packing",
        "state": {
          "permission": "auto",
          "enabled": true
        }
      },
      {
        "id": "startup-reconstruction",
        "state": {
          "permission": "auto",
          "enabled": false
        }
      },
      {
        "id": "recurring-reconstruction",
        "state": {
          "permission": "auto",
          "enabled": false
        }
      },
      {
        "id": "naming-search",
        "state": {
          "permission": "auto",
          "enabled": true
        }
      }
    ],
    "resources": {
      "logical_work": null,
      "retained_bytes": null,
      "wall_time_ms": null
    },
    "constraints": {
      "max_startup_work": null,
      "max_recurring_work": null,
      "max_runtime_memory_bytes": null,
      "max_performance_regression_percent": null
    }
  },
  "native_policy": null,
  "artifacts": [
    {
      "sha256": "35dac3e60440a2b1c4345242941b0387dc99907b397e5b34f28f2b9ff993176f",
      "raw": 249,
      "gzip9": null,
      "brotli11": 136
    }
  ],
  "winners": [
    null,
    null,
    0
  ],
  "native_sha256": null,
  "native_delivery": null,
  "phases_ns": {
    "policy_ns": 597275,
    "discovery_ns": 379939,
    "parse_ns": 124623,
    "check_ns": 271417,
    "convert_ns": 302034,
    "frontend_release_ns": 10609,
    "adopt_ns": 176670,
    "javascript_ns": 4565664
  },
  "first_artifact_ns": 6489456,
  "total_ns": 6990612,
  "search": {
    "request": {
      "objectives": [
        "Brotli"
      ],
      "scalar": {
        "work": 2000000,
        "scratch_bytes": 4000000,
        "output_bytes": 2000000
      },
      "helper": {
        "work": 2000000,
        "scratch_bytes": 4000000,
        "output_bytes": 2000000
      },
      "string": {
        "work": 2000000,
        "scratch_bytes": 4000000,
        "output_bytes": 2000000
      },
      "local_facts": {
        "work": 1000000,
        "result_bytes": 512000
      },
      "facts_cache": {
        "entries": 128,
        "bytes": 16000000,
        "result_bytes": 512000
      }
    },
    "proposals": 0,
    "structures": 1,
    "renders": 1,
    "codec_probes": 0,
    "proof_queries": 0,
    "beam_evictions": 0,
    "admitted_artifacts": 1,
    "stop": null
  },
  "resources": {
    "baseline_work": 7766,
    "optional_work": 0,
    "codec_work": 308,
    "peak_retained_bytes": 775188,
    "retained_bytes_after_handoff": 0,
    "frontend_logical_work": 586,
    "frontend_allocation_accounting": "not-yet-instrumented",
    "deadline": "cooperative; checked between frontend phases and within admitted backend work",
    "scope": "admitted semantic/target/codec storage; frontend allocations, caller configuration I/O, returned buffers and process RSS are separate"
  }
}
