{
  "schema": 1,
  "backend": "semantic",
  "source_sha256": "c0e108ce7b503f1c35c6d164ff79902c3c184163317e98f199eff7450c8b55bb",
  "request": {
    "target": "Native",
    "preserve_root_exports": false,
    "logical_work": 200000000,
    "retained_bytes": 256000000,
    "effective_logical_work": 200000000,
    "effective_retained_bytes": 256000000
  },
  "inputs": {
    "root": 0,
    "modules": [
      {
        "path": "/home/azureuser/lilscript/tests/cases/loop_carried_early_return.lil",
        "bytes": 202,
        "sha256": "7c5da4e424c1bfaec58cb50c30fdd15b8bda5145d5d8d48406529c8a8f1ecc42",
        "dependencies": [],
        "dynamic_dependencies": []
      }
    ]
  },
  "shape": {
    "modules": 1,
    "units": 2,
    "operations": 32,
    "cells": 3
  },
  "javascript_policy": null,
  "native_policy": {
    "schema": 2,
    "algorithm": 1,
    "contract": {
      "target": "native",
      "abi_version": 1
    },
    "objective": null,
    "effort": 0,
    "tactics": [
      {
        "id": "dead-code-elimination",
        "state": {
          "permission": "auto",
          "enabled": false
        }
      },
      {
        "id": "constant-folding",
        "state": {
          "permission": "auto",
          "enabled": false
        }
      },
      {
        "id": "inlining",
        "state": {
          "permission": "auto",
          "enabled": false
        }
      },
      {
        "id": "scalar-replacement",
        "state": {
          "permission": "auto",
          "enabled": false
        }
      },
      {
        "id": "call-specialization",
        "state": {
          "permission": "auto",
          "enabled": false
        }
      },
      {
        "id": "helper-sharing",
        "state": {
          "permission": "auto",
          "enabled": false
        }
      },
      {
        "id": "target-compaction",
        "state": {
          "permission": "auto",
          "enabled": false
        }
      },
      {
        "id": "identifier-mangling",
        "state": {
          "permission": "auto",
          "enabled": false
        }
      },
      {
        "id": "property-mangling",
        "state": {
          "permission": "auto",
          "enabled": false
        }
      },
      {
        "id": "string-pooling",
        "state": {
          "permission": "auto",
          "enabled": false
        }
      },
      {
        "id": "string-array-packing",
        "state": {
          "permission": "auto",
          "enabled": false
        }
      },
      {
        "id": "startup-reconstruction",
        "state": {
          "permission": "auto",
          "enabled": false
        }
      },
      {
        "id": "recurring-reconstruction",
        "state": {
          "permission": "auto",
          "enabled": false
        }
      },
      {
        "id": "naming-search",
        "state": {
          "permission": "auto",
          "enabled": false
        }
      }
    ],
    "resources": {
      "logical_work": null,
      "retained_bytes": null,
      "wall_time_ms": null
    },
    "constraints": {
      "max_startup_work": null,
      "max_recurring_work": null,
      "max_runtime_memory_bytes": null,
      "max_performance_regression_percent": null
    }
  },
  "artifacts": [],
  "winners": [
    null,
    null,
    null
  ],
  "native_sha256": "b1d0392dcdf8e3833e13bc6060afb96a0229f6fc742bb5960d19c54d7fbbbda5",
  "native_delivery": {
    "c_bytes": 3486,
    "header_bytes": 0,
    "scope": "C and host-header delivery, not linked executable bytes"
  },
  "phases_ns": {
    "policy_ns": 555236,
    "discovery_ns": 339193,
    "parse_ns": 84458,
    "check_ns": 189674,
    "convert_ns": 291044,
    "frontend_release_ns": 10119,
    "adopt_ns": 178584,
    "native_ns": 265296
  },
  "first_artifact_ns": 2100361,
  "total_ns": 2524162,
  "search": null,
  "resources": {
    "baseline_work": 7314,
    "optional_work": 0,
    "codec_work": 0,
    "peak_retained_bytes": 21505,
    "retained_bytes_after_handoff": 0,
    "frontend_logical_work": 607,
    "frontend_allocation_accounting": "not-yet-instrumented",
    "deadline": "cooperative; checked between frontend phases and within admitted backend work",
    "scope": "admitted semantic/target/codec storage; frontend allocations, caller configuration I/O, returned buffers and process RSS are separate"
  }
}
