"STRASSE İ FFI S J̌"
"straße i̇ ﬃ ſ ǰ"
"ΟΣ ΟΣΑ ΟΣ' ΟΣ'Α Σ Σ'Α ΆΣ́ ΆΣ́Α"
"ος οσα ος' οσ'α σ σ'α άς́ άσ́α"
"𐐀𐐀𞤀𞤀😀\ud800X\udc00"
"𐐨𐐨𞤢𞤢😀\ud800x\udc00"
"\u0000  "
"\u0000  "
""
""
true
2
true
3
false
0
true
2
true
1
false
0
true
1
7
true
8
false
0
true
2
true
9
1
9
1
-Infinity
-1
8
(?:)
true
0
true
0
"-\ud83d-\ude00-"
0
"-😀-"
"a\\/b\\n\\r\\u2028\\u2029"
dgimsuy
true
true
true
true
true
true
a\/b[+/=]c
[]\/[^/]
\/\n
\n
true
true
true
false
true
true
false
true
true
true
true
z$|ab|z|x|a|b|$3|a|a2|$0x
z<a><>x
ba: ba:
<b> <a>
$<value>
$<value
bbb
0
baa
99
aba
2
SyntaxError
SyntaxError
SyntaxError
SyntaxError
SyntaxError
text ownership passed
